Component: ARM Compiler 5.06 update 7 (build 960) Tool: armlink [4d3601]

==============================================================================

Section Cross References

    main.o(.text) refers to _printf_percent.o(.ARM.Collect$$_printf_percent$$00000000) for _printf_percent
    main.o(.text) refers to _printf_d.o(.ARM.Collect$$_printf_percent$$00000009) for _printf_d
    main.o(.text) refers to _printf_dec.o(.text) for _printf_int_dec
    main.o(.text) refers to _printf_s.o(.ARM.Collect$$_printf_percent$$00000014) for _printf_s
    main.o(.text) refers to _printf_str.o(.text) for _printf_str
    main.o(.text) refers to _printf_f.o(.ARM.Collect$$_printf_percent$$00000003) for _printf_f
    main.o(.text) refers to printf1.o(x$fpl$printf1) for _printf_fp_dec
    main.o(.text) refers to taskmanager.o(.text) for TaskManager_Delay(unsigned)
    main.o(.text) refers to stm32l1xx_rcc.o(.text) for RCC_AHBPeriphClockCmd
    main.o(.text) refers to stm32l1xx_gpio.o(.text) for GPIO_Init
    main.o(.text) refers to noretval__2sprintf.o(.text) for __2sprintf
    main.o(.text) refers to dap.o(.text) for dap_init
    main.o(.text) refers to strcpy.o(.text) for strcpy
    main.o(.text) refers to strcmpv7m.o(.text) for strcmp
    main.o(.text) refers to adc.o(.text) for ADC_Read(unsigned short)
    main.o(.text) refers to fflt_clz.o(x$fpl$ffltu) for __aeabi_ui2f
    main.o(.text) refers to fleqf.o(x$fpl$fleqf) for __aeabi_cfcmple
    main.o(.text) refers to main.o(.data) for TEST_GetID_MUTEX
    main.o(.text) refers to gpio.o(.constdata) for GPIO_PORTCLOCK
    main.o(.text) refers to gpio.o(.data) for GPIO_PORTSEL
    main.o(.text) refers to main.o(.constdata) for SAA_766_01_0207_02_v1_14021103
    main.o(.text) refers to frleqf.o(x$fpl$frleqf) for __aeabi_cfrcmple
    main.o(.text) refers to faddsub_clz.o(x$fpl$fsub) for __aeabi_fsub
    main.o(.text) refers to f2d.o(x$fpl$f2d) for __aeabi_f2d
    main.o(.text) refers to dmul.o(x$fpl$dmul) for __aeabi_dmul
    main.o(.text) refers to d2f.o(x$fpl$d2f) for __aeabi_d2f
    main.o(.text) refers to fmul.o(x$fpl$fmul) for __aeabi_fmul
    main.o(.text) refers to main.o(i._ZN16struct_ValueBool7DisableEv) for struct_ValueBool::Disable()
    main.o(.text) refers to main.o(i._ZN16struct_ValueBool6EnableEv) for struct_ValueBool::Enable()
    main.o(.text) refers to dleqf.o(x$fpl$dleqf) for __aeabi_cdcmple
    main.o(.text) refers to drleqf.o(x$fpl$drleqf) for __aeabi_cdrcmple
    main.o(.text) refers to uart.o(.text) for UART_Read_State_FIFO(unsigned char)
    main.o(.text) refers to rt_memcpy_w.o(.text) for __aeabi_memcpy4
    main.o(.text) refers to rt_memclr_w.o(.text) for __aeabi_memclr4
    main.o(.text) refers to main.o(.bss) for Test_7
    main.o(.text) refers to strcat.o(.text) for strcat
    main.o(.text) refers to pwm.o(.text) for PWM_Write(unsigned char, unsigned short, unsigned short)
    main.o(.text) refers to main.o(i._ZN16struct_ValueBool3GetEv) for struct_ValueBool::Get()
    main.o(.text) refers to strlen.o(.text) for strlen
    main.o(.text) refers to rtc.o(.text) for __init_RTC()
    main.o(.text) refers to wdt.o(.text) for __init_WDT()
    main.o(.text) refers to timer.o(.text) for __init_Timer()
    main.o(.text) refers to gpio.o(.text) for __init_GPIO()
    main.o(.text) refers to tasktimer.o(.text) for __init_TaskTimer()
    main.o(.text) refers to testbench.o(.text) for class_TestBench::Add(unsigned char*, void(*)(unsigned char*))
    main.o(.text) refers to ui.o(.text) for class_UI::Init(Media*)
    main.o(.text) refers to hal_cm3.o(.emb_text) for os_set_env
    main.o(.text) refers to main.o(i._ZN5MediaC2Ev) for Media::Media__sub_object()
    main.o(.text) refers to daddsub_clz.o(x$fpl$dsub) for __aeabi_dsub
    main.o(.text) refers to testbench.o(.bss) for TestBench
    main.o(.text) refers to ui.o(.data) for UI
    main.o(.text) refers to rt_task.o(i.rt_sys_init) for rt_sys_init
    main.o(.ARM.exidx) refers to main.o(.text) for .text
    main.o(.constdata) refers to lib_rtti_impl.o(.constdata__ZTVN10__cxxabiv121__vmi_class_type_infoE) for vtable for __cxxabiv1::__vmi_class_type_info
    main.o(.constdata) refers to main.o(.constdata__ZTSNUt0_Ut2_E) for typeinfo name for [unnamed type (instance 2)]::[unnamed type (instance 4)]
    main.o(.constdata) refers to main.o(.constdata__ZTI5Media) for typeinfo for Media
    main.o(.constdata) refers to main.o(.constdata__ZTSNUt0_Ut3_E) for typeinfo name for [unnamed type (instance 2)]::[unnamed type (instance 5)]
    main.o(.constdata) refers to main.o(.constdata__ZTSNUt0_Ut4_E) for typeinfo name for [unnamed type (instance 2)]::[unnamed type (instance 6)]
    main.o(.constdata) refers to main.o(.text) for [unnamed type (instance 2)]::[unnamed type (instance 4)]::Open()
    main.o(.init_array) refers to main.o(.text) for __sti___8_main_cpp_Test_7
    main.o(.init_array) refers to init_aeabi.o(.text) for __cpp_initialize__aeabi_
    testbench.o(.text) refers to new.o(i._Znwj) for operator new(unsigned)
[...]
    EXTI_StructInit                          0x0800872f   Thumb Code    16  stm32l1xx_exti.o(.text)
    EXTI_GenerateSWInterrupt                 0x0800873f   Thumb Code    16  stm32l1xx_exti.o(.text)
    EXTI_GetFlagStatus                       0x0800874f   Thumb Code    22  stm32l1xx_exti.o(.text)
    EXTI_ClearFlag                           0x08008765   Thumb Code     8  stm32l1xx_exti.o(.text)
    EXTI_GetITStatus                         0x0800876d   Thumb Code    34  stm32l1xx_exti.o(.text)
    EXTI_ClearITPendingBit                   0x0800878f   Thumb Code     8  stm32l1xx_exti.o(.text)
    IWDG_WriteAccessCmd                      0x080087a1   Thumb Code     6  stm32l1xx_iwdg.o(.text)
    IWDG_SetPrescaler                        0x080087a7   Thumb Code     6  stm32l1xx_iwdg.o(.text)
    IWDG_SetReload                           0x080087ad   Thumb Code     6  stm32l1xx_iwdg.o(.text)
    IWDG_ReloadCounter                       0x080087b3   Thumb Code    10  stm32l1xx_iwdg.o(.text)
    IWDG_Enable                              0x080087bd   Thumb Code    10  stm32l1xx_iwdg.o(.text)
    IWDG_GetFlagStatus                       0x080087c7   Thumb Code    20  stm32l1xx_iwdg.o(.text)
    PWR_DeInit                               0x080087e1   Thumb Code    22  stm32l1xx_pwr.o(.text)
    PWR_RTCAccessCmd                         0x080087f7   Thumb Code     6  stm32l1xx_pwr.o(.text)
    PWR_PVDLevelConfig                       0x080087fd   Thumb Code    18  stm32l1xx_pwr.o(.text)
    PWR_PVDCmd                               0x0800880f   Thumb Code     6  stm32l1xx_pwr.o(.text)
    PWR_WakeUpPinCmd                         0x08008815   Thumb Code    20  stm32l1xx_pwr.o(.text)
    PWR_FastWakeUpCmd                        0x08008829   Thumb Code     6  stm32l1xx_pwr.o(.text)
    PWR_UltraLowPowerCmd                     0x0800882f   Thumb Code     6  stm32l1xx_pwr.o(.text)
    PWR_VoltageScalingConfig                 0x08008835   Thumb Code    24  stm32l1xx_pwr.o(.text)
    PWR_EnterLowPowerRunMode                 0x0800884d   Thumb Code    50  stm32l1xx_pwr.o(.text)
    PWR_EnterSleepMode                       0x0800887f   Thumb Code    42  stm32l1xx_pwr.o(.text)
    PWR_EnterSTOPMode                        0x080088a9   Thumb Code    54  stm32l1xx_pwr.o(.text)
    PWR_EnterSTANDBYMode                     0x080088df   Thumb Code    42  stm32l1xx_pwr.o(.text)
    PWR_GetFlagStatus                        0x08008909   Thumb Code    20  stm32l1xx_pwr.o(.text)
    PWR_ClearFlag                            0x0800891d   Thumb Code    14  stm32l1xx_pwr.o(.text)
    FLASH_SetLatency                         0x08008939   Thumb Code    18  stm32l1xx_flash.o(.text)
    FLASH_PrefetchBufferCmd                  0x0800894b   Thumb Code    30  stm32l1xx_flash.o(.text)
    FLASH_ReadAccess64Cmd                    0x08008969   Thumb Code    30  stm32l1xx_flash.o(.text)
    FLASH_SLEEPPowerDownCmd                  0x08008987   Thumb Code    30  stm32l1xx_flash.o(.text)
    DATA_EEPROM_Unlock                       0x080089a5   Thumb Code    26  stm32l1xx_flash.o(.text)
    FLASH_Unlock                             0x080089bf   Thumb Code    32  stm32l1xx_flash.o(.text)
    FLASH_Lock                               0x080089df   Thumb Code    18  stm32l1xx_flash.o(.text)
    FLASH_GetStatus                          0x080089f1   Thumb Code    56  stm32l1xx_flash.o(.text)
    FLASH_WaitForLastOperation               0x08008a29   Thumb Code    38  stm32l1xx_flash.o(.text)
    FLASH_ErasePage                          0x08008a4f   Thumb Code    86  stm32l1xx_flash.o(.text)
    FLASH_FastProgramWord                    0x08008aa5   Thumb Code    34  stm32l1xx_flash.o(.text)
    DATA_EEPROM_Lock                         0x08008ac7   Thumb Code    18  stm32l1xx_flash.o(.text)
    DATA_EEPROM_FixedTimeProgramCmd          0x08008ad9   Thumb Code    38  stm32l1xx_flash.o(.text)
    DATA_EEPROM_EraseWord                    0x08008aff   Thumb Code    26  stm32l1xx_flash.o(.text)
    DATA_EEPROM_FastProgramWord              0x08008b19   Thumb Code    50  stm32l1xx_flash.o(.text)
    DATA_EEPROM_FastProgramByte              0x08008b4b   Thumb Code   108  stm32l1xx_flash.o(.text)
    DATA_EEPROM_FastProgramHalfWord          0x08008bb7   Thumb Code   136  stm32l1xx_flash.o(.text)
    DATA_EEPROM_ProgramByte                  0x08008c3f   Thumb Code    92  stm32l1xx_flash.o(.text)
    DATA_EEPROM_ProgramHalfWord              0x08008c9b   Thumb Code   120  stm32l1xx_flash.o(.text)
    DATA_EEPROM_ProgramWord                  0x08008d13   Thumb Code    54  stm32l1xx_flash.o(.text)
    FLASH_OB_Unlock                          0x08008d49   Thumb Code    30  stm32l1xx_flash.o(.text)
    FLASH_OB_Lock                            0x08008d67   Thumb Code    14  stm32l1xx_flash.o(.text)
    FLASH_OB_Launch                          0x08008d75   Thumb Code    14  stm32l1xx_flash.o(.text)
    FLASH_OB_WRPConfig                       0x08008d83   Thumb Code   142  stm32l1xx_flash.o(.text)
    FLASH_OB_RDPConfig                       0x08008e11   Thumb Code    48  stm32l1xx_flash.o(.text)
    FLASH_OB_UserConfig                      0x08008e41   Thumb Code    94  stm32l1xx_flash.o(.text)
    FLASH_OB_BORConfig                       0x08008e9f   Thumb Code    66  stm32l1xx_flash.o(.text)
    FLASH_OB_GetUser                         0x08008ee1   Thumb Code    12  stm32l1xx_flash.o(.text)
    FLASH_OB_GetWRP                          0x08008eed   Thumb Code     8  stm32l1xx_flash.o(.text)
    FLASH_OB_GetRDP                          0x08008ef5   Thumb Code    22  stm32l1xx_flash.o(.text)
    FLASH_OB_GetBOR                          0x08008f0b   Thumb Code    12  stm32l1xx_flash.o(.text)
    FLASH_ITConfig                           0x08008f17   Thumb Code    26  stm32l1xx_flash.o(.text)
    FLASH_GetFlagStatus                      0x08008f31   Thumb Code    22  stm32l1xx_flash.o(.text)
    FLASH_ClearFlag                          0x08008f47   Thumb Code     8  stm32l1xx_flash.o(.text)
    SYSCFG_DeInit                            0x08008f61   Thumb Code    20  stm32l1xx_syscfg.o(.text)
    SYSCFG_RIDeInit                          0x08008f75   Thumb Code    28  stm32l1xx_syscfg.o(.text)
    SYSCFG_MemoryRemapConfig                 0x08008f91   Thumb Code     6  stm32l1xx_syscfg.o(.text)
    SYSCFG_USBPuCmd                          0x08008f97   Thumb Code    30  stm32l1xx_syscfg.o(.text)
    SYSCFG_EXTILineConfig                    0x08008fb5   Thumb Code    66  stm32l1xx_syscfg.o(.text)
    SYSCFG_RITIMSelect                       0x08008ff7   Thumb Code    18  stm32l1xx_syscfg.o(.text)
    SYSCFG_RITIMInputCaptureConfig           0x08009009   Thumb Code    86  stm32l1xx_syscfg.o(.text)
    SYSCFG_RIResistorConfig                  0x0800905f   Thumb Code    34  stm32l1xx_syscfg.o(.text)
    SYSCFG_RIIOSwitchConfig                  0x08009081   Thumb Code    80  stm32l1xx_syscfg.o(.text)
    SYSCFG_RISwitchControlModeCmd            0x080090d1   Thumb Code    38  stm32l1xx_syscfg.o(.text)
    SYSCFG_RIHysteresisConfig                0x080090f7   Thumb Code   200  stm32l1xx_syscfg.o(.text)
    __user_libspace                          0x080091c9   Thumb Code     8  libspace.o(.text)
    __user_perproc_libspace                  0x080091c9   Thumb Code     0  libspace.o(.text)
    __2sprintf                               0x080091d1   Thumb Code    34  noretval__2sprintf.o(.text)
    _printf_str                              0x080091f9   Thumb Code    82  _printf_str.o(.text)
    _printf_int_dec                          0x0800924d   Thumb Code   104  _printf_dec.o(.text)
    __printf                                 0x080092c5   Thumb Code   270  __printf_wp.o(.text)
    strtok                                   0x080093d5   Thumb Code     6  strtok.o(.text)
    strcpy                                   0x080093e1   Thumb Code    72  strcpy.o(.text)
    strlen                                   0x08009429   Thumb Code    62  strlen.o(.text)
    strcat                                   0x08009467   Thumb Code    24  strcat.o(.text)
    __aeabi_memcpy4                          0x0800947f   Thumb Code     0  rt_memcpy_w.o(.text)
    __aeabi_memcpy8                          0x0800947f   Thumb Code     0  rt_memcpy_w.o(.text)
    __rt_memcpy_w                            0x0800947f   Thumb Code   100  rt_memcpy_w.o(.text)
    _memcpy_lastbytes_aligned                0x080094c7   Thumb Code     0  rt_memcpy_w.o(.text)
    __aeabi_memclr                           0x080094e3   Thumb Code     0  rt_memclr.o(.text)
    __rt_memclr                              0x080094e3   Thumb Code    68  rt_memclr.o(.text)
    _memset                                  0x080094e7   Thumb Code     0  rt_memclr.o(.text)
    __aeabi_memclr4                          0x08009527   Thumb Code     0  rt_memclr_w.o(.text)
    __aeabi_memclr8                          0x08009527   Thumb Code     0  rt_memclr_w.o(.text)
    __rt_memclr_w                            0x08009527   Thumb Code    78  rt_memclr_w.o(.text)
    _memset_w                                0x0800952b   Thumb Code     0  rt_memclr_w.o(.text)
    strcmp                                   0x08009575   Thumb Code   128  strcmpv7m.o(.text)
    __use_two_region_memory                  0x080095f5   Thumb Code     2  heapauxi.o(.text)
    __rt_heap_escrow                         0x080095f7   Thumb Code     2  heapauxi.o(.text)
    __rt_heap_expand                         0x080095f9   Thumb Code     2  heapauxi.o(.text)
    __cpp_initialize__aeabi_                 0x080095fd   Thumb Code    26  init_aeabi.o(.text)
    __rt_new_handler_addr                    0x08009621   Thumb Code    10  rt_new_handler_addr_twolibspace.o(.text)
    _malloc_internal                         0x08009633   Thumb Code   130  h1_alloc_mt.o(.text)
    malloc                                   0x080096b5   Thumb Code    20  h1_alloc_mt.o(.text)
    _printf_int_common                       0x080096c9   Thumb Code   178  _printf_intcommon.o(.text)
    __lib_sel_fp_printf                      0x0800977b   Thumb Code     2  _printf_fp_dec.o(.text)
    _printf_fp_dec_real                      0x0800992d   Thumb Code   620  _printf_fp_dec.o(.text)
    _printf_char_common                      0x08009ba3   Thumb Code    32  _printf_char_common.o(.text)
    _sputc                                   0x08009bc9   Thumb Code    10  _sputc.o(.text)
    _printf_cs_common                        0x08009bd3   Thumb Code    20  _printf_char.o(.text)
    _printf_char                             0x08009be7   Thumb Code    16  _printf_char.o(.text)
    _printf_string                           0x08009bf7   Thumb Code     8  _printf_char.o(.text)
    __rt_SIGPVFN                             0x08009bff   Thumb Code    14  defsig_pvfn_outer.o(.text)
    __strtok_internal                        0x08009c0d   Thumb Code    64  strtok_int.o(.text)
    __default_new_handler()                  0x08009c51   Thumb Code     4  arm_newhandler_noexceptions.o(.text)
    __rt_heap_descriptor                     0x08009c55   Thumb Code    10  rt_heap_descriptor_twolibspace.o(.text)
    __rt_locale                              0x08009c5f   Thumb Code    10  rt_locale_twolibspace.o(.text)
    __use_no_heap                            0x08009c69   Thumb Code     2  hguard.o(.text)
    __heap$guard                             0x08009c6b   Thumb Code     2  hguard.o(.text)
    _terminate_user_alloc                    0x08009c6d   Thumb Code     2  init_alloc.o(.text)
    _init_user_alloc                         0x08009c6f   Thumb Code     2  init_alloc.o(.text)
    __Heap_Full                              0x08009c71   Thumb Code    34  init_alloc.o(.text)
    __Heap_Broken                            0x08009c93   Thumb Code     6  init_alloc.o(.text)
    _init_alloc                              0x08009c99   Thumb Code    94  init_alloc.o(.text)
    __Heap_Initialize                        0x08009cf7   Thumb Code    14  h1_init_mt.o(.text)
    __Heap_DescSize                          0x08009d05   Thumb Code     4  h1_init_mt.o(.text)
    _free_internal                           0x08009d09   Thumb Code    98  h1_free_mt.o(.text)
    free                                     0x08009d6b   Thumb Code    20  h1_free_mt.o(.text)
    _ll_udiv10                               0x08009d7f   Thumb Code   138  lludiv10.o(.text)
    _printf_fp_infnan                        0x08009e09   Thumb Code   112  _printf_fp_infnan.o(.text)
    _btod_etento                             0x08009e89   Thumb Code   224  bigflt0.o(.text)
    __sig_exit                               0x08009f6d   Thumb Code    10  defsig_exit.o(.text)
    __rt_SIGPVFN_inner                       0x08009f79   Thumb Code    14  defsig_pvfn_inner.o(.text)
    strcspn                                  0x08009fa9   Thumb Code    32  strcspn.o(.text)
    strspn                                   0x08009fc9   Thumb Code    28  strspn.o(.text)
    std::terminate()                         0x08009fe5   Thumb Code    26  arm_exceptions_terminate.o(.text)
    __cxa_get_globals                        0x0800a007   Thumb Code    62  arm_exceptions_globs.o(.text)
    _sys_exit                                0x0800a051   Thumb Code     8  sys_exit.o(.text)
    __user_setup_stackheap                   0x0800a05d   Thumb Code    74  sys_stackheap_outer.o(.text)
    __rt_eh_globals_addr                     0x0800a0a7   Thumb Code    10  rt_eh_globals_addr_twolibspace.o(.text)
    __Heap_ProvideMemory                     0x0800a0b1   Thumb Code    62  h1_extend_mt.o(.text)
    exit                                     0x0800a0ef   Thumb Code    18  exit.o(.text)
    abort                                    0x0800a101   Thumb Code    22  abort.o(.text)
    __default_signal_display                 0x0800a117   Thumb Code    50  defsig_general.o(.text)
    __rt_SIGRTMEM                            0x0800a149   Thumb Code    14  defsig_rtmem_outer.o(.text)
    __ARM_exceptions_buffer_init             0x0800a157   Thumb Code    18  arm_exceptions_mem.o(.text)
    __ARM_exceptions_buffer_allocate         0x0800a169   Thumb Code    22  arm_exceptions_mem.o(.text)
    __ARM_exceptions_buffer_free             0x0800a17f   Thumb Code    20  arm_exceptions_mem.o(.text)
    _ttywrch                                 0x0800a193   Thumb Code    14  sys_wrch.o(.text)
    __I$use$semihosting                      0x0800a1a1   Thumb Code     0  use_no_semi.o(.text)
    __use_no_semihosting_swi                 0x0800a1a1   Thumb Code     2  use_no_semi.o(.text)
    __rt_SIGABRT                             0x0800a1a3   Thumb Code    14  defsig_abrt_outer.o(.text)
    __semihosting_library_function           0x0800a1a3   Thumb Code     0  indicate_semi.o(.text)
    __rt_SIGRTMEM_inner                      0x0800a1b1   Thumb Code    22  defsig_rtmem_inner.o(.text)
    __rt_SIGABRT_inner                       0x0800a201   Thumb Code    14  defsig_abrt_inner.o(.text)
    _btod_d2e                                0x0800a231   Thumb Code    62  btod.o(CL$$btod_d2e)
    _d2e_denorm_low                          0x0800a26f   Thumb Code    70  btod.o(CL$$btod_d2e_denorm_low)
    _d2e_norm_op1                            0x0800a2b5   Thumb Code    96  btod.o(CL$$btod_d2e_norm_op1)
    __btod_div_common                        0x0800a315   Thumb Code   696  btod.o(CL$$btod_div_common)
    _e2e                                     0x0800a64d   Thumb Code   220  btod.o(CL$$btod_e2e)
    _btod_ediv                               0x0800a729   Thumb Code    42  btod.o(CL$$btod_ediv)
    _btod_emul                               0x0800a753   Thumb Code    42  btod.o(CL$$btod_emul)
    __btod_mult_common                       0x0800a77d   Thumb Code   580  btod.o(CL$$btod_mult_common)
    SVC_Count                                0x0800a9c0   Data           4  SVC_Table.o(SVC_TABLE)
    SVC_Table                                0x0800a9c4   Data           0  SVC_Table.o(SVC_TABLE)
    struct_GPIO::struct_Input::GetAddrFun()  0x0800a9c5   Thumb Code     6  gpio.o(i._ZN11struct_GPIO12struct_Input10GetAddrFunEv)
    struct_GPIO::struct_Input::RunAddrFun()  0x0800a9cb   Thumb Code    10  gpio.o(i._ZN11struct_GPIO12struct_Input10RunAddrFunEv)
    struct_GPIO::struct_Input::SetAddrFun(void(*)()) 0x0800a9d5   Thumb Code     4  gpio.o(i._ZN11struct_GPIO12struct_Input10SetAddrFunEPFvvE)
    struct_GPIO::struct_Input::GetAddrValue() 0x0800a9d9   Thumb Code     6  gpio.o(i._ZN11struct_GPIO12struct_Input12GetAddrValueEv)
    struct_GPIO::struct_Input::GetFeedValue() 0x0800a9df   Thumb Code     6  gpio.o(i._ZN11struct_GPIO12struct_Input12GetFeedValueEv)
    struct_GPIO::struct_Input::SetAddrValue(bool*) 0x0800a9e5   Thumb Code     4  gpio.o(i._ZN11struct_GPIO12struct_Input12SetAddrValueEPb)
    struct_GPIO::struct_Input::SetFeedValue(bool) 0x0800a9e9   Thumb Code     4  gpio.o(i._ZN11struct_GPIO12struct_Input12SetFeedValueEb)
    struct_GPIO::struct_Input::GetPin()      0x0800a9ed   Thumb Code     6  gpio.o(i._ZN11struct_GPIO12struct_Input6GetPinEv)
    struct_GPIO::struct_Input::SetPin(unsigned char) 0x0800a9f3   Thumb Code     4  gpio.o(i._ZN11struct_GPIO12struct_Input6SetPinEh)
    struct_GPIO::struct_Input::GetEdge()     0x0800a9f7   Thumb Code     6  gpio.o(i._ZN11struct_GPIO12struct_Input7GetEdgeEv)
    struct_GPIO::struct_Input::GetPort()     0x0800a9fd   Thumb Code     6  gpio.o(i._ZN11struct_GPIO12struct_Input7GetPortEv)
    struct_GPIO::struct_Input::SetEdge(unsigned char) 0x0800aa03   Thumb Code     4  gpio.o(i._ZN11struct_GPIO12struct_Input7SetEdgeEh)
    struct_GPIO::struct_Input::SetPort(unsigned char) 0x0800aa07   Thumb Code     4  gpio.o(i._ZN11struct_GPIO12struct_Input7SetPortEh)
    struct_GPIO::struct_Input::SetByInt(bool) 0x0800aa0b   Thumb Code     4  gpio.o(i._ZN11struct_GPIO12struct_Input8SetByIntEb)
    struct_GPIO::struct_Input::struct_Input() 0x0800aa0f   Thumb Code    70  gpio.o(i._ZN11struct_GPIO12struct_InputC1Ev)
    struct_GPIO::struct_Input::struct_Input__sub_object() 0x0800aa0f   Thumb Code     0  gpio.o(i._ZN11struct_GPIO12struct_InputC1Ev)
    struct_GPIO::GetNumOfInput()             0x0800aa55   Thumb Code     8  gpio.o(i._ZN11struct_GPIO13GetNumOfInputEv)
    struct_GPIO::struct_Output::SetAddrValue(bool*) 0x0800aa5d   Thumb Code     4  gpio.o(i._ZN11struct_GPIO13struct_Output12SetAddrValueEPb)
    struct_GPIO::struct_Output::SetFeedValue(bool) 0x0800aa61   Thumb Code     4  gpio.o(i._ZN11struct_GPIO13struct_Output12SetFeedValueEb)
    struct_GPIO::struct_Output::SetPin(unsigned char) 0x0800aa65   Thumb Code     4  gpio.o(i._ZN11struct_GPIO13struct_Output6SetPinEh)
    struct_GPIO::struct_Output::GetPort()    0x0800aa69   Thumb Code     6  gpio.o(i._ZN11struct_GPIO13struct_Output7GetPortEv)
    struct_GPIO::struct_Output::SetPort(unsigned char) 0x0800aa6f   Thumb Code     4  gpio.o(i._ZN11struct_GPIO13struct_Output7SetPortEh)
    struct_GPIO::struct_Output::struct_Output() 0x0800aa73   Thumb Code    46  gpio.o(i._ZN11struct_GPIO13struct_OutputC1Ev)
    struct_GPIO::struct_Output::struct_Output__sub_object() 0x0800aa73   Thumb Code     0  gpio.o(i._ZN11struct_GPIO13struct_OutputC1Ev)
    struct_GPIO::GetNumOfOutput()            0x0800aaa1   Thumb Code     6  gpio.o(i._ZN11struct_GPIO14GetNumOfOutputEv)
    RTC_DateTime::struct_Date::GetDay()      0x0800aaa7   Thumb Code     6  datetype.o(i._ZN12RTC_DateTime11struct_Date6GetDayEv)
    RTC_DateTime::struct_Date::SetDay(int)   0x0800aaad   Thumb Code     4  datetype.o(i._ZN12RTC_DateTime11struct_Date6SetDayEi)
    RTC_DateTime::struct_Date::GetYear()     0x0800aab1   Thumb Code     6  datetype.o(i._ZN12RTC_DateTime11struct_Date7GetYearEv)
    RTC_DateTime::struct_Date::SetYear(int)  0x0800aab7   Thumb Code     4  datetype.o(i._ZN12RTC_DateTime11struct_Date7SetYearEi)
    RTC_DateTime::struct_Date::GetMonth()    0x0800aabb   Thumb Code     6  datetype.o(i._ZN12RTC_DateTime11struct_Date8GetMonthEv)
    RTC_DateTime::struct_Date::SetMonth(int) 0x0800aac1   Thumb Code     4  datetype.o(i._ZN12RTC_DateTime11struct_Date8SetMonthEi)
    RTC_DateTime::struct_Time::GetHour()     0x0800aac5   Thumb Code     6  rtc.o(i._ZN12RTC_DateTime11struct_Time7GetHourEv)
    RTC_DateTime::struct_Time::SetHour(int)  0x0800aacb   Thumb Code     4  datetype.o(i._ZN12RTC_DateTime11struct_Time7SetHourEi)
    RTC_DateTime::struct_Time::GetMinute()   0x0800aacf   Thumb Code     6  rtc.o(i._ZN12RTC_DateTime11struct_Time9GetMinuteEv)
    RTC_DateTime::struct_Time::GetSecond()   0x0800aad5   Thumb Code     6  rtc.o(i._ZN12RTC_DateTime11struct_Time9GetSecondEv)
    RTC_DateTime::struct_Time::SetMinute(int) 0x0800aadb   Thumb Code     4  rtc.o(i._ZN12RTC_DateTime11struct_Time9SetMinuteEi)
    RTC_DateTime::struct_Time::SetSecond(int) 0x0800aadf   Thumb Code     4  rtc.o(i._ZN12RTC_DateTime11struct_Time9SetSecondEi)
    RTC_DateTime::RTC_DateTime()             0x0800aae3   Thumb Code    16  rtc.o(i._ZN12RTC_DateTimeC1Ev)
    RTC_DateTime::RTC_DateTime__sub_object() 0x0800aae3   Thumb Code     0  rtc.o(i._ZN12RTC_DateTimeC1Ev)
    struct_TIMER::GetNumChannel()            0x0800aaf3   Thumb Code     6  timer.o(i._ZN12struct_TIMER13GetNumChannelEv)
    struct_TIMER::struct_Channel::IncreaseCount(unsigned long long) 0x0800aaf9   Thumb Code    16  timer.o(i._ZN12struct_TIMER14struct_Channel13IncreaseCountEy)
    struct_TIMER::struct_Channel::SetCallPeriod(void(*)()) 0x0800ab09   Thumb Code     4  timer.o(i._ZN12struct_TIMER14struct_Channel13SetCallPeriodEPFvvE)
    struct_TIMER::struct_Channel::GetDiff()  0x0800ab0d   Thumb Code     8  timer.o(i._ZN12struct_TIMER14struct_Channel7GetDiffEv)
    struct_TIMER::struct_Channel::SetDiff(unsigned long long) 0x0800ab15   Thumb Code     6  timer.o(i._ZN12struct_TIMER14struct_Channel7SetDiffEy)
    struct_TIMER::struct_Channel::GetCount() 0x0800ab1b   Thumb Code     8  timer.o(i._ZN12struct_TIMER14struct_Channel8GetCountEv)
    struct_TIMER::struct_Channel::SetCount(unsigned long long) 0x0800ab23   Thumb Code     6  timer.o(i._ZN12struct_TIMER14struct_Channel8SetCountEy)
    struct_TIMER::struct_Channel::GetPeriod() 0x0800ab29   Thumb Code     8  timer.o(i._ZN12struct_TIMER14struct_Channel9GetPeriodEv)
    struct_TIMER::struct_Channel::ResetDiff() 0x0800ab31   Thumb Code    16  timer.o(i._ZN12struct_TIMER14struct_Channel9ResetDiffEv)
    struct_TIMER::struct_Channel::SetEnable(bool) 0x0800ab41   Thumb Code     4  timer.o(i._ZN12struct_TIMER14struct_Channel9SetEnableEb)
    struct_TIMER::struct_Channel::SetPeriod(unsigned long long) 0x0800ab45   Thumb Code     6  timer.o(i._ZN12struct_TIMER14struct_Channel9SetPeriodEy)
    struct_TIMER::struct_Channel::struct_Channel() 0x0800ab4b   Thumb Code    66  timer.o(i._ZN12struct_TIMER14struct_ChannelC1Ev)
    struct_TIMER::struct_Channel::struct_Channel__sub_object() 0x0800ab4b   Thumb Code     0  timer.o(i._ZN12struct_TIMER14struct_ChannelC1Ev)
    struct_ValueBool::Get()                  0x0800ab8d   Thumb Code     6  main.o(i._ZN16struct_ValueBool3GetEv)
    struct_ValueBool::Set(bool)              0x0800ab93   Thumb Code     4  main.o(i._ZN16struct_ValueBool3SetEb)
    struct_ValueBool::Enable()               0x0800ab97   Thumb Code    14  main.o(i._ZN16struct_ValueBool6EnableEv)
    struct_ValueBool::Disable()              0x0800aba5   Thumb Code    14  main.o(i._ZN16struct_ValueBool7DisableEv)
    Media::Media__sub_object()               0x0800abb5   Thumb Code     6  main.o(i._ZN5MediaC2Ev)
    operator new(unsigned)                   0x0800abc1   Thumb Code    34  new.o(i._Znwj)
    __ARM_fpclassify                         0x0800abe9   Thumb Code    40  fpclassify.o(i.__ARM_fpclassify)
    __aeabi_vec_ctor_nocookie_nodtor         0x0800ac11   Thumb Code    36  aeabi_vec_ctor_nocookie_nodtor.o(i.__aeabi_vec_ctor_nocookie_nodtor)
    __cxa_pure_virtual                       0x0800ac35   Thumb Code     6  pure_virt.o(i.__cxa_pure_virtual)
    _init_box                                0x0800ac3b   Thumb Code    70  rt_membox.o(i._init_box)
    _is_digit                                0x0800ac81   Thumb Code    14  __printf_wp.o(i._is_digit)
    dbg_init                                 0x0800ac91   Thumb Code    34  hal_cm3.o(i.dbg_init)
    dbg_task_notify                          0x0800acc1   Thumb Code    32  hal_cm3.o(i.dbg_task_notify)
    dbg_task_switch                          0x0800ace1   Thumb Code    16  hal_cm3.o(i.dbg_task_switch)
    os_tick_init                             0x0800acf1   Thumb Code    32  rt_system.o(i.os_tick_init)
    os_tick_irqack                           0x0800ad19   Thumb Code     2  rt_system.o(i.os_tick_irqack)
    rt_alloc_box                             0x0800ad1b   Thumb Code    26  rt_membox.o(i.rt_alloc_box)
    rt_block                                 0x0800ad35   Thumb Code    48  rt_task.o(i.rt_block)
    rt_dec_dly                               0x0800ad6d   Thumb Code   106  rt_list.o(i.rt_dec_dly)
    rt_dispatch                              0x0800ade1   Thumb Code    60  rt_task.o(i.rt_dispatch)
    rt_dly_wait                              0x0800ae25   Thumb Code     6  rt_time.o(i.rt_dly_wait)
    rt_evt_psh                               0x0800ae2d   Thumb Code    72  rt_event.o(i.rt_evt_psh)
    rt_free_box                              0x0800ae79   Thumb Code    32  rt_membox.o(i.rt_free_box)
    rt_get_first                             0x0800ae99   Thumb Code    40  rt_list.o(i.rt_get_first)
    rt_init_stack                            0x0800af05   Thumb Code    70  hal_cm3.o(i.rt_init_stack)
    rt_mbx_psh                               0x0800af55   Thumb Code   188  rt_mailbox.o(i.rt_mbx_psh)
    rt_mut_init                              0x0800b015   Thumb Code    16  rt_mutex.o(i.rt_mut_init)
    rt_mut_release                           0x0800b025   Thumb Code   164  rt_mutex.o(i.rt_mut_release)
    rt_mut_wait                              0x0800b0d1   Thumb Code    96  rt_mutex.o(i.rt_mut_wait)
    rt_pop_req                               0x0800b135   Thumb Code   106  rt_system.o(i.rt_pop_req)
    rt_put_dly                               0x0800b1ad   Thumb Code    68  rt_list.o(i.rt_put_dly)
    rt_put_prio                              0x0800b1f5   Thumb Code    54  rt_list.o(i.rt_put_prio)
    rt_put_rdy_first                         0x0800b22d   Thumb Code    14  rt_list.o(i.rt_put_rdy_first)
    rt_resort_prio                           0x0800b241   Thumb Code    46  rt_list.o(i.rt_resort_prio)
    rt_rmv_dly                               0x0800b275   Thumb Code    40  rt_list.o(i.rt_rmv_dly)
    rt_rmv_list                              0x0800b29d   Thumb Code    44  rt_list.o(i.rt_rmv_list)
    rt_sem_psh                               0x0800b2cd   Thumb Code    46  rt_semaphore.o(i.rt_sem_psh)
    rt_stk_check                             0x0800b301   Thumb Code    28  rt_system.o(i.rt_stk_check)
    rt_switch_req                            0x0800b325   Thumb Code    30  rt_task.o(i.rt_switch_req)
    rt_sys_init                              0x0800b34d   Thumb Code   266  rt_task.o(i.rt_sys_init)
    rt_systick                               0x0800b4a5   Thumb Code    48  rt_system.o(i.rt_systick)
    rt_tmr_tick                              0x0800b4e1   Thumb Code    56  rt_timer.o(i.rt_tmr_tick)
    rt_tsk_create                            0x0800b521   Thumb Code   126  rt_task.o(i.rt_tsk_create)
    rt_tsk_delete                            0x0800b5b5   Thumb Code   162  rt_task.o(i.rt_tsk_delete)
    rt_tsk_self                              0x0800b671   Thumb Code    12  rt_task.o(i.rt_tsk_self)
    _get_lc_numeric                          0x0800b681   Thumb Code    44  lc_numeric_c.o(locale$$code)
    class_String<(int)512>::Reset()          0x0800b6ad   Thumb Code    16  tagbench.o(t._ZN12class_StringILi512EE5ResetEv)
    class_String<(int)64>::Reset()           0x0800b6bd   Thumb Code    14  tagbench.o(t._ZN12class_StringILi64EE5ResetEv)
    __aeabi_d2f                              0x0800b6cd   Thumb Code     0  d2f.o(x$fpl$d2f)
    _d2f                                     0x0800b6cd   Thumb Code    98  d2f.o(x$fpl$d2f)
    __aeabi_dadd                             0x0800b731   Thumb Code     0  daddsub_clz.o(x$fpl$dadd)
    _dadd                                    0x0800b731   Thumb Code   332  daddsub_clz.o(x$fpl$dadd)
    __fpl_dcmp_Inf                           0x0800b881   Thumb Code    24  dcmpi.o(x$fpl$dcmpinf)
    __aeabi_ddiv                             0x0800b899   Thumb Code     0  ddiv.o(x$fpl$ddiv)
    _ddiv                                    0x0800b899   Thumb Code   552  ddiv.o(x$fpl$ddiv)
    __aeabi_ul2d                             0x0800bb49   Thumb Code     0  dfltll_clz.o(x$fpl$dfltull)
    _ll_uto_d                                0x0800bb49   Thumb Code   138  dfltll_clz.o(x$fpl$dfltull)
    __aeabi_cdcmple                          0x0800bbd5   Thumb Code     0  dleqf.o(x$fpl$dleqf)
    _dcmple                                  0x0800bbd5   Thumb Code   120  dleqf.o(x$fpl$dleqf)
    __fpl_dcmple_InfNaN                      0x0800bc37   Thumb Code     0  dleqf.o(x$fpl$dleqf)
    __aeabi_dmul                             0x0800bc4d   Thumb Code     0  dmul.o(x$fpl$dmul)
    _dmul                                    0x0800bc4d   Thumb Code   332  dmul.o(x$fpl$dmul)
    __fpl_dnaninf                            0x0800bda1   Thumb Code   156  dnaninf.o(x$fpl$dnaninf)
    __fpl_dretinf                            0x0800be3d   Thumb Code    12  dretinf.o(x$fpl$dretinf)
    __aeabi_cdrcmple                         0x0800be49   Thumb Code     0  drleqf.o(x$fpl$drleqf)
    _drcmple                                 0x0800be49   Thumb Code   108  drleqf.o(x$fpl$drleqf)
    __aeabi_dsub                             0x0800beb5   Thumb Code     0  daddsub_clz.o(x$fpl$dsub)
    _dsub                                    0x0800beb5   Thumb Code   464  daddsub_clz.o(x$fpl$dsub)
    __aeabi_f2d                              0x0800c089   Thumb Code     0  f2d.o(x$fpl$f2d)
    _f2d                                     0x0800c089   Thumb Code    86  f2d.o(x$fpl$f2d)
    __aeabi_fadd                             0x0800c0e1   Thumb Code     0  faddsub_clz.o(x$fpl$fadd)
    _fadd                                    0x0800c0e1   Thumb Code   196  faddsub_clz.o(x$fpl$fadd)
    __fpl_fcmp_Inf                           0x0800c1a5   Thumb Code    24  fcmpi.o(x$fpl$fcmpinf)
    __aeabi_fdiv                             0x0800c1bd   Thumb Code     0  fdiv.o(x$fpl$fdiv)
    _fdiv                                    0x0800c1bd   Thumb Code   384  fdiv.o(x$fpl$fdiv)
    __aeabi_i2f                              0x0800c341   Thumb Code     0  fflt_clz.o(x$fpl$fflt)
    _fflt                                    0x0800c341   Thumb Code    48  fflt_clz.o(x$fpl$fflt)
    __aeabi_ul2f                             0x0800c371   Thumb Code     0  ffltll_clz.o(x$fpl$ffltll)
    _ll_uto_f                                0x0800c371   Thumb Code     6  ffltll_clz.o(x$fpl$ffltll)
    __aeabi_l2f                              0x0800c377   Thumb Code     0  ffltll_clz.o(x$fpl$ffltll)
    _ll_sto_f                                0x0800c377   Thumb Code    90  ffltll_clz.o(x$fpl$ffltll)
    __aeabi_ui2f                             0x0800c3d1   Thumb Code     0  fflt_clz.o(x$fpl$ffltu)
    _ffltu                                   0x0800c3d1   Thumb Code    38  fflt_clz.o(x$fpl$ffltu)
    __aeabi_cfcmple                          0x0800c3f9   Thumb Code     0  fleqf.o(x$fpl$fleqf)
    _fcmple                                  0x0800c3f9   Thumb Code   104  fleqf.o(x$fpl$fleqf)
    __fpl_fcmple_InfNaN                      0x0800c44b   Thumb Code     0  fleqf.o(x$fpl$fleqf)
    __aeabi_fmul                             0x0800c461   Thumb Code     0  fmul.o(x$fpl$fmul)
    _fmul                                    0x0800c461   Thumb Code   258  fmul.o(x$fpl$fmul)
    __fpl_fnaninf                            0x0800c563   Thumb Code   140  fnaninf.o(x$fpl$fnaninf)
    __fpl_fretinf                            0x0800c5ef   Thumb Code    10  fretinf.o(x$fpl$fretinf)
    __aeabi_cfrcmple                         0x0800c5f9   Thumb Code     0  frleqf.o(x$fpl$frleqf)
    _frcmple                                 0x0800c5f9   Thumb Code    98  frleqf.o(x$fpl$frleqf)
    __aeabi_fsub                             0x0800c65d   Thumb Code     0  faddsub_clz.o(x$fpl$fsub)
    _fsub                                    0x0800c65d   Thumb Code   234  faddsub_clz.o(x$fpl$fsub)
    __aeabi_d2ulz                            0x0800c749   Thumb Code     0  dfixull.o(x$fpl$llufromd)
    _ll_ufrom_d                              0x0800c749   Thumb Code   120  dfixull.o(x$fpl$llufromd)
    _printf_fp_dec                           0x0800c7c1   Thumb Code     4  printf1.o(x$fpl$printf1)
    __I$use$fp                               0x0800c7c4   Number         0  usenofp.o(x$fpl$usenofp)
    GPIO_PORTCLOCK                           0x080529fc   Data          32  gpio.o(.constdata)
    os_maxtaskrun                            0x08052a24   Data           2  rtx_conf_cm.o(.constdata)
    os_stackinfo                             0x08052a28   Data           4  rtx_conf_cm.o(.constdata)
    os_rrobin                                0x08052a2c   Data           4  rtx_conf_cm.o(.constdata)
    os_trv                                   0x08052a30   Data           4  rtx_conf_cm.o(.constdata)
    os_flags                                 0x08052a34   Data           1  rtx_conf_cm.o(.constdata)
    os_clockrate                             0x08052a38   Data           4  rtx_conf_cm.o(.constdata)
    os_timernum                              0x08052a3c   Data           4  rtx_conf_cm.o(.constdata)
    mp_tcb_size                              0x08052a40   Data           2  rtx_conf_cm.o(.constdata)
    mp_stk_size                              0x08052a44   Data           4  rtx_conf_cm.o(.constdata)
    os_fifo_size                             0x08052a48   Data           1  rtx_conf_cm.o(.constdata)
    mp_tmr_size                              0x08052a4a   Data           2  rtx_conf_cm.o(.constdata)
    typeinfo for Media                       0x08052ae0   Data           8  main.o(.constdata__ZTI5Media)
    typeinfo name for Media                  0x08052ae8   Data           7  main.o(.constdata__ZTS5Media)
    typeinfo name for [unnamed type (instance 2)]::[unnamed type (instance 4)] 0x08052aef   Data          11  main.o(.constdata__ZTSNUt0_Ut2_E)
    typeinfo name for [unnamed type (instance 2)]::[unnamed type (instance 5)] 0x08052afa   Data          11  main.o(.constdata__ZTSNUt0_Ut3_E)
    typeinfo name for [unnamed type (instance 2)]::[unnamed type (instance 6)] 0x08052b05   Data          11  main.o(.constdata__ZTSNUt0_Ut4_E)
    vtable for Media                         0x08052b10   Data          36  main.o(.constdata__ZTV5Media)
    vtable for __cxxabiv1::__class_type_info 0x08052b34   Data          16  lib_rtti_impl.o(.constdata__ZTVN10__cxxabiv117__class_type_infoE)
    vtable for __cxxabiv1::__vmi_class_type_info 0x08052b44   Data          16  lib_rtti_impl.o(.constdata__ZTVN10__cxxabiv121__vmi_class_type_infoE)
    Region$$Table$$Base                      0x08052b54   Number         0  anon$$obj.o(Region$$Table)
    Region$$Table$$Limit                     0x08052b74   Number         0  anon$$obj.o(Region$$Table)
    SHT$$INIT_ARRAY$$Base                    0x08052b90   Number         0  main.o(.init_array)
    SHT$$INIT_ARRAY$$Limit                   0x08052ba0   Number         0  init_aeabi.o(.init_array)
    General                                  0x20000000   Data           3  main.o(.data)
    TEST_GetID_MUTEX                         0x20000003   Data           1  main.o(.data)
    TEST_ID7_Counter_ZeroCross               0x20000004   Data           4  main.o(.data)
    UI                                       0x20000010   Data           4  ui.o(.data)
    HAL_GPIO_b                               0x20000018   Data           8  dap.o(.data)
    GPIO_PORTSEL                             0x20000024   Data          32  gpio.o(.data)
    UART1_WordLength_7b                      0x20000046   Data           1  uart.o(.data)
    UART2_WordLength_7b                      0x20000047   Data           1  uart.o(.data)
    UART3_WordLength_7b                      0x20000048   Data           1  uart.o(.data)
    UART4_WordLength_7b                      0x20000049   Data           1  uart.o(.data)
    UART5_WordLength_7b                      0x2000004a   Data           1  uart.o(.data)
    UART_TimerChannel                        0x2000004b   Data           1  uart.o(.data)
    UART_MutexHandleSendingChar              0x2000004c   Data           2  uart.o(.data)
    UART_MutexHandleSendingString            0x2000004e   Data           2  uart.o(.data)
    UART_MutexHandleReceiveChar              0x20000050   Data           2  uart.o(.data)
    UART_MutexHandleReceiveString            0x20000052   Data           2  uart.o(.data)
    UART_MutexHandleUpdateSetting            0x20000054   Data           2  uart.o(.data)
    UART_MutexHandleResetFIFO                0x20000056   Data           2  uart.o(.data)
    UART_MutexHandleReadStateFIFO            0x20000058   Data           2  uart.o(.data)
    UART_MutexHandleReceiveStringFIFO        0x2000005a   Data           2  uart.o(.data)
    WDT_BUZZER                               0x2000005c   Data           1  wdt.o(.data)
    WDT_LED                                  0x2000005d   Data           1  wdt.o(.data)
    RTC_Event                                0x20000060   Data           8  rtc.o(.data)
    Time_Refresh                             0x20000068   Data           8  taskmanager.o(.data)
    All_Proccess                             0x20000070   Data           8  taskmanager.o(.data)
    Task_Manager_Added                       0x20000078   Data           1  taskmanager.o(.data)
    Task_ID_running                          0x2000007c   Data           4  taskmanager.o(.data)
    Flag_Up_TaskTimer                        0x20000080   Data           1  tasktimer.o(.data)
    SystemCoreClock                          0x20000084   Data           4  system_stm32l1xx.o(.data)
    PLLMulTable                              0x20000088   Data           9  system_stm32l1xx.o(.data)
    AHBPrescTable                            0x20000091   Data          16  system_stm32l1xx.o(.data)
    m_tmr                                    0x200000a4   Data           4  rtx_conf_cm.o(.data)
    os_tsk                                   0x200000c8   Data           8  rt_task.o(.data)
    os_time                                  0x200000d0   Data           4  rt_time.o(.data)
    dbg_msg                                  0x200000d4   Data           1  hal_cm3.o(.data)
    os_tick_irqn                             0x200000dc   Data           4  rt_system.o(.data)
    os_tmr                                   0x200000e0   Data           8  rt_timer.o(.data)
    Test_7                                   0x200000f0   Data          28  main.o(.bss)
    TestBench                                0x20001110   Data        1864  testbench.o(.bss)
    GPIO                                     0x20002858   Data         320  gpio.o(.bss)
    Timer                                    0x20002d98   Data         208  timer.o(.bss)
    UART1_InitStructure                      0x20002e68   Data          16  uart.o(.bss)
    UART1_RING_BUFFER                        0x20002e78   Data         516  uart.o(.bss)
    UART2_InitStructure                      0x2000307c   Data          16  uart.o(.bss)
    UART2_RING_BUFFER                        0x2000308c   Data         516  uart.o(.bss)
    UART3_InitStructure                      0x20003290   Data          16  uart.o(.bss)
    UART3_RING_BUFFER                        0x200032a0   Data         516  uart.o(.bss)
    UART4_InitStructure                      0x200034a4   Data          16  uart.o(.bss)
    UART4_RING_BUFFER                        0x200034b4   Data         516  uart.o(.bss)
    UART5_InitStructure                      0x200036b8   Data          16  uart.o(.bss)
    UART5_RING_BUFFER                        0x200036c8   Data         516  uart.o(.bss)
    Task_Manager                             0x20003cd0   Data         448  taskmanager.o(.bss)
    TaskTimer                                0x20003e90   Data          64  tasktimer.o(.bss)
    mp_tcb                                   0x200040d0   Data         404  rtx_conf_cm.o(.bss)
    mp_stk                                   0x20004268   Data        1040  rtx_conf_cm.o(.bss)
    os_fifo                                  0x20004678   Data         132  rtx_conf_cm.o(.bss)
    os_active_TCB                            0x200046fc   Data          28  rtx_conf_cm.o(.bss)
    os_idle_TCB                              0x20004a38   Data          48  rt_task.o(.bss)
    os_rdy                                   0x20004a68   Data          24  rt_list.o(.bss)
    os_dly                                   0x20004a80   Data          24  rt_list.o(.bss)
    __libspace_start                         0x20004a98   Data          96  libspace.o(.bss)
    __temporary_stack_top$libspace           0x20004af8   Data           0  libspace.o(.bss)



==============================================================================

Memory Map of the image

  Image Entry point : 0x08000125

  Load Region LR_IROM1 (Base: 0x08000000, Size: 0x00052c8c, Max: 0x00060000, ABSOLUTE)

    Execution Region ER_IROM1 (Exec base: 0x08000000, Load base: 0x08000000, Size: 0x00052ba0, Max: 0x00060000, ABSOLUTE)

    Exec Addr    Load Addr    Size         Type   Attr      Idx    E Section Name        Object

    0x08000000   0x08000000   0x00000124   Data   RO         1315    RESET               startup_stm32l1xx_hd.o
    0x08000124   0x08000124   0x00000008   Code   RO         2272  * !!!main             c_w.l(__main.o)
    0x0800012c   0x0800012c   0x00000034   Code   RO         2888    !!!scatter          c_w.l(__scatter.o)
    0x08000160   0x08000160   0x0000001a   Code   RO         2890    !!handler_copy      c_w.l(__scatter_copy.o)
    0x0800017a   0x0800017a   0x00000002   PAD
    0x0800017c   0x0800017c   0x0000001c   Code   RO         2892    !!handler_zi        c_w.l(__scatter_zi.o)
    0x08000198   0x08000198   0x00000000   Code   RO         2252    .ARM.Collect$$_printf_percent$$00000000  c_w.l(_printf_percent.o)
    0x08000198   0x08000198   0x00000006   Code   RO         2251    .ARM.Collect$$_printf_percent$$00000003  c_w.l(_printf_f.o)
    0x0800019e   0x0800019e   0x00000006   Code   RO         2250    .ARM.Collect$$_printf_percent$$00000009  c_w.l(_printf_d.o)
    0x080001a4   0x080001a4   0x00000006   Code   RO         2249    .ARM.Collect$$_printf_percent$$00000014  c_w.l(_printf_s.o)
    0x080001aa   0x080001aa   0x00000004   Code   RO         2524    .ARM.Collect$$_printf_percent$$00000017  c_w.l(_printf_percent_end.o)
    0x080001ae   0x080001ae   0x00000002   Code   RO         2807    .ARM.Collect$$libinit$$00000000  c_w.l(libinit.o)
    0x080001b0   0x080001b0   0x00000000   Code   RO         2532    .ARM.Collect$$libinit$$00000002  c_w.l(libinit2.o)
    0x080001b0   0x080001b0   0x00000000   Code   RO         2534    .ARM.Collect$$libinit$$00000004  c_w.l(libinit2.o)
    0x080001b0   0x080001b0   0x00000008   Code   RO         2535    .ARM.Collect$$libinit$$00000005  c_w.l(libinit2.o)
    0x080001b8   0x080001b8   0x00000000   Code   RO         2537    .ARM.Collect$$libinit$$0000000A  c_w.l(libinit2.o)
    0x080001b8   0x080001b8   0x00000000   Code   RO         2539    .ARM.Collect$$libinit$$0000000C  c_w.l(libinit2.o)
    0x080001b8   0x080001b8   0x00000000   Code   RO         2541    .ARM.Collect$$libinit$$0000000E  c_w.l(libinit2.o)
    0x080001b8   0x080001b8   0x00000006   Code   RO         2542    .ARM.Collect$$libinit$$0000000F  c_w.l(libinit2.o)
    0x080001be   0x080001be   0x00000000   Code   RO         2544    .ARM.Collect$$libinit$$00000011  c_w.l(libinit2.o)
    0x080001be   0x080001be   0x00000000   Code   RO         2546    .ARM.Collect$$libinit$$00000013  c_w.l(libinit2.o)
    0x080001be   0x080001be   0x00000000   Code   RO         2548    .ARM.Collect$$libinit$$00000015  c_w.l(libinit2.o)
    0x080001be   0x080001be   0x0000000a   Code   RO         2549    .ARM.Collect$$libinit$$00000016  c_w.l(libinit2.o)
    0x080001c8   0x080001c8   0x00000000   Code   RO         2550    .ARM.Collect$$libinit$$00000017  c_w.l(libinit2.o)
    0x080001c8   0x080001c8   0x00000000   Code   RO         2552    .ARM.Collect$$libinit$$00000019  c_w.l(libinit2.o)
    0x080001c8   0x080001c8   0x00000000   Code   RO         2554    .ARM.Collect$$libinit$$0000001B  c_w.l(libinit2.o)
    0x080001c8   0x080001c8   0x00000000   Code   RO         2556    .ARM.Collect$$libinit$$0000001D  c_w.l(libinit2.o)
    0x080001c8   0x080001c8   0x00000000   Code   RO         2558    .ARM.Collect$$libinit$$0000001F  c_w.l(libinit2.o)
    0x080001c8   0x080001c8   0x00000000   Code   RO         2560    .ARM.Collect$$libinit$$00000021  c_w.l(libinit2.o)
    0x080001c8   0x080001c8   0x00000000   Code   RO         2562    .ARM.Collect$$libinit$$00000023  c_w.l(libinit2.o)
    0x080001c8   0x080001c8   0x00000000   Code   RO         2564    .ARM.Collect$$libinit$$00000025  c_w.l(libinit2.o)
    0x080001c8   0x080001c8   0x00000000   Code   RO         2568    .ARM.Collect$$libinit$$0000002C  c_w.l(libinit2.o)
    0x080001c8   0x080001c8   0x00000000   Code   RO         2570    .ARM.Collect$$libinit$$0000002E  c_w.l(libinit2.o)
    0x080001c8   0x080001c8   0x00000000   Code   RO         2572    .ARM.Collect$$libinit$$00000030  c_w.l(libinit2.o)
    0x080001c8   0x080001c8   0x00000004   Code   RO         2573    .ARM.Collect$$libinit$$00000031  c_w.l(libinit2.o)
    0x080001cc   0x080001cc   0x00000000   Code   RO         2574    .ARM.Collect$$libinit$$00000032  c_w.l(libinit2.o)
    0x080001cc   0x080001cc   0x00000002   Code   RO         2575    .ARM.Collect$$libinit$$00000033  c_w.l(libinit2.o)
    0x080001ce   0x080001ce   0x00000002   Code   RO         2885    .ARM.Collect$$libshutdown$$00000000  c_w.l(libshutdown.o)
    0x080001d0   0x080001d0   0x00000000   Code   RO         2866    .ARM.Collect$$libshutdown$$00000002  c_w.l(libshutdown2.o)
    0x080001d0   0x080001d0   0x00000000   Code   RO         2868    .ARM.Collect$$libshutdown$$00000004  c_w.l(libshutdown2.o)
    0x080001d0   0x080001d0   0x00000000   Code   RO         2870    .ARM.Collect$$libshutdown$$00000006  c_w.l(libshutdown2.o)
    0x080001d0   0x080001d0   0x00000000   Code   RO         2873    .ARM.Collect$$libshutdown$$00000009  c_w.l(libshutdown2.o)
    0x080001d0   0x080001d0   0x00000000   Code   RO         2876    .ARM.Collect$$libshutdown$$0000000C  c_w.l(libshutdown2.o)
    0x080001d0   0x080001d0   0x00000000   Code   RO         2878    .ARM.Collect$$libshutdown$$0000000E  c_w.l(libshutdown2.o)
    0x080001d0   0x080001d0   0x00000000   Code   RO         2881    .ARM.Collect$$libshutdown$$00000011  c_w.l(libshutdown2.o)
    0x080001d0   0x080001d0   0x00000002   Code   RO         2882    .ARM.Collect$$libshutdown$$00000012  c_w.l(libshutdown2.o)
    0x080001d2   0x080001d2   0x00000000   Code   RO         2450    .ARM.Collect$$rtentry$$00000000  c_w.l(__rtentry.o)
    0x080001d2   0x080001d2   0x00000000   Code   RO         2622    .ARM.Collect$$rtentry$$00000002  c_w.l(__rtentry2.o)
    0x080001d2   0x080001d2   0x00000006   Code   RO         2634    .ARM.Collect$$rtentry$$00000004  c_w.l(__rtentry4.o)
    0x080001d8   0x080001d8   0x00000000   Code   RO         2624    .ARM.Collect$$rtentry$$00000009  c_w.l(__rtentry2.o)
    0x080001d8   0x080001d8   0x00000004   Code   RO         2625    .ARM.Collect$$rtentry$$0000000A  c_w.l(__rtentry2.o)
    0x080001dc   0x080001dc   0x00000000   Code   RO         2627    .ARM.Collect$$rtentry$$0000000C  c_w.l(__rtentry2.o)
    0x080001dc   0x080001dc   0x00000008   Code   RO         2628    .ARM.Collect$$rtentry$$0000000D  c_w.l(__rtentry2.o)
    0x080001e4   0x080001e4   0x00000002   Code   RO         2826    .ARM.Collect$$rtexit$$00000000  c_w.l(rtexit.o)
    0x080001e6   0x080001e6   0x00000000   Code   RO         2841    .ARM.Collect$$rtexit$$00000002  c_w.l(rtexit2.o)
    0x080001e6   0x080001e6   0x00000004   Code   RO         2842    .ARM.Collect$$rtexit$$00000003  c_w.l(rtexit2.o)
    0x080001ea   0x080001ea   0x00000006   Code   RO         2843    .ARM.Collect$$rtexit$$00000004  c_w.l(rtexit2.o)
    0x080001f0   0x080001f0   0x0000000c   Code   RO         1200    .emb_text           taskmanager.o
    0x080001fc   0x080001fc   0x00000154   Code   RO         1799    .emb_text           RTX_CM3.lib(hal_cm3.o)
    0x08000350   0x08000350   0x00000000   Code   RO         2777    .emb_text           c_w.l(maybetermalloc1.o)
    0x08000350   0x08000350   0x000019a8   Code   RO            3    .text               main.o
    0x08001cf8   0x08001cf8   0x00000104   Code   RO          213    .text               testbench.o
    0x08001dfc   0x08001dfc   0x000000b8   Code   RO          262    .text               ui.o
    0x08001eb4   0x08001eb4   0x000003e8   Code   RO          298    .text               datetype.o
    0x0800229c   0x0800229c   0x00000120   Code   RO          403    .text               tagbench.o
    0x080023bc   0x080023bc   0x0000064c   Code   RO          460    .text               dap.o
    0x08002a08   0x08002a08   0x0000051c   Code   RO          529    .text               adc.o
    0x08002f24   0x08002f24   0x00000c48   Code   RO          570    .text               gpio.o
    0x08003b6c   0x08003b6c   0x000003f0   Code   RO          841    .text               timer.o
    0x08003f5c   0x08003f5c   0x000010ec   Code   RO          983    .text               uart.o
    0x08005048   0x08005048   0x00000118   Code   RO         1008    .text               wdt.o
    0x08005160   0x08005160   0x000001b8   Code   RO         1036    .text               pwm.o
    0x08005318   0x08005318   0x00000714   Code   RO         1094    .text               rtc.o
    0x08005a2c   0x08005a2c   0x00000378   Code   RO         1201    .text               taskmanager.o
    0x08005da4   0x08005da4   0x000001a4   Code   RO         1232    .text               tasktimer.o
    0x08005f48   0x08005f48   0x00000198   Code   RO         1270    .text               system_stm32l1xx.o
    0x080060e0   0x080060e0   0x00000040   Code   RO         1316    .text               startup_stm32l1xx_hd.o
    0x08006120   0x08006120   0x00000094   Code   RO         1320    .text               rtx_conf_cm.o
    0x080061b4   0x080061b4   0x000000dc   Code   RO         1352    .text               misc.o
    0x08006290   0x08006290   0x00000534   Code   RO         1375    .text               stm32l1xx_adc.o
    0x080067c4   0x080067c4   0x000001ec   Code   RO         1398    .text               stm32l1xx_gpio.o
    0x080069b0   0x080069b0   0x00000ae8   Code   RO         1418    .text               stm32l1xx_rtc.o
    0x08007498   0x08007498   0x000009da   Code   RO         1441    .text               stm32l1xx_tim.o
    0x08007e72   0x08007e72   0x00000002   PAD
    0x08007e74   0x08007e74   0x00000388   Code   RO         1464    .text               stm32l1xx_usart.o
    0x080081fc   0x080081fc   0x00000488   Code   RO         1487    .text               stm32l1xx_rcc.o
    0x08008684   0x08008684   0x0000011c   Code   RO         1509    .text               stm32l1xx_exti.o
    0x080087a0   0x080087a0   0x00000040   Code   RO         1532    .text               stm32l1xx_iwdg.o
    0x080087e0   0x080087e0   0x00000158   Code   RO         1555    .text               stm32l1xx_pwr.o
    0x08008938   0x08008938   0x00000628   Code   RO         1598    .text               stm32l1xx_flash.o
    0x08008f60   0x08008f60   0x00000268   Code   RO         1618    .text               stm32l1xx_syscfg.o
    0x080091c8   0x080091c8   0x00000008   Code   RO         2216    .text               c_w.l(libspace.o)
    0x080091d0   0x080091d0   0x00000028   Code   RO         2221    .text               c_w.l(noretval__2sprintf.o)
    0x080091f8   0x080091f8   0x00000052   Code   RO         2225    .text               c_w.l(_printf_str.o)
    0x0800924a   0x0800924a   0x00000002   PAD
    0x0800924c   0x0800924c   0x00000078   Code   RO         2227    .text               c_w.l(_printf_dec.o)
    0x080092c4   0x080092c4   0x0000010e   Code   RO         2237    .text               c_w.l(__printf_wp.o)
    0x080093d2   0x080093d2   0x00000002   PAD
    0x080093d4   0x080093d4   0x0000000c   Code   RO         2253    .text               c_w.l(strtok.o)
    0x080093e0   0x080093e0   0x00000048   Code   RO         2256    .text               c_w.l(strcpy.o)
    0x08009428   0x08009428   0x0000003e   Code   RO         2258    .text               c_w.l(strlen.o)
    0x08009466   0x08009466   0x00000018   Code   RO         2260    .text               c_w.l(strcat.o)
    0x0800947e   0x0800947e   0x00000064   Code   RO         2262    .text               c_w.l(rt_memcpy_w.o)
    0x080094e2   0x080094e2   0x00000044   Code   RO         2264    .text               c_w.l(rt_memclr.o)
    0x08009526   0x08009526   0x0000004e   Code   RO         2266    .text               c_w.l(rt_memclr_w.o)
    0x08009574   0x08009574   0x00000080   Code   RO         2268    .text               c_w.l(strcmpv7m.o)
    0x080095f4   0x080095f4   0x00000006   Code   RO         2270    .text               c_w.l(heapauxi.o)
    0x080095fa   0x080095fa   0x00000002   PAD
    0x080095fc   0x080095fc   0x00000024   Code   RO         2277    .text               c_w.l(init_aeabi.o)
    0x08009620   0x08009620   0x0000000a   Code   RO         2456    .text               c_w.l(rt_new_handler_addr_twolibspace.o)
    0x0800962a   0x0800962a   0x0000009e   Code   RO         2462    .text               c_w.l(h1_alloc_mt.o)
    0x080096c8   0x080096c8   0x000000b2   Code   RO         2514    .text               c_w.l(_printf_intcommon.o)
    0x0800977a   0x0800977a   0x0000041e   Code   RO         2516    .text               c_w.l(_printf_fp_dec.o)
    0x08009b98   0x08009b98   0x00000030   Code   RO         2518    .text               c_w.l(_printf_char_common.o)
    0x08009bc8   0x08009bc8   0x0000000a   Code   RO         2520    .text               c_w.l(_sputc.o)
    0x08009bd2   0x08009bd2   0x0000002c   Code   RO         2522    .text               c_w.l(_printf_char.o)
    0x08009bfe   0x08009bfe   0x0000000e   Code   RO         2525    .text               c_w.l(defsig_pvfn_outer.o)
    0x08009c0c   0x08009c0c   0x00000044   Code   RO         2529    .text               c_w.l(strtok_int.o)
    0x08009c50   0x08009c50   0x00000004   Code   RO         2579    .text               cpprt_w.l(arm_newhandler_noexceptions.o)
    0x08009c54   0x08009c54   0x0000000a   Code   RO         2643    .text               c_w.l(rt_heap_descriptor_twolibspace.o)
    0x08009c5e   0x08009c5e   0x0000000a   Code   RO         2650    .text               c_w.l(rt_locale_twolibspace.o)
    0x08009c68   0x08009c68   0x00000004   Code   RO         2652    .text               c_w.l(hguard.o)
    0x08009c6c   0x08009c6c   0x0000008a   Code   RO         2654    .text               c_w.l(init_alloc.o)
    0x08009cf6   0x08009cf6   0x00000012   Code   RO         2664    .text               c_w.l(h1_init_mt.o)
    0x08009d08   0x08009d08   0x00000076   Code   RO         2666    .text               c_w.l(h1_free_mt.o)
    0x08009d7e   0x08009d7e   0x0000008a   Code   RO         2678    .text               c_w.l(lludiv10.o)
    0x08009e08   0x08009e08   0x00000080   Code   RO         2680    .text               c_w.l(_printf_fp_infnan.o)
    0x08009e88   0x08009e88   0x000000e4   Code   RO         2684    .text               c_w.l(bigflt0.o)
    0x08009f6c   0x08009f6c   0x0000000a   Code   RO         2712    .text               c_w.l(defsig_exit.o)
    0x08009f76   0x08009f76   0x00000002   PAD
    0x08009f78   0x08009f78   0x00000030   Code   RO         2714    .text               c_w.l(defsig_pvfn_inner.o)
    0x08009fa8   0x08009fa8   0x00000020   Code   RO         2716    .text               c_w.l(strcspn.o)
    0x08009fc8   0x08009fc8   0x0000001c   Code   RO         2718    .text               c_w.l(strspn.o)
    0x08009fe4   0x08009fe4   0x0000001a   Code   RO         2747    .text               cpprt_w.l(arm_exceptions_terminate.o)
    0x08009ffe   0x08009ffe   0x00000002   PAD
    0x0800a000   0x0800a000   0x00000050   Code   RO         2750    .text               cpprt_w.l(arm_exceptions_globs.o)
    0x0800a050   0x0800a050   0x0000000c   Code   RO         2764    .text               c_w.l(sys_exit.o)
    0x0800a05c   0x0800a05c   0x0000004a   Code   RO         2766    .text               c_w.l(sys_stackheap_outer.o)
    0x0800a0a6   0x0800a0a6   0x0000000a   Code   RO         2773    .text               c_w.l(rt_eh_globals_addr_twolibspace.o)
    0x0800a0b0   0x0800a0b0   0x0000003e   Code   RO         2781    .text               c_w.l(h1_extend_mt.o)
    0x0800a0ee   0x0800a0ee   0x00000012   Code   RO         2783    .text               c_w.l(exit.o)
    0x0800a100   0x0800a100   0x00000016   Code   RO         2785    .text               c_w.l(abort.o)
    0x0800a116   0x0800a116   0x00000032   Code   RO         2789    .text               c_w.l(defsig_general.o)
    0x0800a148   0x0800a148   0x0000000e   Code   RO         2791    .text               c_w.l(defsig_rtmem_outer.o)
    0x0800a156   0x0800a156   0x0000003c   Code   RO         2811    .text               cpprt_w.l(arm_exceptions_mem.o)
    0x0800a192   0x0800a192   0x0000000e   Code   RO         2821    .text               c_w.l(sys_wrch.o)
    0x0800a1a0   0x0800a1a0   0x00000002   Code   RO         2823    .text               c_w.l(use_no_semi.o)
    0x0800a1a2   0x0800a1a2   0x00000000   Code   RO         2825    .text               c_w.l(indicate_semi.o)
    0x0800a1a2   0x0800a1a2   0x0000000e   Code   RO         2832    .text               c_w.l(defsig_abrt_outer.o)
    0x0800a1b0   0x0800a1b0   0x00000050   Code   RO         2836    .text               c_w.l(defsig_rtmem_inner.o)
    0x0800a200   0x0800a200   0x00000030   Code   RO         2851    .text               c_w.l(defsig_abrt_inner.o)
    0x0800a230   0x0800a230   0x0000003e   Code   RO         2687    CL$$btod_d2e        c_w.l(btod.o)
    0x0800a26e   0x0800a26e   0x00000046   Code   RO         2689    CL$$btod_d2e_denorm_low  c_w.l(btod.o)
    0x0800a2b4   0x0800a2b4   0x00000060   Code   RO         2688    CL$$btod_d2e_norm_op1  c_w.l(btod.o)
    0x0800a314   0x0800a314   0x00000338   Code   RO         2697    CL$$btod_div_common  c_w.l(btod.o)
    0x0800a64c   0x0800a64c   0x000000dc   Code   RO         2694    CL$$btod_e2e        c_w.l(btod.o)
    0x0800a728   0x0800a728   0x0000002a   Code   RO         2691    CL$$btod_ediv       c_w.l(btod.o)
    0x0800a752   0x0800a752   0x0000002a   Code   RO         2690    CL$$btod_emul       c_w.l(btod.o)
    0x0800a77c   0x0800a77c   0x00000244   Code   RO         2696    CL$$btod_mult_common  c_w.l(btod.o)
    0x0800a9c0   0x0800a9c0   0x00000004   Code   RO         2037    SVC_TABLE           RTX_CM3.lib(SVC_Table.o)
    0x0800a9c4   0x0800a9c4   0x00000006   Code   RO          640    i._ZN11struct_GPIO12struct_Input10GetAddrFunEv  gpio.o
    0x0800a9ca   0x0800a9ca   0x0000000a   Code   RO          634    i._ZN11struct_GPIO12struct_Input10RunAddrFunEv  gpio.o
    0x0800a9d4   0x0800a9d4   0x00000004   Code   RO          700    i._ZN11struct_GPIO12struct_Input10SetAddrFunEPFvvE  gpio.o
    0x0800a9d8   0x0800a9d8   0x00000006   Code   RO          622    i._ZN11struct_GPIO12struct_Input12GetAddrValueEv  gpio.o
    0x0800a9de   0x0800a9de   0x00000006   Code   RO          646    i._ZN11struct_GPIO12struct_Input12GetFeedValueEv  gpio.o
    0x0800a9e4   0x0800a9e4   0x00000004   Code   RO          694    i._ZN11struct_GPIO12struct_Input12SetAddrValueEPb  gpio.o
    0x0800a9e8   0x0800a9e8   0x00000004   Code   RO          628    i._ZN11struct_GPIO12struct_Input12SetFeedValueEb  gpio.o
    0x0800a9ec   0x0800a9ec   0x00000006   Code   RO          598    i._ZN11struct_GPIO12struct_Input6GetPinEv  gpio.o
    0x0800a9f2   0x0800a9f2   0x00000004   Code   RO          706    i._ZN11struct_GPIO12struct_Input6SetPinEh  gpio.o
    0x0800a9f6   0x0800a9f6   0x00000006   Code   RO          652    i._ZN11struct_GPIO12struct_Input7GetEdgeEv  gpio.o
    0x0800a9fc   0x0800a9fc   0x00000006   Code   RO          592    i._ZN11struct_GPIO12struct_Input7GetPortEv  gpio.o
    0x0800aa02   0x0800aa02   0x00000004   Code   RO          688    i._ZN11struct_GPIO12struct_Input7SetEdgeEh  gpio.o
    0x0800aa06   0x0800aa06   0x00000004   Code   RO          712    i._ZN11struct_GPIO12struct_Input7SetPortEh  gpio.o
    0x0800aa0a   0x0800aa0a   0x00000004   Code   RO          682    i._ZN11struct_GPIO12struct_Input8SetByIntEb  gpio.o
    0x0800aa0e   0x0800aa0e   0x00000046   Code   RO          718    i._ZN11struct_GPIO12struct_InputC1Ev  gpio.o
    0x0800aa54   0x0800aa54   0x00000008   Code   RO          604    i._ZN11struct_GPIO13GetNumOfInputEv  gpio.o
    0x0800aa5c   0x0800aa5c   0x00000004   Code   RO          664    i._ZN11struct_GPIO13struct_Output12SetAddrValueEPb  gpio.o
    0x0800aa60   0x0800aa60   0x00000004   Code   RO          658    i._ZN11struct_GPIO13struct_Output12SetFeedValueEb  gpio.o
    0x0800aa64   0x0800aa64   0x00000004   Code   RO          670    i._ZN11struct_GPIO13struct_Output6SetPinEh  gpio.o
    0x0800aa68   0x0800aa68   0x00000006   Code   RO          610    i._ZN11struct_GPIO13struct_Output7GetPortEv  gpio.o
    0x0800aa6e   0x0800aa6e   0x00000004   Code   RO          676    i._ZN11struct_GPIO13struct_Output7SetPortEh  gpio.o
    0x0800aa72   0x0800aa72   0x0000002e   Code   RO          724    i._ZN11struct_GPIO13struct_OutputC1Ev  gpio.o
    0x0800aaa0   0x0800aaa0   0x00000006   Code   RO          616    i._ZN11struct_GPIO14GetNumOfOutputEv  gpio.o
    0x0800aaa6   0x0800aaa6   0x00000006   Code   RO          329    i._ZN12RTC_DateTime11struct_Date6GetDayEv  datetype.o
    0x0800aaac   0x0800aaac   0x00000004   Code   RO          335    i._ZN12RTC_DateTime11struct_Date6SetDayEi  datetype.o
    0x0800aab0   0x0800aab0   0x00000006   Code   RO          341    i._ZN12RTC_DateTime11struct_Date7GetYearEv  datetype.o
    0x0800aab6   0x0800aab6   0x00000004   Code   RO          347    i._ZN12RTC_DateTime11struct_Date7SetYearEi  datetype.o
    0x0800aaba   0x0800aaba   0x00000006   Code   RO          317    i._ZN12RTC_DateTime11struct_Date8GetMonthEv  datetype.o
    0x0800aac0   0x0800aac0   0x00000004   Code   RO          323    i._ZN12RTC_DateTime11struct_Date8SetMonthEi  datetype.o
    0x0800aac4   0x0800aac4   0x00000006   Code   RO         1129    i._ZN12RTC_DateTime11struct_Time7GetHourEv  rtc.o
    0x0800aaca   0x0800aaca   0x00000004   Code   RO          353    i._ZN12RTC_DateTime11struct_Time7SetHourEi  datetype.o
    0x0800aace   0x0800aace   0x00000006   Code   RO         1123    i._ZN12RTC_DateTime11struct_Time9GetMinuteEv  rtc.o
    0x0800aad4   0x0800aad4   0x00000006   Code   RO         1117    i._ZN12RTC_DateTime11struct_Time9GetSecondEv  rtc.o
    0x0800aada   0x0800aada   0x00000004   Code   RO         1135    i._ZN12RTC_DateTime11struct_Time9SetMinuteEi  rtc.o
    0x0800aade   0x0800aade   0x00000004   Code   RO         1141    i._ZN12RTC_DateTime11struct_Time9SetSecondEi  rtc.o
    0x0800aae2   0x0800aae2   0x00000010   Code   RO         1114    i._ZN12RTC_DateTimeC1Ev  rtc.o
    0x0800aaf2   0x0800aaf2   0x00000006   Code   RO          862    i._ZN12struct_TIMER13GetNumChannelEv  timer.o
    0x0800aaf8   0x0800aaf8   0x00000010   Code   RO          916    i._ZN12struct_TIMER14struct_Channel13IncreaseCountEy  timer.o
    0x0800ab08   0x0800ab08   0x00000004   Code   RO          874    i._ZN12struct_TIMER14struct_Channel13SetCallPeriodEPFvvE  timer.o
    0x0800ab0c   0x0800ab0c   0x00000008   Code   RO          910    i._ZN12struct_TIMER14struct_Channel7GetDiffEv  timer.o
    0x0800ab14   0x0800ab14   0x00000006   Code   RO          886    i._ZN12struct_TIMER14struct_Channel7SetDiffEy  timer.o
    0x0800ab1a   0x0800ab1a   0x00000008   Code   RO          898    i._ZN12struct_TIMER14struct_Channel8GetCountEv  timer.o
    0x0800ab22   0x0800ab22   0x00000006   Code   RO          892    i._ZN12struct_TIMER14struct_Channel8SetCountEy  timer.o
    0x0800ab28   0x0800ab28   0x00000008   Code   RO          922    i._ZN12struct_TIMER14struct_Channel9GetPeriodEv  timer.o
    0x0800ab30   0x0800ab30   0x00000010   Code   RO          904    i._ZN12struct_TIMER14struct_Channel9ResetDiffEv  timer.o
    0x0800ab40   0x0800ab40   0x00000004   Code   RO          868    i._ZN12struct_TIMER14struct_Channel9SetEnableEb  timer.o
    0x0800ab44   0x0800ab44   0x00000006   Code   RO          880    i._ZN12struct_TIMER14struct_Channel9SetPeriodEy  timer.o
    0x0800ab4a   0x0800ab4a   0x00000042   Code   RO          928    i._ZN12struct_TIMER14struct_ChannelC1Ev  timer.o
    0x0800ab8c   0x0800ab8c   0x00000006   Code   RO           42    i._ZN16struct_ValueBool3GetEv  main.o
    0x0800ab92   0x0800ab92   0x00000004   Code   RO           51    i._ZN16struct_ValueBool3SetEb  main.o
    0x0800ab96   0x0800ab96   0x0000000e   Code   RO           36    i._ZN16struct_ValueBool6EnableEv  main.o
    0x0800aba4   0x0800aba4   0x0000000e   Code   RO           30    i._ZN16struct_ValueBool7DisableEv  main.o
    0x0800abb2   0x0800abb2   0x00000002   PAD
    0x0800abb4   0x0800abb4   0x0000000c   Code   RO           48    i._ZN5MediaC2Ev     main.o
    0x0800abc0   0x0800abc0   0x00000028   Code   RO         2280    i._Znwj             cpprt_w.l(new.o)
    0x0800abe8   0x0800abe8   0x00000028   Code   RO         2760    i.__ARM_fpclassify  m_ws.l(fpclassify.o)
    0x0800ac10   0x0800ac10   0x00000024   Code   RO         2393    i.__aeabi_vec_ctor_nocookie_nodtor  cpprt_w.l(aeabi_vec_ctor_nocookie_nodtor.o)
    0x0800ac34   0x0800ac34   0x00000006   Code   RO         2284    i.__cxa_pure_virtual  cpprt_w.l(pure_virt.o)
    0x0800ac3a   0x0800ac3a   0x00000046   Code   RO         2004    i._init_box         RTX_CM3.lib(rt_membox.o)
    0x0800ac80   0x0800ac80   0x0000000e   Code   RO         2239    i._is_digit         c_w.l(__printf_wp.o)
    0x0800ac8e   0x0800ac8e   0x00000002   PAD
    0x0800ac90   0x0800ac90   0x00000030   Code   RO         1800    i.dbg_init          RTX_CM3.lib(hal_cm3.o)
    0x0800acc0   0x0800acc0   0x00000020   Code   RO         1801    i.dbg_task_notify   RTX_CM3.lib(hal_cm3.o)
    0x0800ace0   0x0800ace0   0x00000010   Code   RO         1802    i.dbg_task_switch   RTX_CM3.lib(hal_cm3.o)
    0x0800acf0   0x0800acf0   0x00000028   Code   RO         1841    i.os_tick_init      RTX_CM3.lib(rt_system.o)
    0x0800ad18   0x0800ad18   0x00000002   Code   RO         1842    i.os_tick_irqack    RTX_CM3.lib(rt_system.o)
    0x0800ad1a   0x0800ad1a   0x0000001a   Code   RO         2005    i.rt_alloc_box      RTX_CM3.lib(rt_membox.o)
    0x0800ad34   0x0800ad34   0x00000038   Code   RO         1639    i.rt_block          RTX_CM3.lib(rt_task.o)
    0x0800ad6c   0x0800ad6c   0x00000074   Code   RO         1924    i.rt_dec_dly        RTX_CM3.lib(rt_list.o)
    0x0800ade0   0x0800ade0   0x00000044   Code   RO         1640    i.rt_dispatch       RTX_CM3.lib(rt_task.o)
    0x0800ae24   0x0800ae24   0x00000006   Code   RO         1738    i.rt_dly_wait       RTX_CM3.lib(rt_time.o)
    0x0800ae2a   0x0800ae2a   0x00000002   PAD
    0x0800ae2c   0x0800ae2c   0x0000004c   Code   RO         2043    i.rt_evt_psh        RTX_CM3.lib(rt_event.o)
    0x0800ae78   0x0800ae78   0x00000020   Code   RO         2006    i.rt_free_box       RTX_CM3.lib(rt_membox.o)
    0x0800ae98   0x0800ae98   0x00000028   Code   RO         1925    i.rt_get_first      RTX_CM3.lib(rt_list.o)
    0x0800aec0   0x0800aec0   0x00000044   Code   RO         1641    i.rt_init_context   RTX_CM3.lib(rt_task.o)
    0x0800af04   0x0800af04   0x00000050   Code   RO         1803    i.rt_init_stack     RTX_CM3.lib(hal_cm3.o)
    0x0800af54   0x0800af54   0x000000c0   Code   RO         2086    i.rt_mbx_psh        RTX_CM3.lib(rt_mailbox.o)
    0x0800b014   0x0800b014   0x00000010   Code   RO         1775    i.rt_mut_init       RTX_CM3.lib(rt_mutex.o)
    0x0800b024   0x0800b024   0x000000ac   Code   RO         1776    i.rt_mut_release    RTX_CM3.lib(rt_mutex.o)
    0x0800b0d0   0x0800b0d0   0x00000064   Code   RO         1777    i.rt_mut_wait       RTX_CM3.lib(rt_mutex.o)
    0x0800b134   0x0800b134   0x00000078   Code   RO         1843    i.rt_pop_req        RTX_CM3.lib(rt_system.o)
    0x0800b1ac   0x0800b1ac   0x00000048   Code   RO         1928    i.rt_put_dly        RTX_CM3.lib(rt_list.o)
    0x0800b1f4   0x0800b1f4   0x00000036   Code   RO         1929    i.rt_put_prio       RTX_CM3.lib(rt_list.o)
    0x0800b22a   0x0800b22a   0x00000002   PAD
    0x0800b22c   0x0800b22c   0x00000014   Code   RO         1930    i.rt_put_rdy_first  RTX_CM3.lib(rt_list.o)
    0x0800b240   0x0800b240   0x00000034   Code   RO         1931    i.rt_resort_prio    RTX_CM3.lib(rt_list.o)
    0x0800b274   0x0800b274   0x00000028   Code   RO         1932    i.rt_rmv_dly        RTX_CM3.lib(rt_list.o)
    0x0800b29c   0x0800b29c   0x00000030   Code   RO         1933    i.rt_rmv_list       RTX_CM3.lib(rt_list.o)
    0x0800b2cc   0x0800b2cc   0x00000034   Code   RO         2132    i.rt_sem_psh        RTX_CM3.lib(rt_semaphore.o)
    0x0800b300   0x0800b300   0x00000024   Code   RO         1846    i.rt_stk_check      RTX_CM3.lib(rt_system.o)
    0x0800b324   0x0800b324   0x00000028   Code   RO         1642    i.rt_switch_req     RTX_CM3.lib(rt_task.o)
    0x0800b34c   0x0800b34c   0x00000158   Code   RO         1643    i.rt_sys_init       RTX_CM3.lib(rt_task.o)
    0x0800b4a4   0x0800b4a4   0x0000003c   Code   RO         1848    i.rt_systick        RTX_CM3.lib(rt_system.o)
    0x0800b4e0   0x0800b4e0   0x00000040   Code   RO         2168    i.rt_tmr_tick       RTX_CM3.lib(rt_timer.o)
    0x0800b520   0x0800b520   0x00000094   Code   RO         1644    i.rt_tsk_create     RTX_CM3.lib(rt_task.o)
    0x0800b5b4   0x0800b5b4   0x000000bc   Code   RO         1645    i.rt_tsk_delete     RTX_CM3.lib(rt_task.o)
    0x0800b670   0x0800b670   0x00000010   Code   RO         1648    i.rt_tsk_self       RTX_CM3.lib(rt_task.o)
    0x0800b680   0x0800b680   0x0000002c   Code   RO         2710    locale$$code        c_w.l(lc_numeric_c.o)
    0x0800b6ac   0x0800b6ac   0x00000010   Code   RO          424    t._ZN12class_StringILi512EE5ResetEv  tagbench.o
    0x0800b6bc   0x0800b6bc   0x0000000e   Code   RO          418    t._ZN12class_StringILi64EE5ResetEv  tagbench.o
    0x0800b6ca   0x0800b6ca   0x00000002   PAD
    0x0800b6cc   0x0800b6cc   0x00000062   Code   RO         2396    x$fpl$d2f           fz_ws.l(d2f.o)
    0x0800b72e   0x0800b72e   0x00000002   PAD
    0x0800b730   0x0800b730   0x00000150   Code   RO         2398    x$fpl$dadd          fz_ws.l(daddsub_clz.o)
    0x0800b880   0x0800b880   0x00000018   Code   RO         2608    x$fpl$dcmpinf       fz_ws.l(dcmpi.o)
    0x0800b898   0x0800b898   0x000002b0   Code   RO         2405    x$fpl$ddiv          fz_ws.l(ddiv.o)
    0x0800bb48   0x0800bb48   0x0000008a   Code   RO         2413    x$fpl$dfltull       fz_ws.l(dfltll_clz.o)
    0x0800bbd2   0x0800bbd2   0x00000002   PAD
    0x0800bbd4   0x0800bbd4   0x00000078   Code   RO         2416    x$fpl$dleqf         fz_ws.l(dleqf.o)
    0x0800bc4c   0x0800bc4c   0x00000154   Code   RO         2418    x$fpl$dmul          fz_ws.l(dmul.o)
    0x0800bda0   0x0800bda0   0x0000009c   Code   RO         2610    x$fpl$dnaninf       fz_ws.l(dnaninf.o)
    0x0800be3c   0x0800be3c   0x0000000c   Code   RO         2612    x$fpl$dretinf       fz_ws.l(dretinf.o)
    0x0800be48   0x0800be48   0x0000006c   Code   RO         2420    x$fpl$drleqf        fz_ws.l(drleqf.o)
    0x0800beb4   0x0800beb4   0x000001d4   Code   RO         2400    x$fpl$dsub          fz_ws.l(daddsub_clz.o)
    0x0800c088   0x0800c088   0x00000056   Code   RO         2422    x$fpl$f2d           fz_ws.l(f2d.o)
    0x0800c0de   0x0800c0de   0x00000002   PAD
    0x0800c0e0   0x0800c0e0   0x000000c4   Code   RO         2424    x$fpl$fadd          fz_ws.l(faddsub_clz.o)
    0x0800c1a4   0x0800c1a4   0x00000018   Code   RO         2614    x$fpl$fcmpinf       fz_ws.l(fcmpi.o)
    0x0800c1bc   0x0800c1bc   0x00000184   Code   RO         2431    x$fpl$fdiv          fz_ws.l(fdiv.o)
    0x0800c340   0x0800c340   0x00000030   Code   RO         2435    x$fpl$fflt          fz_ws.l(fflt_clz.o)
    0x0800c370   0x0800c370   0x00000060   Code   RO         2440    x$fpl$ffltll        fz_ws.l(ffltll_clz.o)
    0x0800c3d0   0x0800c3d0   0x00000026   Code   RO         2434    x$fpl$ffltu         fz_ws.l(fflt_clz.o)
    0x0800c3f6   0x0800c3f6   0x00000002   PAD
    0x0800c3f8   0x0800c3f8   0x00000068   Code   RO         2442    x$fpl$fleqf         fz_ws.l(fleqf.o)
    0x0800c460   0x0800c460   0x00000102   Code   RO         2444    x$fpl$fmul          fz_ws.l(fmul.o)
    0x0800c562   0x0800c562   0x0000008c   Code   RO         2616    x$fpl$fnaninf       fz_ws.l(fnaninf.o)
    0x0800c5ee   0x0800c5ee   0x0000000a   Code   RO         2618    x$fpl$fretinf       fz_ws.l(fretinf.o)
    0x0800c5f8   0x0800c5f8   0x00000062   Code   RO         2446    x$fpl$frleqf        fz_ws.l(frleqf.o)
    0x0800c65a   0x0800c65a   0x00000002   PAD
    0x0800c65c   0x0800c65c   0x000000ea   Code   RO         2426    x$fpl$fsub          fz_ws.l(faddsub_clz.o)
    0x0800c746   0x0800c746   0x00000002   PAD
    0x0800c748   0x0800c748   0x00000078   Code   RO         2408    x$fpl$llufromd      fz_ws.l(dfixull.o)
    0x0800c7c0   0x0800c7c0   0x00000004   Code   RO         2448    x$fpl$printf1       fz_ws.l(printf1.o)
    0x0800c7c4   0x0800c7c4   0x00000000   Code   RO         2620    x$fpl$usenofp       fz_ws.l(usenofp.o)
    0x0800c7c4   0x0800c7c4   0x000461a8   Data   RO            6    .constdata          main.o
    0x0805296c   0x0805296c   0x00000090   Data   RO          300    .constdata          datetype.o
    0x080529fc   0x080529fc   0x00000028   Data   RO          573    .constdata          gpio.o
    0x08052a24   0x08052a24   0x00000028   Data   RO         1322    .constdata          rtx_conf_cm.o
    0x08052a4c   0x08052a4c   0x00000094   Data   RO         2685    .constdata          c_w.l(bigflt0.o)
    0x08052ae0   0x08052ae0   0x00000008   Data   RO           59    .constdata__ZTI5Media  main.o
    0x08052ae8   0x08052ae8   0x00000007   Data   RO           63    .constdata__ZTS5Media  main.o
    0x08052aef   0x08052aef   0x0000000b   Data   RO           60    .constdata__ZTSNUt0_Ut2_E  main.o
    0x08052afa   0x08052afa   0x0000000b   Data   RO           61    .constdata__ZTSNUt0_Ut3_E  main.o
    0x08052b05   0x08052b05   0x0000000b   Data   RO           62    .constdata__ZTSNUt0_Ut4_E  main.o
    0x08052b10   0x08052b10   0x00000024   Data   RO           58    .constdata__ZTV5Media  main.o
    0x08052b34   0x08052b34   0x00000010   Data   RO         2356    .constdata__ZTVN10__cxxabiv117__class_type_infoE  cpprt_w.l(lib_rtti_impl.o)
    0x08052b44   0x08052b44   0x00000010   Data   RO         2360    .constdata__ZTVN10__cxxabiv121__vmi_class_type_infoE  cpprt_w.l(lib_rtti_impl.o)
    0x08052b54   0x08052b54   0x00000020   Data   RO         2886    Region$$Table       anon$$obj.o
    0x08052b74   0x08052b74   0x0000001c   Data   RO         2709    locale$$data        c_w.l(lc_numeric_c.o)
    0x08052b90   0x08052b90   0x00000004   Data   RO            8    .init_array         main.o
    0x08052b94   0x08052b90   0x00000004   Data   RO          575    .init_array         gpio.o
    0x08052b98   0x08052b90   0x00000004   Data   RO          845    .init_array         timer.o
    0x08052b9c   0x08052b90   0x00000004   Data   RO         1097    .init_array         rtc.o
    0x08052ba0   0x08052b90   0x00000000   Data   RO         2275    .init_array         c_w.l(init_aeabi.o)


    Execution Region RW_IRAM1 (Exec base: 0x20000000, Load base: 0x08052ba0, Size: 0x000092f8, Max: 0x0000c000, ABSOLUTE)

    Exec Addr    Load Addr    Size         Type   Attr      Idx    E Section Name        Object

    0x20000000   0x08052ba0   0x00000010   Data   RW            7    .data               main.o
    0x20000010   0x08052bb0   0x00000004   Data   RW          265    .data               ui.o
    0x20000014   0x08052bb4   0x00000001   Data   RW          301    .data               datetype.o
    0x20000015   0x08052bb5   0x00000003   PAD
    0x20000018   0x08052bb8   0x00000008   Data   RW          461    .data               dap.o
    0x20000020   0x08052bc0   0x00000024   Data   RW          574    .data               gpio.o
    0x20000044   0x08052be4   0x00000001   Data   RW          844    .data               timer.o
    0x20000045   0x08052be5   0x00000017   Data   RW          986    .data               uart.o
    0x2000005c   0x08052bfc   0x00000002   Data   RW         1011    .data               wdt.o
    0x2000005e   0x08052bfe   0x00000002   PAD
    0x20000060   0x08052c00   0x00000008   Data   RW         1096    .data               rtc.o
    0x20000068   0x08052c08   0x00000018   Data   RW         1204    .data               taskmanager.o
    0x20000080   0x08052c20   0x00000001   Data   RW         1235    .data               tasktimer.o
    0x20000081   0x08052c21   0x00000003   PAD
    0x20000084   0x08052c24   0x0000001d   Data   RW         1271    .data               system_stm32l1xx.o
    0x200000a1   0x08052c41   0x00000003   PAD
    0x200000a4   0x08052c44   0x00000008   Data   RW         1323    .data               rtx_conf_cm.o
    0x200000ac   0x08052c4c   0x00000019   Data   RW         1488    .data               stm32l1xx_rcc.o
    0x200000c5   0x08052c65   0x00000003   PAD
    0x200000c8   0x08052c68   0x00000008   Data   RW         1650    .data               RTX_CM3.lib(rt_task.o)
    0x200000d0   0x08052c70   0x00000004   Data   RW         1742    .data               RTX_CM3.lib(rt_time.o)
    0x200000d4   0x08052c74   0x00000001   Data   RW         1804    .data               RTX_CM3.lib(hal_cm3.o)
    0x200000d5   0x08052c75   0x00000003   PAD
    0x200000d8   0x08052c78   0x00000008   Data   RW         1851    .data               RTX_CM3.lib(rt_system.o)
    0x200000e0   0x08052c80   0x00000008   Data   RW         2169    .data               RTX_CM3.lib(rt_timer.o)
    0x200000e8   0x08052c88   0x00000004   Data   RW         2254    .data               c_w.l(strtok.o)
    0x200000ec   0x08052c8c   0x00000004   PAD
    0x200000f0        -       0x00001020   Zero   RW            5    .bss                main.o
    0x20001110        -       0x00000748   Zero   RW          215    .bss                testbench.o
    0x20001858        -       0x00001000   Zero   RW          264    .bss                ui.o
    0x20002858        -       0x00000540   Zero   RW          572    .bss                gpio.o
    0x20002d98        -       0x000000d0   Zero   RW          843    .bss                timer.o
    0x20002e68        -       0x00000a64   Zero   RW          985    .bss                uart.o
    0x200038cc   0x08052c8c   0x00000004   PAD
    0x200038d0        -       0x00000400   Zero   RW         1010    .bss                wdt.o
    0x20003cd0        -       0x000001c0   Zero   RW         1203    .bss                taskmanager.o
    0x20003e90        -       0x00000240   Zero   RW         1234    .bss                tasktimer.o
    0x200040d0        -       0x00000968   Zero   RW         1321    .bss                rtx_conf_cm.o
    0x20004a38        -       0x00000030   Zero   RW         1649    .bss                RTX_CM3.lib(rt_task.o)
    0x20004a68        -       0x00000030   Zero   RW         1934    .bss                RTX_CM3.lib(rt_list.o)
    0x20004a98        -       0x00000060   Zero   RW         2217    .bss                c_w.l(libspace.o)
    0x20004af8        -       0x00004000   Zero   RW         1314    HEAP                startup_stm32l1xx_hd.o
    0x20008af8        -       0x00000800   Zero   RW         1313    STACK               startup_stm32l1xx_hd.o


==============================================================================

Image component sizes


      Code (inc. data)   RO Data    RW Data    ZI Data      Debug   Object Name

      1308         26          0          0          0       3014   adc.o
      1612         34          0          8          0     205922   dap.o
      1034         12        144          1          0       9426   datetype.o
      3370        116         44         36       1344      25290   gpio.o
      6618       1024     287232         16       4128     280315   main.o
       220         22          0          0          0       3409   misc.o
       440         16          0          0          0       1059   pwm.o
      1854         14          4          8          0      12403   rtc.o
       148         26         40          8       2408      10536   rtx_conf_cm.o
        64         26        292          0      18432        776   startup_stm32l1xx_hd.o
      1332         20          0          0          0      22850   stm32l1xx_adc.o
       284         10          0          0          0       4615   stm32l1xx_exti.o
      1576         38          0          0          0       8127   stm32l1xx_flash.o
       492         24          0          0          0       3665   stm32l1xx_gpio.o
        64          6          0          0          0       1253   stm32l1xx_iwdg.o
       344         14          0          0          0       3988   stm32l1xx_pwr.o
      1160         40          0         25          0       9147   stm32l1xx_rcc.o
      2792         36          0          0          0      21210   stm32l1xx_rtc.o
       616         10          0          0          0       2817   stm32l1xx_syscfg.o
      2522         28          0          0          0      35748   stm32l1xx_tim.o
       904         14          0          0          0      13100   stm32l1xx_usart.o
       408         24          0         29          0      14951   system_stm32l1xx.o
       318         68          0          0          0       4832   tagbench.o
       900         54          0         24        448       4927   taskmanager.o
       420         24          0          1        576       2843   tasktimer.o
       260         14          0          0       1864       4904   testbench.o
      1162         22          4          1        208      13930   timer.o
      4332        300          0         23       2660      14824   uart.o
       184         36          0          4       4096       2471   ui.o
       280         16          0          2       1024       2003   wdt.o

    ----------------------------------------------------------------------
     37024       2114     287792        200      37192     744355   Object Totals
         0          0         32          0          0          0   (incl. Generated)
         6          0          0         14          4          0   (incl. Padding)

    ----------------------------------------------------------------------

      Code (inc. data)   RO Data    RW Data    ZI Data      Debug   Library Member Name

         4          4          0          0          0        140   SVC_Table.o
       516         56          0          1          0       2477   hal_cm3.o
        76          4          0          0          0        509   rt_event.o
       442         30          0          0         48       3806   rt_list.o
       192          4          0          0          0        609   rt_mailbox.o
       128          0          0          0          0       1497   rt_membox.o
       288         12          0          0          0       1569   rt_mutex.o
        52          6          0          0          0        453   rt_semaphore.o
       258         42          0          8          0       2974   rt_system.o
       928        160          0          8         48       6664   rt_task.o
         6          0          0          4          0        504   rt_time.o
        64          8          0          8          0        583   rt_timer.o
         8          0          0          0          0         68   __main.o
       284          0          0          0          0        156   __printf_wp.o
         0          0          0          0          0          0   __rtentry.o
        12          0          0          0          0          0   __rtentry2.o
         6          0          0          0          0          0   __rtentry4.o
        52          8          0          0          0          0   __scatter.o
        26          0          0          0          0          0   __scatter_copy.o
        28          0          0          0          0          0   __scatter_zi.o
        44          0          0          0          0        108   _printf_char.o
        48          6          0          0          0         96   _printf_char_common.o
         6          0          0          0          0          0   _printf_d.o
       120         16          0          0          0         92   _printf_dec.o
         6          0          0          0          0          0   _printf_f.o
      1054          0          0          0          0        216   _printf_fp_dec.o
       128         16          0          0          0         84   _printf_fp_infnan.o
       178          0          0          0          0         88   _printf_intcommon.o
         0          0          0          0          0          0   _printf_percent.o
         4          0          0          0          0          0   _printf_percent_end.o
         6          0          0          0          0          0   _printf_s.o
        82          0          0          0          0         80   _printf_str.o
        10          0          0          0          0         68   _sputc.o
        22          0          0          0          0         80   abort.o
       228          4        148          0          0         96   bigflt0.o
      1936        128          0          0          0        672   btod.o
        48         34          0          0          0         76   defsig_abrt_inner.o
        14          0          0          0          0         80   defsig_abrt_outer.o
        10          0          0          0          0         68   defsig_exit.o
        50          0          0          0          0         88   defsig_general.o
        48         34          0          0          0         76   defsig_pvfn_inner.o
        14          0          0          0          0         80   defsig_pvfn_outer.o
        80         58          0          0          0         76   defsig_rtmem_inner.o
        14          0          0          0          0         80   defsig_rtmem_outer.o
        18          0          0          0          0         80   exit.o
       158          0          0          0          0        128   h1_alloc_mt.o
        62          0          0          0          0         80   h1_extend_mt.o
       118          0          0          0          0        108   h1_free_mt.o
        18          0          0          0          0         84   h1_init_mt.o
         6          0          0          0          0        152   heapauxi.o
         4          0          0          0          0        136   hguard.o
         0          0          0          0          0          0   indicate_semi.o
        36         10          0          0          0         80   init_aeabi.o
       138          0          0          0          0        168   init_alloc.o
        44         10         28          0          0         76   lc_numeric_c.o
         2          0          0          0          0          0   libinit.o
        30          0          0          0          0          0   libinit2.o
         2          0          0          0          0          0   libshutdown.o
         2          0          0          0          0          0   libshutdown2.o
         8          4          0          0         96         68   libspace.o
       138          0          0          0          0         80   lludiv10.o
         0          0          0          0          0          0   maybetermalloc1.o
        40          6          0          0          0         84   noretval__2sprintf.o
        10          0          0          0          0         76   rt_eh_globals_addr_twolibspace.o
        10          0          0          0          0         76   rt_heap_descriptor_twolibspace.o
        10          0          0          0          0         76   rt_locale_twolibspace.o
        68          0          0          0          0         68   rt_memclr.o
        78          0          0          0          0         80   rt_memclr_w.o
       100          0          0          0          0         80   rt_memcpy_w.o
        10          0          0          0          0         76   rt_new_handler_addr_twolibspace.o
         2          0          0          0          0          0   rtexit.o
        10          0          0          0          0          0   rtexit2.o
        24          0          0          0          0         68   strcat.o
       128          0          0          0          0         68   strcmpv7m.o
        72          0          0          0          0         80   strcpy.o
        32          0          0          0          0         80   strcspn.o
        62          0          0          0          0         76   strlen.o
        28          0          0          0          0         80   strspn.o
        12          6          0          4          0         68   strtok.o
        68          4          0          0          0         84   strtok_int.o
        12          4          0          0          0         68   sys_exit.o
        74          0          0          0          0         80   sys_stackheap_outer.o
        14          0          0          0          0         76   sys_wrch.o
         2          0          0          0          0         68   use_no_semi.o
        36          0          0          0          0         84   aeabi_vec_ctor_nocookie_nodtor.o
        80         12          0          0          0        104   arm_exceptions_globs.o
        60          0          0          0          0        108   arm_exceptions_mem.o
        26          0          0          0          0         76   arm_exceptions_terminate.o
         4          0          0          0          0         68   arm_newhandler_noexceptions.o
         0          0         32          0          0          0   lib_rtti_impl.o
        40          6          0          0          0         76   new.o
         6          0          0          0          0         68   pure_virt.o
        98          4          0          0          0         92   d2f.o
       804         16          0          0          0        272   daddsub_clz.o
        24          0          0          0          0         68   dcmpi.o
       688        140          0          0          0        208   ddiv.o
       120          4          0          0          0        104   dfixull.o
       138          0          0          0          0         84   dfltll_clz.o
       120          4          0          0          0         92   dleqf.o
       340         12          0          0          0        104   dmul.o
       156          4          0          0          0         92   dnaninf.o
        12          0          0          0          0         68   dretinf.o
       108          0          0          0          0         80   drleqf.o
        86          4          0          0          0         84   f2d.o
       430          8          0          0          0        168   faddsub_clz.o
        24          0          0          0          0         68   fcmpi.o
       388         76          0          0          0         96   fdiv.o
        86          0          0          0          0        136   fflt_clz.o
        96          0          0          0          0         84   ffltll_clz.o
       104          4          0          0          0         84   fleqf.o
       258          4          0          0          0         84   fmul.o
       140          4          0          0          0         84   fnaninf.o
        10          0          0          0          0         68   fretinf.o
        98          0          0          0          0         68   frleqf.o
         4          0          0          0          0         68   printf1.o
         0          0          0          0          0          0   usenofp.o
        40          0          0          0          0         68   fpclassify.o

    ----------------------------------------------------------------------
     13824        976        208         36        196      30073   Library Totals
        30          0          0          3          4          0   (incl. Padding)

    ----------------------------------------------------------------------

      Code (inc. data)   RO Data    RW Data    ZI Data      Debug   Library Name

      2954        326          0         29         96      21785   RTX_CM3.lib
      6216        348        176          4         96       5280   c_w.l
       252         18         32          0          0        584   cpprt_w.l
      4332        284          0          0          0       2356   fz_ws.l
        40          0          0          0          0         68   m_ws.l

    ----------------------------------------------------------------------
     13824        976        208         36        196      30073   Library Totals

    ----------------------------------------------------------------------

==============================================================================


      Code (inc. data)   RO Data    RW Data    ZI Data      Debug   

     50848       3090     288000        236      37388     761476   Grand Totals
     50848       3090     288000        236      37388     761476   ELF Image Totals
     50848       3090     288000        236          0          0   ROM Totals

==============================================================================

    Total RO  Size (Code + RO Data)               338848 ( 330.91kB)
    Total RW  Size (RW Data + ZI Data)             37624 (  36.74kB)
    Total ROM Size (Code + RO Data + RW Data)     339084 ( 331.14kB)

==============================================================================

