Component: ARM Compiler 5.06 update 7 (build 960) Tool: armlink [4d3601]

==============================================================================

Section Cross References

    main.o(.text) refers to _printf_percent.o(.ARM.Collect$$_printf_percent$$00000000) for _printf_percent
    main.o(.text) refers to _printf_d.o(.ARM.Collect$$_printf_percent$$00000009) for _printf_d
    main.o(.text) refers to _printf_dec.o(.text) for _printf_int_dec
    main.o(.text) refers to _printf_s.o(.ARM.Collect$$_printf_percent$$00000014) for _printf_s
    main.o(.text) refers to _printf_str.o(.text) for _printf_str
    main.o(.text) refers to taskmanager.o(.text) for TaskManager_Delay(unsigned)
    main.o(.text) refers to stm32l1xx_rcc.o(.text) for RCC_AHBPeriphClockCmd
    main.o(.text) refers to stm32l1xx_gpio.o(.text) for GPIO_Init
    main.o(.text) refers to noretval__2sprintf.o(.text) for __2sprintf
    main.o(.text) refers to main.o(i._ZN16struct_ValueBool7DisableEv) for struct_ValueBool::Disable()
    main.o(.text) refers to main.o(i._ZN16struct_ValueBool6EnableEv) for struct_ValueBool::Enable()
    main.o(.text) refers to strcpy.o(.text) for strcpy
    main.o(.text) refers to adc.o(.text) for ADC_Read(unsigned short)
    main.o(.text) refers to fflt_clz.o(x$fpl$ffltu) for __aeabi_ui2f
    main.o(.text) refers to f2d.o(x$fpl$f2d) for __aeabi_f2d
    main.o(.text) refers to dmul.o(x$fpl$dmul) for __aeabi_dmul
    main.o(.text) refers to d2f.o(x$fpl$d2f) for __aeabi_d2f
    main.o(.text) refers to drleqf.o(x$fpl$drleqf) for __aeabi_cdrcmple
    main.o(.text) refers to daddsub_clz.o(x$fpl$dsub) for __aeabi_dsub
    main.o(.text) refers to dleqf.o(x$fpl$dleqf) for __aeabi_cdcmple
    main.o(.text) refers to uart.o(.text) for UART_Read_State_FIFO(unsigned char)
    main.o(.text) refers to rt_memcpy_w.o(.text) for __aeabi_memcpy4
    main.o(.text) refers to main.o(i._ZN22UART_State_FIFO_STRUCT6rxBusyEv) for UART_State_FIFO_STRUCT::rxBusy()
    main.o(.text) refers to rt_memclr_w.o(.text) for __aeabi_memclr4
    main.o(.text) refers to main.o(.data) for TEST_GetID_MUTEX
    main.o(.text) refers to gpio.o(.constdata) for GPIO_PORTCLOCK
    main.o(.text) refers to gpio.o(.data) for GPIO_PORTSEL
    main.o(.text) refers to main.o(.bss) for Test_56
    main.o(.text) refers to memcmp.o(.text) for memcmp
    main.o(.text) refers to rtc.o(.text) for __init_RTC()
    main.o(.text) refers to timer.o(.text) for __init_Timer()
    main.o(.text) refers to gpio.o(.text) for __init_GPIO()
    main.o(.text) refers to pwm.o(.text) for __init_PWM()
    main.o(.text) refers to tasktimer.o(.text) for __init_TaskTimer()
    main.o(.text) refers to strcmpv7m.o(.text) for strcmp
    main.o(.text) refers to testbench.o(.bss) for TestBench
    main.o(.text) refers to testbench.o(.text) for class_TestBench::Add(unsigned char*, void(*)(unsigned char*))
    main.o(.text) refers to ui.o(.text) for class_UI::Init(Media*)
    main.o(.text) refers to hal_cm3.o(.emb_text) for os_set_env
    main.o(.text) refers to main.o(i._ZN5MediaC2Ev) for Media::Media__sub_object()
    main.o(.text) refers to ui.o(.data) for UI
    main.o(.text) refers to rt_task.o(i.rt_tsk_delete) for rt_tsk_delete
    main.o(.text) refers to rt_task.o(i.rt_sys_init) for rt_sys_init
    main.o(.text) refers to main.o(.constdata) for vtable for [unnamed type (instance 2)]::[unnamed type (instance 4)]
    main.o(.ARM.exidx) refers to main.o(.text) for .text
    main.o(.constdata) refers to lib_rtti_impl.o(.constdata__ZTVN10__cxxabiv121__vmi_class_type_infoE) for vtable for __cxxabiv1::__vmi_class_type_info
    main.o(.constdata) refers to main.o(.constdata__ZTSNUt0_Ut2_E) for typeinfo name for [unnamed type (instance 2)]::[unnamed type (instance 4)]
    main.o(.constdata) refers to main.o(.constdata__ZTI5Media) for typeinfo for Media
    main.o(.constdata) refers to main.o(.constdata__ZTSNUt0_Ut3_E) for typeinfo name for [unnamed type (instance 2)]::[unnamed type (instance 5)]
    main.o(.constdata) refers to main.o(.constdata__ZTSNUt0_Ut4_E) for typeinfo name for [unnamed type (instance 2)]::[unnamed type (instance 6)]
    main.o(.constdata) refers to main.o(.constdata__ZTSNUt1_Ut2_E) for typeinfo name for [unnamed type (instance 3)]::[unnamed type (instance 4)]
    main.o(.constdata) refers to main.o(.constdata__ZTSNUt1_Ut3_E) for typeinfo name for [unnamed type (instance 3)]::[unnamed type (instance 5)]
    main.o(.constdata) refers to main.o(.constdata__ZTSNUt1_Ut4_E) for typeinfo name for [unnamed type (instance 3)]::[unnamed type (instance 6)]
    main.o(.constdata) refers to main.o(.constdata__ZTSNUt1_Ut5_E) for typeinfo name for [unnamed type (instance 3)]::[unnamed type (instance 7)]
    main.o(.constdata) refers to main.o(.constdata__ZTSNUt1_Ut6_E) for typeinfo name for [unnamed type (instance 3)]::[unnamed type (instance 8)]
    main.o(.constdata) refers to main.o(.text) for [unnamed type (instance 2)]::[unnamed type (instance 4)]::Open()
[...]
    USART_SendData                           0x080079f9   Thumb Code     8  stm32l1xx_usart.o(.text)
    USART_ReceiveData                        0x08007a01   Thumb Code    10  stm32l1xx_usart.o(.text)
    USART_SetAddress                         0x08007a0b   Thumb Code    18  stm32l1xx_usart.o(.text)
    USART_ReceiverWakeUpCmd                  0x08007a1d   Thumb Code    24  stm32l1xx_usart.o(.text)
    USART_WakeUpConfig                       0x08007a35   Thumb Code    18  stm32l1xx_usart.o(.text)
    USART_LINBreakDetectLengthConfig         0x08007a47   Thumb Code    18  stm32l1xx_usart.o(.text)
    USART_LINCmd                             0x08007a59   Thumb Code    24  stm32l1xx_usart.o(.text)
    USART_SendBreak                          0x08007a71   Thumb Code    10  stm32l1xx_usart.o(.text)
    USART_HalfDuplexCmd                      0x08007a7b   Thumb Code    24  stm32l1xx_usart.o(.text)
    USART_SetGuardTime                       0x08007a93   Thumb Code    16  stm32l1xx_usart.o(.text)
    USART_SmartCardCmd                       0x08007aa3   Thumb Code    24  stm32l1xx_usart.o(.text)
    USART_SmartCardNACKCmd                   0x08007abb   Thumb Code    24  stm32l1xx_usart.o(.text)
    USART_IrDAConfig                         0x08007ad3   Thumb Code    18  stm32l1xx_usart.o(.text)
    USART_IrDACmd                            0x08007ae5   Thumb Code    24  stm32l1xx_usart.o(.text)
    USART_DMACmd                             0x08007afd   Thumb Code    18  stm32l1xx_usart.o(.text)
    USART_ITConfig                           0x08007b0f   Thumb Code    64  stm32l1xx_usart.o(.text)
    USART_GetFlagStatus                      0x08007b4f   Thumb Code    18  stm32l1xx_usart.o(.text)
    USART_ClearFlag                          0x08007b61   Thumb Code     6  stm32l1xx_usart.o(.text)
    USART_GetITStatus                        0x08007b67   Thumb Code    76  stm32l1xx_usart.o(.text)
    USART_ClearITPendingBit                  0x08007bb3   Thumb Code    20  stm32l1xx_usart.o(.text)
    RCC_DeInit                               0x08007bd5   Thumb Code    74  stm32l1xx_rcc.o(.text)
    RCC_HSEConfig                            0x08007c1f   Thumb Code    14  stm32l1xx_rcc.o(.text)
    RCC_GetFlagStatus                        0x08007c2d   Thumb Code    48  stm32l1xx_rcc.o(.text)
    RCC_WaitForHSEStartUp                    0x08007c5d   Thumb Code    56  stm32l1xx_rcc.o(.text)
    RCC_AdjustMSICalibrationValue            0x08007c95   Thumb Code     8  stm32l1xx_rcc.o(.text)
    RCC_MSIRangeConfig                       0x08007c9d   Thumb Code    20  stm32l1xx_rcc.o(.text)
    RCC_MSICmd                               0x08007cb1   Thumb Code     6  stm32l1xx_rcc.o(.text)
    RCC_AdjustHSICalibrationValue            0x08007cb7   Thumb Code    22  stm32l1xx_rcc.o(.text)
    RCC_HSICmd                               0x08007ccd   Thumb Code     6  stm32l1xx_rcc.o(.text)
    RCC_LSEConfig                            0x08007cd3   Thumb Code    14  stm32l1xx_rcc.o(.text)
    RCC_LSICmd                               0x08007ce1   Thumb Code     6  stm32l1xx_rcc.o(.text)
    RCC_PLLConfig                            0x08007ce7   Thumb Code    16  stm32l1xx_rcc.o(.text)
    RCC_PLLCmd                               0x08007cf7   Thumb Code     6  stm32l1xx_rcc.o(.text)
    RCC_ClockSecuritySystemCmd               0x08007cfd   Thumb Code     6  stm32l1xx_rcc.o(.text)
    RCC_MCOConfig                            0x08007d03   Thumb Code    12  stm32l1xx_rcc.o(.text)
    RCC_SYSCLKConfig                         0x08007d0f   Thumb Code    20  stm32l1xx_rcc.o(.text)
    RCC_GetSYSCLKSource                      0x08007d23   Thumb Code    12  stm32l1xx_rcc.o(.text)
    RCC_HCLKConfig                           0x08007d2f   Thumb Code    20  stm32l1xx_rcc.o(.text)
    RCC_PCLK1Config                          0x08007d43   Thumb Code    20  stm32l1xx_rcc.o(.text)
    RCC_PCLK2Config                          0x08007d57   Thumb Code    22  stm32l1xx_rcc.o(.text)
    RCC_GetClocksFreq                        0x08007d6d   Thumb Code   248  stm32l1xx_rcc.o(.text)
    RCC_RTCCLKConfig                         0x08007e65   Thumb Code    64  stm32l1xx_rcc.o(.text)
    RCC_RTCCLKCmd                            0x08007ea5   Thumb Code     8  stm32l1xx_rcc.o(.text)
    RCC_RTCResetCmd                          0x08007ead   Thumb Code     8  stm32l1xx_rcc.o(.text)
    RCC_AHBPeriphClockCmd                    0x08007eb5   Thumb Code    34  stm32l1xx_rcc.o(.text)
    RCC_APB2PeriphClockCmd                   0x08007ed7   Thumb Code    34  stm32l1xx_rcc.o(.text)
    RCC_APB1PeriphClockCmd                   0x08007ef9   Thumb Code    34  stm32l1xx_rcc.o(.text)
    RCC_AHBPeriphResetCmd                    0x08007f1b   Thumb Code    34  stm32l1xx_rcc.o(.text)
    RCC_APB2PeriphResetCmd                   0x08007f3d   Thumb Code    34  stm32l1xx_rcc.o(.text)
    RCC_APB1PeriphResetCmd                   0x08007f5f   Thumb Code    34  stm32l1xx_rcc.o(.text)
    RCC_AHBPeriphClockLPModeCmd              0x08007f81   Thumb Code    34  stm32l1xx_rcc.o(.text)
    RCC_APB2PeriphClockLPModeCmd             0x08007fa3   Thumb Code    66  stm32l1xx_rcc.o(.text)
    RCC_APB1PeriphClockLPModeCmd             0x08007fe5   Thumb Code    34  stm32l1xx_rcc.o(.text)
    RCC_ITConfig                             0x08008007   Thumb Code    34  stm32l1xx_rcc.o(.text)
    RCC_ClearFlag                            0x08008029   Thumb Code    18  stm32l1xx_rcc.o(.text)
    RCC_GetITStatus                          0x0800803b   Thumb Code    22  stm32l1xx_rcc.o(.text)
    RCC_ClearITPendingBit                    0x08008051   Thumb Code     8  stm32l1xx_rcc.o(.text)
    EXTI_DeInit                              0x0800805d   Thumb Code    28  stm32l1xx_exti.o(.text)
    EXTI_Init                                0x08008079   Thumb Code   142  stm32l1xx_exti.o(.text)
    EXTI_StructInit                          0x08008107   Thumb Code    16  stm32l1xx_exti.o(.text)
    EXTI_GenerateSWInterrupt                 0x08008117   Thumb Code    16  stm32l1xx_exti.o(.text)
    EXTI_GetFlagStatus                       0x08008127   Thumb Code    22  stm32l1xx_exti.o(.text)
    EXTI_ClearFlag                           0x0800813d   Thumb Code     8  stm32l1xx_exti.o(.text)
    EXTI_GetITStatus                         0x08008145   Thumb Code    34  stm32l1xx_exti.o(.text)
    EXTI_ClearITPendingBit                   0x08008167   Thumb Code     8  stm32l1xx_exti.o(.text)
    IWDG_WriteAccessCmd                      0x08008179   Thumb Code     6  stm32l1xx_iwdg.o(.text)
    IWDG_SetPrescaler                        0x0800817f   Thumb Code     6  stm32l1xx_iwdg.o(.text)
    IWDG_SetReload                           0x08008185   Thumb Code     6  stm32l1xx_iwdg.o(.text)
    IWDG_ReloadCounter                       0x0800818b   Thumb Code    10  stm32l1xx_iwdg.o(.text)
    IWDG_Enable                              0x08008195   Thumb Code    10  stm32l1xx_iwdg.o(.text)
    IWDG_GetFlagStatus                       0x0800819f   Thumb Code    20  stm32l1xx_iwdg.o(.text)
    PWR_DeInit                               0x080081b9   Thumb Code    22  stm32l1xx_pwr.o(.text)
    PWR_RTCAccessCmd                         0x080081cf   Thumb Code     6  stm32l1xx_pwr.o(.text)
    PWR_PVDLevelConfig                       0x080081d5   Thumb Code    18  stm32l1xx_pwr.o(.text)
    PWR_PVDCmd                               0x080081e7   Thumb Code     6  stm32l1xx_pwr.o(.text)
    PWR_WakeUpPinCmd                         0x080081ed   Thumb Code    20  stm32l1xx_pwr.o(.text)
    PWR_FastWakeUpCmd                        0x08008201   Thumb Code     6  stm32l1xx_pwr.o(.text)
    PWR_UltraLowPowerCmd                     0x08008207   Thumb Code     6  stm32l1xx_pwr.o(.text)
    PWR_VoltageScalingConfig                 0x0800820d   Thumb Code    24  stm32l1xx_pwr.o(.text)
    PWR_EnterLowPowerRunMode                 0x08008225   Thumb Code    50  stm32l1xx_pwr.o(.text)
    PWR_EnterSleepMode                       0x08008257   Thumb Code    42  stm32l1xx_pwr.o(.text)
    PWR_EnterSTOPMode                        0x08008281   Thumb Code    54  stm32l1xx_pwr.o(.text)
    PWR_EnterSTANDBYMode                     0x080082b7   Thumb Code    42  stm32l1xx_pwr.o(.text)
    PWR_GetFlagStatus                        0x080082e1   Thumb Code    20  stm32l1xx_pwr.o(.text)
    PWR_ClearFlag                            0x080082f5   Thumb Code    14  stm32l1xx_pwr.o(.text)
    FLASH_SetLatency                         0x08008311   Thumb Code    18  stm32l1xx_flash.o(.text)
    FLASH_PrefetchBufferCmd                  0x08008323   Thumb Code    30  stm32l1xx_flash.o(.text)
    FLASH_ReadAccess64Cmd                    0x08008341   Thumb Code    30  stm32l1xx_flash.o(.text)
    FLASH_SLEEPPowerDownCmd                  0x0800835f   Thumb Code    30  stm32l1xx_flash.o(.text)
    DATA_EEPROM_Unlock                       0x0800837d   Thumb Code    26  stm32l1xx_flash.o(.text)
    FLASH_Unlock                             0x08008397   Thumb Code    32  stm32l1xx_flash.o(.text)
    FLASH_Lock                               0x080083b7   Thumb Code    18  stm32l1xx_flash.o(.text)
    FLASH_GetStatus                          0x080083c9   Thumb Code    56  stm32l1xx_flash.o(.text)
    FLASH_WaitForLastOperation               0x08008401   Thumb Code    38  stm32l1xx_flash.o(.text)
    FLASH_ErasePage                          0x08008427   Thumb Code    86  stm32l1xx_flash.o(.text)
    FLASH_FastProgramWord                    0x0800847d   Thumb Code    34  stm32l1xx_flash.o(.text)
    DATA_EEPROM_Lock                         0x0800849f   Thumb Code    18  stm32l1xx_flash.o(.text)
    DATA_EEPROM_FixedTimeProgramCmd          0x080084b1   Thumb Code    38  stm32l1xx_flash.o(.text)
    DATA_EEPROM_EraseWord                    0x080084d7   Thumb Code    26  stm32l1xx_flash.o(.text)
    DATA_EEPROM_FastProgramWord              0x080084f1   Thumb Code    50  stm32l1xx_flash.o(.text)
    DATA_EEPROM_FastProgramByte              0x08008523   Thumb Code   108  stm32l1xx_flash.o(.text)
    DATA_EEPROM_FastProgramHalfWord          0x0800858f   Thumb Code   136  stm32l1xx_flash.o(.text)
    DATA_EEPROM_ProgramByte                  0x08008617   Thumb Code    92  stm32l1xx_flash.o(.text)
    DATA_EEPROM_ProgramHalfWord              0x08008673   Thumb Code   120  stm32l1xx_flash.o(.text)
    DATA_EEPROM_ProgramWord                  0x080086eb   Thumb Code    54  stm32l1xx_flash.o(.text)
    FLASH_OB_Unlock                          0x08008721   Thumb Code    30  stm32l1xx_flash.o(.text)
    FLASH_OB_Lock                            0x0800873f   Thumb Code    14  stm32l1xx_flash.o(.text)
    FLASH_OB_Launch                          0x0800874d   Thumb Code    14  stm32l1xx_flash.o(.text)
    FLASH_OB_WRPConfig                       0x0800875b   Thumb Code   142  stm32l1xx_flash.o(.text)
    FLASH_OB_RDPConfig                       0x080087e9   Thumb Code    48  stm32l1xx_flash.o(.text)
    FLASH_OB_UserConfig                      0x08008819   Thumb Code    94  stm32l1xx_flash.o(.text)
    FLASH_OB_BORConfig                       0x08008877   Thumb Code    66  stm32l1xx_flash.o(.text)
    FLASH_OB_GetUser                         0x080088b9   Thumb Code    12  stm32l1xx_flash.o(.text)
    FLASH_OB_GetWRP                          0x080088c5   Thumb Code     8  stm32l1xx_flash.o(.text)
    FLASH_OB_GetRDP                          0x080088cd   Thumb Code    22  stm32l1xx_flash.o(.text)
    FLASH_OB_GetBOR                          0x080088e3   Thumb Code    12  stm32l1xx_flash.o(.text)
    FLASH_ITConfig                           0x080088ef   Thumb Code    26  stm32l1xx_flash.o(.text)
    FLASH_GetFlagStatus                      0x08008909   Thumb Code    22  stm32l1xx_flash.o(.text)
    FLASH_ClearFlag                          0x0800891f   Thumb Code     8  stm32l1xx_flash.o(.text)
    SYSCFG_DeInit                            0x08008939   Thumb Code    20  stm32l1xx_syscfg.o(.text)
    SYSCFG_RIDeInit                          0x0800894d   Thumb Code    28  stm32l1xx_syscfg.o(.text)
    SYSCFG_MemoryRemapConfig                 0x08008969   Thumb Code     6  stm32l1xx_syscfg.o(.text)
    SYSCFG_USBPuCmd                          0x0800896f   Thumb Code    30  stm32l1xx_syscfg.o(.text)
    SYSCFG_EXTILineConfig                    0x0800898d   Thumb Code    66  stm32l1xx_syscfg.o(.text)
    SYSCFG_RITIMSelect                       0x080089cf   Thumb Code    18  stm32l1xx_syscfg.o(.text)
    SYSCFG_RITIMInputCaptureConfig           0x080089e1   Thumb Code    86  stm32l1xx_syscfg.o(.text)
    SYSCFG_RIResistorConfig                  0x08008a37   Thumb Code    34  stm32l1xx_syscfg.o(.text)
    SYSCFG_RIIOSwitchConfig                  0x08008a59   Thumb Code    80  stm32l1xx_syscfg.o(.text)
    SYSCFG_RISwitchControlModeCmd            0x08008aa9   Thumb Code    38  stm32l1xx_syscfg.o(.text)
    SYSCFG_RIHysteresisConfig                0x08008acf   Thumb Code   200  stm32l1xx_syscfg.o(.text)
    __user_libspace                          0x08008ba1   Thumb Code     8  libspace.o(.text)
    __user_perproc_libspace                  0x08008ba1   Thumb Code     0  libspace.o(.text)
    __2sprintf                               0x08008ba9   Thumb Code    34  noretval__2sprintf.o(.text)
    __printf                                 0x08008bd1   Thumb Code   104  __printf.o(.text)
    _printf_str                              0x08008c39   Thumb Code    82  _printf_str.o(.text)
    _printf_int_dec                          0x08008c8d   Thumb Code   104  _printf_dec.o(.text)
    strtok                                   0x08008d05   Thumb Code     6  strtok.o(.text)
    memcmp                                   0x08008d11   Thumb Code    88  memcmp.o(.text)
    strcpy                                   0x08008d69   Thumb Code    72  strcpy.o(.text)
    strlen                                   0x08008db1   Thumb Code    62  strlen.o(.text)
    __aeabi_memcpy4                          0x08008def   Thumb Code     0  rt_memcpy_w.o(.text)
    __aeabi_memcpy8                          0x08008def   Thumb Code     0  rt_memcpy_w.o(.text)
    __rt_memcpy_w                            0x08008def   Thumb Code   100  rt_memcpy_w.o(.text)
    _memcpy_lastbytes_aligned                0x08008e37   Thumb Code     0  rt_memcpy_w.o(.text)
    __aeabi_memclr                           0x08008e53   Thumb Code     0  rt_memclr.o(.text)
    __rt_memclr                              0x08008e53   Thumb Code    68  rt_memclr.o(.text)
    _memset                                  0x08008e57   Thumb Code     0  rt_memclr.o(.text)
    __aeabi_memclr4                          0x08008e97   Thumb Code     0  rt_memclr_w.o(.text)
    __aeabi_memclr8                          0x08008e97   Thumb Code     0  rt_memclr_w.o(.text)
    __rt_memclr_w                            0x08008e97   Thumb Code    78  rt_memclr_w.o(.text)
    _memset_w                                0x08008e9b   Thumb Code     0  rt_memclr_w.o(.text)
    strcmp                                   0x08008ee5   Thumb Code   128  strcmpv7m.o(.text)
    __use_two_region_memory                  0x08008f65   Thumb Code     2  heapauxi.o(.text)
    __rt_heap_escrow                         0x08008f67   Thumb Code     2  heapauxi.o(.text)
    __rt_heap_expand                         0x08008f69   Thumb Code     2  heapauxi.o(.text)
    __cpp_initialize__aeabi_                 0x08008f6d   Thumb Code    26  init_aeabi.o(.text)
    __rt_new_handler_addr                    0x08008f91   Thumb Code    10  rt_new_handler_addr_twolibspace.o(.text)
    _malloc_internal                         0x08008fa3   Thumb Code   130  h1_alloc_mt.o(.text)
    malloc                                   0x08009025   Thumb Code    20  h1_alloc_mt.o(.text)
    _printf_int_common                       0x08009039   Thumb Code   178  _printf_intcommon.o(.text)
    _printf_char_common                      0x080090f7   Thumb Code    32  _printf_char_common.o(.text)
    _sputc                                   0x0800911d   Thumb Code    10  _sputc.o(.text)
    _printf_cs_common                        0x08009127   Thumb Code    20  _printf_char.o(.text)
    _printf_char                             0x0800913b   Thumb Code    16  _printf_char.o(.text)
    _printf_string                           0x0800914b   Thumb Code     8  _printf_char.o(.text)
    __rt_SIGPVFN                             0x08009153   Thumb Code    14  defsig_pvfn_outer.o(.text)
    __strtok_internal                        0x08009161   Thumb Code    64  strtok_int.o(.text)
    __default_new_handler()                  0x080091a5   Thumb Code     4  arm_newhandler_noexceptions.o(.text)
    __rt_heap_descriptor                     0x080091a9   Thumb Code    10  rt_heap_descriptor_twolibspace.o(.text)
    __use_no_heap                            0x080091b3   Thumb Code     2  hguard.o(.text)
    __heap$guard                             0x080091b5   Thumb Code     2  hguard.o(.text)
    _terminate_user_alloc                    0x080091b7   Thumb Code     2  init_alloc.o(.text)
    _init_user_alloc                         0x080091b9   Thumb Code     2  init_alloc.o(.text)
    __Heap_Full                              0x080091bb   Thumb Code    34  init_alloc.o(.text)
    __Heap_Broken                            0x080091dd   Thumb Code     6  init_alloc.o(.text)
    _init_alloc                              0x080091e3   Thumb Code    94  init_alloc.o(.text)
    __Heap_Initialize                        0x08009241   Thumb Code    14  h1_init_mt.o(.text)
    __Heap_DescSize                          0x0800924f   Thumb Code     4  h1_init_mt.o(.text)
    _free_internal                           0x08009253   Thumb Code    98  h1_free_mt.o(.text)
    free                                     0x080092b5   Thumb Code    20  h1_free_mt.o(.text)
    __sig_exit                               0x080092c9   Thumb Code    10  defsig_exit.o(.text)
    __rt_SIGPVFN_inner                       0x080092d5   Thumb Code    14  defsig_pvfn_inner.o(.text)
    strcspn                                  0x08009305   Thumb Code    32  strcspn.o(.text)
    strspn                                   0x08009325   Thumb Code    28  strspn.o(.text)
    std::terminate()                         0x08009341   Thumb Code    26  arm_exceptions_terminate.o(.text)
    __cxa_get_globals                        0x08009363   Thumb Code    62  arm_exceptions_globs.o(.text)
    _sys_exit                                0x080093ad   Thumb Code     8  sys_exit.o(.text)
    __user_setup_stackheap                   0x080093b9   Thumb Code    74  sys_stackheap_outer.o(.text)
    __rt_eh_globals_addr                     0x08009403   Thumb Code    10  rt_eh_globals_addr_twolibspace.o(.text)
    __Heap_ProvideMemory                     0x0800940d   Thumb Code    62  h1_extend_mt.o(.text)
    exit                                     0x0800944b   Thumb Code    18  exit.o(.text)
    abort                                    0x0800945d   Thumb Code    22  abort.o(.text)
    __default_signal_display                 0x08009473   Thumb Code    50  defsig_general.o(.text)
    __rt_SIGRTMEM                            0x080094a5   Thumb Code    14  defsig_rtmem_outer.o(.text)
    __ARM_exceptions_buffer_init             0x080094b3   Thumb Code    18  arm_exceptions_mem.o(.text)
    __ARM_exceptions_buffer_allocate         0x080094c5   Thumb Code    22  arm_exceptions_mem.o(.text)
    __ARM_exceptions_buffer_free             0x080094db   Thumb Code    20  arm_exceptions_mem.o(.text)
    _ttywrch                                 0x080094ef   Thumb Code    14  sys_wrch.o(.text)
    __I$use$semihosting                      0x080094fd   Thumb Code     0  use_no_semi.o(.text)
    __use_no_semihosting_swi                 0x080094fd   Thumb Code     2  use_no_semi.o(.text)
    __rt_SIGABRT                             0x080094ff   Thumb Code    14  defsig_abrt_outer.o(.text)
    __semihosting_library_function           0x080094ff   Thumb Code     0  indicate_semi.o(.text)
    __rt_SIGRTMEM_inner                      0x0800950d   Thumb Code    22  defsig_rtmem_inner.o(.text)
    __rt_SIGABRT_inner                       0x0800955d   Thumb Code    14  defsig_abrt_inner.o(.text)
    SVC_Count                                0x0800958c   Data           4  SVC_Table.o(SVC_TABLE)
    SVC_Table                                0x08009590   Data           0  SVC_Table.o(SVC_TABLE)
    struct_GPIO::struct_Input::GetAddrFun()  0x08009591   Thumb Code     6  gpio.o(i._ZN11struct_GPIO12struct_Input10GetAddrFunEv)
    struct_GPIO::struct_Input::RunAddrFun()  0x08009597   Thumb Code    10  gpio.o(i._ZN11struct_GPIO12struct_Input10RunAddrFunEv)
    struct_GPIO::struct_Input::SetAddrFun(void(*)()) 0x080095a1   Thumb Code     4  gpio.o(i._ZN11struct_GPIO12struct_Input10SetAddrFunEPFvvE)
    struct_GPIO::struct_Input::GetAddrValue() 0x080095a5   Thumb Code     6  gpio.o(i._ZN11struct_GPIO12struct_Input12GetAddrValueEv)
    struct_GPIO::struct_Input::GetFeedValue() 0x080095ab   Thumb Code     6  gpio.o(i._ZN11struct_GPIO12struct_Input12GetFeedValueEv)
    struct_GPIO::struct_Input::SetAddrValue(bool*) 0x080095b1   Thumb Code     4  gpio.o(i._ZN11struct_GPIO12struct_Input12SetAddrValueEPb)
    struct_GPIO::struct_Input::SetFeedValue(bool) 0x080095b5   Thumb Code     4  gpio.o(i._ZN11struct_GPIO12struct_Input12SetFeedValueEb)
    struct_GPIO::struct_Input::GetPin()      0x080095b9   Thumb Code     6  gpio.o(i._ZN11struct_GPIO12struct_Input6GetPinEv)
    struct_GPIO::struct_Input::SetPin(unsigned char) 0x080095bf   Thumb Code     4  gpio.o(i._ZN11struct_GPIO12struct_Input6SetPinEh)
    struct_GPIO::struct_Input::GetEdge()     0x080095c3   Thumb Code     6  gpio.o(i._ZN11struct_GPIO12struct_Input7GetEdgeEv)
    struct_GPIO::struct_Input::GetPort()     0x080095c9   Thumb Code     6  gpio.o(i._ZN11struct_GPIO12struct_Input7GetPortEv)
    struct_GPIO::struct_Input::SetEdge(unsigned char) 0x080095cf   Thumb Code     4  gpio.o(i._ZN11struct_GPIO12struct_Input7SetEdgeEh)
    struct_GPIO::struct_Input::SetPort(unsigned char) 0x080095d3   Thumb Code     4  gpio.o(i._ZN11struct_GPIO12struct_Input7SetPortEh)
    struct_GPIO::struct_Input::SetByInt(bool) 0x080095d7   Thumb Code     4  gpio.o(i._ZN11struct_GPIO12struct_Input8SetByIntEb)
    struct_GPIO::struct_Input::struct_Input() 0x080095db   Thumb Code    70  gpio.o(i._ZN11struct_GPIO12struct_InputC1Ev)
    struct_GPIO::struct_Input::struct_Input__sub_object() 0x080095db   Thumb Code     0  gpio.o(i._ZN11struct_GPIO12struct_InputC1Ev)
    struct_GPIO::GetNumOfInput()             0x08009621   Thumb Code     8  gpio.o(i._ZN11struct_GPIO13GetNumOfInputEv)
    struct_GPIO::struct_Output::SetAddrValue(bool*) 0x08009629   Thumb Code     4  gpio.o(i._ZN11struct_GPIO13struct_Output12SetAddrValueEPb)
    struct_GPIO::struct_Output::SetFeedValue(bool) 0x0800962d   Thumb Code     4  gpio.o(i._ZN11struct_GPIO13struct_Output12SetFeedValueEb)
    struct_GPIO::struct_Output::SetPin(unsigned char) 0x08009631   Thumb Code     4  gpio.o(i._ZN11struct_GPIO13struct_Output6SetPinEh)
    struct_GPIO::struct_Output::GetPort()    0x08009635   Thumb Code     6  gpio.o(i._ZN11struct_GPIO13struct_Output7GetPortEv)
    struct_GPIO::struct_Output::SetPort(unsigned char) 0x0800963b   Thumb Code     4  gpio.o(i._ZN11struct_GPIO13struct_Output7SetPortEh)
    struct_GPIO::struct_Output::struct_Output() 0x0800963f   Thumb Code    46  gpio.o(i._ZN11struct_GPIO13struct_OutputC1Ev)
    struct_GPIO::struct_Output::struct_Output__sub_object() 0x0800963f   Thumb Code     0  gpio.o(i._ZN11struct_GPIO13struct_OutputC1Ev)
    struct_GPIO::GetNumOfOutput()            0x0800966d   Thumb Code     6  gpio.o(i._ZN11struct_GPIO14GetNumOfOutputEv)
    RTC_DateTime::struct_Date::GetDay()      0x08009673   Thumb Code     6  datetype.o(i._ZN12RTC_DateTime11struct_Date6GetDayEv)
    RTC_DateTime::struct_Date::SetDay(int)   0x08009679   Thumb Code     4  datetype.o(i._ZN12RTC_DateTime11struct_Date6SetDayEi)
    RTC_DateTime::struct_Date::GetYear()     0x0800967d   Thumb Code     6  datetype.o(i._ZN12RTC_DateTime11struct_Date7GetYearEv)
    RTC_DateTime::struct_Date::SetYear(int)  0x08009683   Thumb Code     4  datetype.o(i._ZN12RTC_DateTime11struct_Date7SetYearEi)
    RTC_DateTime::struct_Date::GetMonth()    0x08009687   Thumb Code     6  datetype.o(i._ZN12RTC_DateTime11struct_Date8GetMonthEv)
    RTC_DateTime::struct_Date::SetMonth(int) 0x0800968d   Thumb Code     4  datetype.o(i._ZN12RTC_DateTime11struct_Date8SetMonthEi)
    RTC_DateTime::struct_Time::GetHour()     0x08009691   Thumb Code     6  rtc.o(i._ZN12RTC_DateTime11struct_Time7GetHourEv)
    RTC_DateTime::struct_Time::SetHour(int)  0x08009697   Thumb Code     4  datetype.o(i._ZN12RTC_DateTime11struct_Time7SetHourEi)
    RTC_DateTime::struct_Time::GetMinute()   0x0800969b   Thumb Code     6  rtc.o(i._ZN12RTC_DateTime11struct_Time9GetMinuteEv)
    RTC_DateTime::struct_Time::GetSecond()   0x080096a1   Thumb Code     6  rtc.o(i._ZN12RTC_DateTime11struct_Time9GetSecondEv)
    RTC_DateTime::struct_Time::SetMinute(int) 0x080096a7   Thumb Code     4  rtc.o(i._ZN12RTC_DateTime11struct_Time9SetMinuteEi)
    RTC_DateTime::struct_Time::SetSecond(int) 0x080096ab   Thumb Code     4  rtc.o(i._ZN12RTC_DateTime11struct_Time9SetSecondEi)
    RTC_DateTime::RTC_DateTime()             0x080096af   Thumb Code    16  rtc.o(i._ZN12RTC_DateTimeC1Ev)
    RTC_DateTime::RTC_DateTime__sub_object() 0x080096af   Thumb Code     0  rtc.o(i._ZN12RTC_DateTimeC1Ev)
    struct_TIMER::GetNumChannel()            0x080096bf   Thumb Code     6  timer.o(i._ZN12struct_TIMER13GetNumChannelEv)
    struct_TIMER::struct_Channel::IncreaseCount(unsigned long long) 0x080096c5   Thumb Code    16  timer.o(i._ZN12struct_TIMER14struct_Channel13IncreaseCountEy)
    struct_TIMER::struct_Channel::SetCallPeriod(void(*)()) 0x080096d5   Thumb Code     4  timer.o(i._ZN12struct_TIMER14struct_Channel13SetCallPeriodEPFvvE)
    struct_TIMER::struct_Channel::GetDiff()  0x080096d9   Thumb Code     8  timer.o(i._ZN12struct_TIMER14struct_Channel7GetDiffEv)
    struct_TIMER::struct_Channel::SetDiff(unsigned long long) 0x080096e1   Thumb Code     6  timer.o(i._ZN12struct_TIMER14struct_Channel7SetDiffEy)
    struct_TIMER::struct_Channel::GetCount() 0x080096e7   Thumb Code     8  timer.o(i._ZN12struct_TIMER14struct_Channel8GetCountEv)
    struct_TIMER::struct_Channel::SetCount(unsigned long long) 0x080096ef   Thumb Code     6  timer.o(i._ZN12struct_TIMER14struct_Channel8SetCountEy)
    struct_TIMER::struct_Channel::GetPeriod() 0x080096f5   Thumb Code     8  timer.o(i._ZN12struct_TIMER14struct_Channel9GetPeriodEv)
    struct_TIMER::struct_Channel::ResetDiff() 0x080096fd   Thumb Code    16  timer.o(i._ZN12struct_TIMER14struct_Channel9ResetDiffEv)
    struct_TIMER::struct_Channel::SetEnable(bool) 0x0800970d   Thumb Code     4  timer.o(i._ZN12struct_TIMER14struct_Channel9SetEnableEb)
    struct_TIMER::struct_Channel::SetPeriod(unsigned long long) 0x08009711   Thumb Code     6  timer.o(i._ZN12struct_TIMER14struct_Channel9SetPeriodEy)
    struct_TIMER::struct_Channel::struct_Channel() 0x08009717   Thumb Code    66  timer.o(i._ZN12struct_TIMER14struct_ChannelC1Ev)
    struct_TIMER::struct_Channel::struct_Channel__sub_object() 0x08009717   Thumb Code     0  timer.o(i._ZN12struct_TIMER14struct_ChannelC1Ev)
    struct_ValueBool::Set(bool)              0x08009759   Thumb Code     4  main.o(i._ZN16struct_ValueBool3SetEb)
    struct_ValueBool::Enable()               0x0800975d   Thumb Code    14  main.o(i._ZN16struct_ValueBool6EnableEv)
    struct_ValueBool::Disable()              0x0800976b   Thumb Code    14  main.o(i._ZN16struct_ValueBool7DisableEv)
    UART_State_FIFO_STRUCT::rxBusy()         0x08009779   Thumb Code     6  main.o(i._ZN22UART_State_FIFO_STRUCT6rxBusyEv)
    Media::Media__sub_object()               0x08009781   Thumb Code     6  main.o(i._ZN5MediaC2Ev)
    operator new(unsigned)                   0x0800978d   Thumb Code    34  new.o(i._Znwj)
    __aeabi_vec_ctor_nocookie_nodtor         0x080097b5   Thumb Code    36  aeabi_vec_ctor_nocookie_nodtor.o(i.__aeabi_vec_ctor_nocookie_nodtor)
    __cxa_pure_virtual                       0x080097d9   Thumb Code     6  pure_virt.o(i.__cxa_pure_virtual)
    _init_box                                0x080097df   Thumb Code    70  rt_membox.o(i._init_box)
    dbg_init                                 0x08009825   Thumb Code    34  hal_cm3.o(i.dbg_init)
    dbg_task_notify                          0x08009855   Thumb Code    32  hal_cm3.o(i.dbg_task_notify)
    dbg_task_switch                          0x08009875   Thumb Code    16  hal_cm3.o(i.dbg_task_switch)
    os_tick_init                             0x08009885   Thumb Code    32  rt_system.o(i.os_tick_init)
    os_tick_irqack                           0x080098ad   Thumb Code     2  rt_system.o(i.os_tick_irqack)
    rt_alloc_box                             0x080098af   Thumb Code    26  rt_membox.o(i.rt_alloc_box)
    rt_block                                 0x080098c9   Thumb Code    48  rt_task.o(i.rt_block)
    rt_dec_dly                               0x08009901   Thumb Code   106  rt_list.o(i.rt_dec_dly)
    rt_dispatch                              0x08009975   Thumb Code    60  rt_task.o(i.rt_dispatch)
    rt_dly_wait                              0x080099b9   Thumb Code     6  rt_time.o(i.rt_dly_wait)
    rt_evt_psh                               0x080099c1   Thumb Code    72  rt_event.o(i.rt_evt_psh)
    rt_free_box                              0x08009a0d   Thumb Code    32  rt_membox.o(i.rt_free_box)
    rt_get_first                             0x08009a2d   Thumb Code    40  rt_list.o(i.rt_get_first)
    rt_init_stack                            0x08009a99   Thumb Code    70  hal_cm3.o(i.rt_init_stack)
    rt_mbx_psh                               0x08009ae9   Thumb Code   188  rt_mailbox.o(i.rt_mbx_psh)
    rt_mut_init                              0x08009ba9   Thumb Code    16  rt_mutex.o(i.rt_mut_init)
    rt_mut_release                           0x08009bb9   Thumb Code   164  rt_mutex.o(i.rt_mut_release)
    rt_mut_wait                              0x08009c65   Thumb Code    96  rt_mutex.o(i.rt_mut_wait)
    rt_pop_req                               0x08009cc9   Thumb Code   106  rt_system.o(i.rt_pop_req)
    rt_put_dly                               0x08009d41   Thumb Code    68  rt_list.o(i.rt_put_dly)
    rt_put_prio                              0x08009d89   Thumb Code    54  rt_list.o(i.rt_put_prio)
    rt_put_rdy_first                         0x08009dc1   Thumb Code    14  rt_list.o(i.rt_put_rdy_first)
    rt_resort_prio                           0x08009dd5   Thumb Code    46  rt_list.o(i.rt_resort_prio)
    rt_rmv_dly                               0x08009e09   Thumb Code    40  rt_list.o(i.rt_rmv_dly)
    rt_rmv_list                              0x08009e31   Thumb Code    44  rt_list.o(i.rt_rmv_list)
    rt_sem_psh                               0x08009e61   Thumb Code    46  rt_semaphore.o(i.rt_sem_psh)
    rt_stk_check                             0x08009e95   Thumb Code    28  rt_system.o(i.rt_stk_check)
    rt_switch_req                            0x08009eb9   Thumb Code    30  rt_task.o(i.rt_switch_req)
    rt_sys_init                              0x08009ee1   Thumb Code   266  rt_task.o(i.rt_sys_init)
    rt_systick                               0x0800a039   Thumb Code    48  rt_system.o(i.rt_systick)
    rt_tmr_tick                              0x0800a075   Thumb Code    56  rt_timer.o(i.rt_tmr_tick)
    rt_tsk_create                            0x0800a0b5   Thumb Code   126  rt_task.o(i.rt_tsk_create)
    rt_tsk_delete                            0x0800a149   Thumb Code   162  rt_task.o(i.rt_tsk_delete)
    rt_tsk_self                              0x0800a205   Thumb Code    12  rt_task.o(i.rt_tsk_self)
    class_String<(int)512>::Reset()          0x0800a215   Thumb Code    16  tagbench.o(t._ZN12class_StringILi512EE5ResetEv)
    class_String<(int)64>::Reset()           0x0800a225   Thumb Code    14  tagbench.o(t._ZN12class_StringILi64EE5ResetEv)
    __aeabi_d2f                              0x0800a235   Thumb Code     0  d2f.o(x$fpl$d2f)
    _d2f                                     0x0800a235   Thumb Code    98  d2f.o(x$fpl$d2f)
    __aeabi_dadd                             0x0800a299   Thumb Code     0  daddsub_clz.o(x$fpl$dadd)
    _dadd                                    0x0800a299   Thumb Code   332  daddsub_clz.o(x$fpl$dadd)
    __fpl_dcmp_Inf                           0x0800a3e9   Thumb Code    24  dcmpi.o(x$fpl$dcmpinf)
    __aeabi_ddiv                             0x0800a401   Thumb Code     0  ddiv.o(x$fpl$ddiv)
    _ddiv                                    0x0800a401   Thumb Code   552  ddiv.o(x$fpl$ddiv)
    __aeabi_ul2d                             0x0800a6b1   Thumb Code     0  dfltll_clz.o(x$fpl$dfltull)
    _ll_uto_d                                0x0800a6b1   Thumb Code   138  dfltll_clz.o(x$fpl$dfltull)
    __aeabi_cdcmple                          0x0800a73d   Thumb Code     0  dleqf.o(x$fpl$dleqf)
    _dcmple                                  0x0800a73d   Thumb Code   120  dleqf.o(x$fpl$dleqf)
    __fpl_dcmple_InfNaN                      0x0800a79f   Thumb Code     0  dleqf.o(x$fpl$dleqf)
    __aeabi_dmul                             0x0800a7b5   Thumb Code     0  dmul.o(x$fpl$dmul)
    _dmul                                    0x0800a7b5   Thumb Code   332  dmul.o(x$fpl$dmul)
    __fpl_dnaninf                            0x0800a909   Thumb Code   156  dnaninf.o(x$fpl$dnaninf)
    __fpl_dretinf                            0x0800a9a5   Thumb Code    12  dretinf.o(x$fpl$dretinf)
    __aeabi_cdrcmple                         0x0800a9b1   Thumb Code     0  drleqf.o(x$fpl$drleqf)
    _drcmple                                 0x0800a9b1   Thumb Code   108  drleqf.o(x$fpl$drleqf)
    __aeabi_dsub                             0x0800aa1d   Thumb Code     0  daddsub_clz.o(x$fpl$dsub)
    _dsub                                    0x0800aa1d   Thumb Code   464  daddsub_clz.o(x$fpl$dsub)
    __aeabi_f2d                              0x0800abf1   Thumb Code     0  f2d.o(x$fpl$f2d)
    _f2d                                     0x0800abf1   Thumb Code    86  f2d.o(x$fpl$f2d)
    __aeabi_fdiv                             0x0800ac49   Thumb Code     0  fdiv.o(x$fpl$fdiv)
    _fdiv                                    0x0800ac49   Thumb Code   384  fdiv.o(x$fpl$fdiv)
    __aeabi_i2f                              0x0800adcd   Thumb Code     0  fflt_clz.o(x$fpl$fflt)
    _fflt                                    0x0800adcd   Thumb Code    48  fflt_clz.o(x$fpl$fflt)
    __aeabi_ul2f                             0x0800adfd   Thumb Code     0  ffltll_clz.o(x$fpl$ffltll)
    _ll_uto_f                                0x0800adfd   Thumb Code     6  ffltll_clz.o(x$fpl$ffltll)
    __aeabi_l2f                              0x0800ae03   Thumb Code     0  ffltll_clz.o(x$fpl$ffltll)
    _ll_sto_f                                0x0800ae03   Thumb Code    90  ffltll_clz.o(x$fpl$ffltll)
    __aeabi_ui2f                             0x0800ae5d   Thumb Code     0  fflt_clz.o(x$fpl$ffltu)
    _ffltu                                   0x0800ae5d   Thumb Code    38  fflt_clz.o(x$fpl$ffltu)
    __aeabi_fmul                             0x0800ae85   Thumb Code     0  fmul.o(x$fpl$fmul)
    _fmul                                    0x0800ae85   Thumb Code   258  fmul.o(x$fpl$fmul)
    __fpl_fnaninf                            0x0800af87   Thumb Code   140  fnaninf.o(x$fpl$fnaninf)
    __fpl_fretinf                            0x0800b013   Thumb Code    10  fretinf.o(x$fpl$fretinf)
    __aeabi_d2ulz                            0x0800b01d   Thumb Code     0  dfixull.o(x$fpl$llufromd)
    _ll_ufrom_d                              0x0800b01d   Thumb Code   120  dfixull.o(x$fpl$llufromd)
    __I$use$fp                               0x0800b094   Number         0  usenofp.o(x$fpl$usenofp)
    GPIO_PORTCLOCK                           0x0800b304   Data          32  gpio.o(.constdata)
    os_maxtaskrun                            0x0800b32c   Data           2  rtx_conf_cm.o(.constdata)
    os_stackinfo                             0x0800b330   Data           4  rtx_conf_cm.o(.constdata)
    os_rrobin                                0x0800b334   Data           4  rtx_conf_cm.o(.constdata)
    os_trv                                   0x0800b338   Data           4  rtx_conf_cm.o(.constdata)
    os_flags                                 0x0800b33c   Data           1  rtx_conf_cm.o(.constdata)
    os_clockrate                             0x0800b340   Data           4  rtx_conf_cm.o(.constdata)
    os_timernum                              0x0800b344   Data           4  rtx_conf_cm.o(.constdata)
    mp_tcb_size                              0x0800b348   Data           2  rtx_conf_cm.o(.constdata)
    mp_stk_size                              0x0800b34c   Data           4  rtx_conf_cm.o(.constdata)
    os_fifo_size                             0x0800b350   Data           1  rtx_conf_cm.o(.constdata)
    mp_tmr_size                              0x0800b352   Data           2  rtx_conf_cm.o(.constdata)
    typeinfo for Media                       0x0800b354   Data           8  main.o(.constdata__ZTI5Media)
    typeinfo name for Media                  0x0800b35c   Data           7  main.o(.constdata__ZTS5Media)
    typeinfo name for [unnamed type (instance 2)]::[unnamed type (instance 4)] 0x0800b363   Data          11  main.o(.constdata__ZTSNUt0_Ut2_E)
    typeinfo name for [unnamed type (instance 2)]::[unnamed type (instance 5)] 0x0800b36e   Data          11  main.o(.constdata__ZTSNUt0_Ut3_E)
    typeinfo name for [unnamed type (instance 2)]::[unnamed type (instance 6)] 0x0800b379   Data          11  main.o(.constdata__ZTSNUt0_Ut4_E)
    typeinfo name for [unnamed type (instance 3)]::[unnamed type (instance 4)] 0x0800b384   Data          11  main.o(.constdata__ZTSNUt1_Ut2_E)
    typeinfo name for [unnamed type (instance 3)]::[unnamed type (instance 5)] 0x0800b38f   Data          11  main.o(.constdata__ZTSNUt1_Ut3_E)
    typeinfo name for [unnamed type (instance 3)]::[unnamed type (instance 6)] 0x0800b39a   Data          11  main.o(.constdata__ZTSNUt1_Ut4_E)
    typeinfo name for [unnamed type (instance 3)]::[unnamed type (instance 7)] 0x0800b3a5   Data          11  main.o(.constdata__ZTSNUt1_Ut5_E)
    typeinfo name for [unnamed type (instance 3)]::[unnamed type (instance 8)] 0x0800b3b0   Data          11  main.o(.constdata__ZTSNUt1_Ut6_E)
    vtable for Media                         0x0800b3bc   Data          36  main.o(.constdata__ZTV5Media)
    vtable for __cxxabiv1::__class_type_info 0x0800b3e0   Data          16  lib_rtti_impl.o(.constdata__ZTVN10__cxxabiv117__class_type_infoE)
    vtable for __cxxabiv1::__vmi_class_type_info 0x0800b3f0   Data          16  lib_rtti_impl.o(.constdata__ZTVN10__cxxabiv121__vmi_class_type_infoE)
    Region$$Table$$Base                      0x0800b400   Number         0  anon$$obj.o(Region$$Table)
    Region$$Table$$Limit                     0x0800b420   Number         0  anon$$obj.o(Region$$Table)
    SHT$$INIT_ARRAY$$Base                    0x0800b420   Number         0  main.o(.init_array)
    SHT$$INIT_ARRAY$$Limit                   0x0800b430   Number         0  init_aeabi.o(.init_array)
    General                                  0x20000000   Data           2  main.o(.data)
    TEST_GetID_MUTEX                         0x20000002   Data           1  main.o(.data)
    TEST_ID56_CheckBuzzer_EventMic_Count     0x20000004   Data           4  main.o(.data)
    TEST_ID56_CheckBuzzer_EventLED_Count     0x20000008   Data           4  main.o(.data)
    UI                                       0x20000010   Data           4  ui.o(.data)
    GPIO_PORTSEL                             0x2000001c   Data          32  gpio.o(.data)
    UART1_WordLength_7b                      0x2000003e   Data           1  uart.o(.data)
    UART2_WordLength_7b                      0x2000003f   Data           1  uart.o(.data)
    UART3_WordLength_7b                      0x20000040   Data           1  uart.o(.data)
    UART4_WordLength_7b                      0x20000041   Data           1  uart.o(.data)
    UART5_WordLength_7b                      0x20000042   Data           1  uart.o(.data)
    UART_TimerChannel                        0x20000043   Data           1  uart.o(.data)
    UART_MutexHandleSendingChar              0x20000044   Data           2  uart.o(.data)
    UART_MutexHandleSendingString            0x20000046   Data           2  uart.o(.data)
    UART_MutexHandleReceiveChar              0x20000048   Data           2  uart.o(.data)
    UART_MutexHandleReceiveString            0x2000004a   Data           2  uart.o(.data)
    UART_MutexHandleUpdateSetting            0x2000004c   Data           2  uart.o(.data)
    UART_MutexHandleResetFIFO                0x2000004e   Data           2  uart.o(.data)
    UART_MutexHandleReadStateFIFO            0x20000050   Data           2  uart.o(.data)
    UART_MutexHandleReceiveStringFIFO        0x20000052   Data           2  uart.o(.data)
    WDT_BUZZER                               0x20000054   Data           1  wdt.o(.data)
    WDT_LED                                  0x20000055   Data           1  wdt.o(.data)
    RTC_Event                                0x20000058   Data           8  rtc.o(.data)
    Time_Refresh                             0x20000060   Data           8  taskmanager.o(.data)
    All_Proccess                             0x20000068   Data           8  taskmanager.o(.data)
    Task_Manager_Added                       0x20000070   Data           1  taskmanager.o(.data)
    Task_ID_running                          0x20000074   Data           4  taskmanager.o(.data)
    Flag_Up_TaskTimer                        0x20000078   Data           1  tasktimer.o(.data)
    SystemCoreClock                          0x2000007c   Data           4  system_stm32l1xx.o(.data)
    PLLMulTable                              0x20000080   Data           9  system_stm32l1xx.o(.data)
    AHBPrescTable                            0x20000089   Data          16  system_stm32l1xx.o(.data)
    m_tmr                                    0x2000009c   Data           4  rtx_conf_cm.o(.data)
    os_tsk                                   0x200000c0   Data           8  rt_task.o(.data)
    os_time                                  0x200000c8   Data           4  rt_time.o(.data)
    dbg_msg                                  0x200000cc   Data           1  hal_cm3.o(.data)
    os_tick_irqn                             0x200000d4   Data           4  rt_system.o(.data)
    os_tmr                                   0x200000d8   Data           8  rt_timer.o(.data)
    Test_56                                  0x200000e8   Data          20  main.o(.bss)
    Test_55                                  0x200000fc   Data          32  main.o(.bss)
    TestBench                                0x20001120   Data        1864  testbench.o(.bss)
    GPIO                                     0x20002868   Data         320  gpio.o(.bss)
    Timer                                    0x20002da8   Data         208  timer.o(.bss)
    UART1_InitStructure                      0x20002e78   Data          16  uart.o(.bss)
    UART1_RING_BUFFER                        0x20002e88   Data         516  uart.o(.bss)
    UART2_InitStructure                      0x2000308c   Data          16  uart.o(.bss)
    UART2_RING_BUFFER                        0x2000309c   Data         516  uart.o(.bss)
    UART3_InitStructure                      0x200032a0   Data          16  uart.o(.bss)
    UART3_RING_BUFFER                        0x200032b0   Data         516  uart.o(.bss)
    UART4_InitStructure                      0x200034b4   Data          16  uart.o(.bss)
    UART4_RING_BUFFER                        0x200034c4   Data         516  uart.o(.bss)
    UART5_InitStructure                      0x200036c8   Data          16  uart.o(.bss)
    UART5_RING_BUFFER                        0x200036d8   Data         516  uart.o(.bss)
    Task_Manager                             0x20003ce0   Data         448  taskmanager.o(.bss)
    TaskTimer                                0x20003ea0   Data          64  tasktimer.o(.bss)
    mp_tcb                                   0x200040e0   Data         852  rtx_conf_cm.o(.bss)
    mp_stk                                   0x20004438   Data        1040  rtx_conf_cm.o(.bss)
    os_fifo                                  0x20004848   Data         132  rtx_conf_cm.o(.bss)
    os_active_TCB                            0x200048cc   Data          60  rtx_conf_cm.o(.bss)
    os_idle_TCB                              0x20004f28   Data          48  rt_task.o(.bss)
    os_rdy                                   0x20004f58   Data          24  rt_list.o(.bss)
    os_dly                                   0x20004f70   Data          24  rt_list.o(.bss)
    __libspace_start                         0x20004f88   Data          96  libspace.o(.bss)
    __temporary_stack_top$libspace           0x20004fe8   Data           0  libspace.o(.bss)



==============================================================================

Memory Map of the image

  Image Entry point : 0x08000125

  Load Region LR_IROM1 (Base: 0x08000000, Size: 0x0000b514, Max: 0x00060000, ABSOLUTE)

    Execution Region ER_IROM1 (Exec base: 0x08000000, Load base: 0x08000000, Size: 0x0000b430, Max: 0x00060000, ABSOLUTE)

    Exec Addr    Load Addr    Size         Type   Attr      Idx    E Section Name        Object

    0x08000000   0x08000000   0x00000124   Data   RO         1263    RESET               startup_stm32l152xd.o
    0x08000124   0x08000124   0x00000008   Code   RO         2233  * !!!main             c_w.l(__main.o)
    0x0800012c   0x0800012c   0x00000034   Code   RO         2790    !!!scatter          c_w.l(__scatter.o)
    0x08000160   0x08000160   0x0000001a   Code   RO         2792    !!handler_copy      c_w.l(__scatter_copy.o)
    0x0800017a   0x0800017a   0x00000002   PAD
    0x0800017c   0x0800017c   0x0000001c   Code   RO         2794    !!handler_zi        c_w.l(__scatter_zi.o)
    0x08000198   0x08000198   0x00000000   Code   RO         2213    .ARM.Collect$$_printf_percent$$00000000  c_w.l(_printf_percent.o)
    0x08000198   0x08000198   0x00000006   Code   RO         2212    .ARM.Collect$$_printf_percent$$00000009  c_w.l(_printf_d.o)
    0x0800019e   0x0800019e   0x00000006   Code   RO         2211    .ARM.Collect$$_printf_percent$$00000014  c_w.l(_printf_s.o)
    0x080001a4   0x080001a4   0x00000004   Code   RO         2471    .ARM.Collect$$_printf_percent$$00000017  c_w.l(_printf_percent_end.o)
    0x080001a8   0x080001a8   0x00000002   Code   RO         2709    .ARM.Collect$$libinit$$00000000  c_w.l(libinit.o)
    0x080001aa   0x080001aa   0x00000000   Code   RO         2479    .ARM.Collect$$libinit$$00000002  c_w.l(libinit2.o)
    0x080001aa   0x080001aa   0x00000000   Code   RO         2481    .ARM.Collect$$libinit$$00000004  c_w.l(libinit2.o)
    0x080001aa   0x080001aa   0x00000008   Code   RO         2482    .ARM.Collect$$libinit$$00000005  c_w.l(libinit2.o)
    0x080001b2   0x080001b2   0x00000000   Code   RO         2484    .ARM.Collect$$libinit$$0000000A  c_w.l(libinit2.o)
    0x080001b2   0x080001b2   0x00000000   Code   RO         2486    .ARM.Collect$$libinit$$0000000C  c_w.l(libinit2.o)
    0x080001b2   0x080001b2   0x00000000   Code   RO         2488    .ARM.Collect$$libinit$$0000000E  c_w.l(libinit2.o)
    0x080001b2   0x080001b2   0x00000000   Code   RO         2491    .ARM.Collect$$libinit$$00000011  c_w.l(libinit2.o)
    0x080001b2   0x080001b2   0x00000000   Code   RO         2493    .ARM.Collect$$libinit$$00000013  c_w.l(libinit2.o)
    0x080001b2   0x080001b2   0x00000000   Code   RO         2495    .ARM.Collect$$libinit$$00000015  c_w.l(libinit2.o)
    0x080001b2   0x080001b2   0x00000000   Code   RO         2497    .ARM.Collect$$libinit$$00000017  c_w.l(libinit2.o)
    0x080001b2   0x080001b2   0x00000000   Code   RO         2499    .ARM.Collect$$libinit$$00000019  c_w.l(libinit2.o)
    0x080001b2   0x080001b2   0x00000000   Code   RO         2501    .ARM.Collect$$libinit$$0000001B  c_w.l(libinit2.o)
    0x080001b2   0x080001b2   0x00000000   Code   RO         2503    .ARM.Collect$$libinit$$0000001D  c_w.l(libinit2.o)
    0x080001b2   0x080001b2   0x00000000   Code   RO         2505    .ARM.Collect$$libinit$$0000001F  c_w.l(libinit2.o)
    0x080001b2   0x080001b2   0x00000000   Code   RO         2507    .ARM.Collect$$libinit$$00000021  c_w.l(libinit2.o)
    0x080001b2   0x080001b2   0x00000000   Code   RO         2509    .ARM.Collect$$libinit$$00000023  c_w.l(libinit2.o)
    0x080001b2   0x080001b2   0x00000000   Code   RO         2511    .ARM.Collect$$libinit$$00000025  c_w.l(libinit2.o)
    0x080001b2   0x080001b2   0x00000000   Code   RO         2515    .ARM.Collect$$libinit$$0000002C  c_w.l(libinit2.o)
    0x080001b2   0x080001b2   0x00000000   Code   RO         2517    .ARM.Collect$$libinit$$0000002E  c_w.l(libinit2.o)
    0x080001b2   0x080001b2   0x00000000   Code   RO         2519    .ARM.Collect$$libinit$$00000030  c_w.l(libinit2.o)
    0x080001b2   0x080001b2   0x00000004   Code   RO         2520    .ARM.Collect$$libinit$$00000031  c_w.l(libinit2.o)
    0x080001b6   0x080001b6   0x00000000   Code   RO         2521    .ARM.Collect$$libinit$$00000032  c_w.l(libinit2.o)
    0x080001b6   0x080001b6   0x00000002   Code   RO         2522    .ARM.Collect$$libinit$$00000033  c_w.l(libinit2.o)
    0x080001b8   0x080001b8   0x00000002   Code   RO         2787    .ARM.Collect$$libshutdown$$00000000  c_w.l(libshutdown.o)
    0x080001ba   0x080001ba   0x00000000   Code   RO         2768    .ARM.Collect$$libshutdown$$00000002  c_w.l(libshutdown2.o)
    0x080001ba   0x080001ba   0x00000000   Code   RO         2770    .ARM.Collect$$libshutdown$$00000004  c_w.l(libshutdown2.o)
    0x080001ba   0x080001ba   0x00000000   Code   RO         2772    .ARM.Collect$$libshutdown$$00000006  c_w.l(libshutdown2.o)
    0x080001ba   0x080001ba   0x00000000   Code   RO         2775    .ARM.Collect$$libshutdown$$00000009  c_w.l(libshutdown2.o)
    0x080001ba   0x080001ba   0x00000000   Code   RO         2778    .ARM.Collect$$libshutdown$$0000000C  c_w.l(libshutdown2.o)
    0x080001ba   0x080001ba   0x00000000   Code   RO         2780    .ARM.Collect$$libshutdown$$0000000E  c_w.l(libshutdown2.o)
    0x080001ba   0x080001ba   0x00000000   Code   RO         2783    .ARM.Collect$$libshutdown$$00000011  c_w.l(libshutdown2.o)
    0x080001ba   0x080001ba   0x00000002   Code   RO         2784    .ARM.Collect$$libshutdown$$00000012  c_w.l(libshutdown2.o)
    0x080001bc   0x080001bc   0x00000000   Code   RO         2399    .ARM.Collect$$rtentry$$00000000  c_w.l(__rtentry.o)
    0x080001bc   0x080001bc   0x00000000   Code   RO         2567    .ARM.Collect$$rtentry$$00000002  c_w.l(__rtentry2.o)
    0x080001bc   0x080001bc   0x00000006   Code   RO         2579    .ARM.Collect$$rtentry$$00000004  c_w.l(__rtentry4.o)
    0x080001c2   0x080001c2   0x00000000   Code   RO         2569    .ARM.Collect$$rtentry$$00000009  c_w.l(__rtentry2.o)
    0x080001c2   0x080001c2   0x00000004   Code   RO         2570    .ARM.Collect$$rtentry$$0000000A  c_w.l(__rtentry2.o)
    0x080001c6   0x080001c6   0x00000000   Code   RO         2572    .ARM.Collect$$rtentry$$0000000C  c_w.l(__rtentry2.o)
    0x080001c6   0x080001c6   0x00000008   Code   RO         2573    .ARM.Collect$$rtentry$$0000000D  c_w.l(__rtentry2.o)
    0x080001ce   0x080001ce   0x00000002   Code   RO         2728    .ARM.Collect$$rtexit$$00000000  c_w.l(rtexit.o)
    0x080001d0   0x080001d0   0x00000000   Code   RO         2743    .ARM.Collect$$rtexit$$00000002  c_w.l(rtexit2.o)
    0x080001d0   0x080001d0   0x00000004   Code   RO         2744    .ARM.Collect$$rtexit$$00000003  c_w.l(rtexit2.o)
    0x080001d4   0x080001d4   0x00000006   Code   RO         2745    .ARM.Collect$$rtexit$$00000004  c_w.l(rtexit2.o)
    0x080001da   0x080001da   0x00000002   PAD
    0x080001dc   0x080001dc   0x0000000c   Code   RO         1138    .emb_text           taskmanager.o
    0x080001e8   0x080001e8   0x00000154   Code   RO         1761    .emb_text           RTX_CM3.lib(hal_cm3.o)
    0x0800033c   0x0800033c   0x00000000   Code   RO         2679    .emb_text           c_w.l(maybetermalloc1.o)
    0x0800033c   0x0800033c   0x00001b6c   Code   RO            3    .text               main.o
    0x08001ea8   0x08001ea8   0x00000104   Code   RO          220    .text               testbench.o
    0x08001fac   0x08001fac   0x000000b8   Code   RO          269    .text               ui.o
    0x08002064   0x08002064   0x000003e8   Code   RO          305    .text               datetype.o
    0x0800244c   0x0800244c   0x00000120   Code   RO          410    .text               tagbench.o
    0x0800256c   0x0800256c   0x00000390   Code   RO          467    .text               adc.o
    0x080028fc   0x080028fc   0x00000c48   Code   RO          508    .text               gpio.o
    0x08003544   0x08003544   0x000003f0   Code   RO          779    .text               timer.o
    0x08003934   0x08003934   0x000010ec   Code   RO          921    .text               uart.o
    0x08004a20   0x08004a20   0x00000118   Code   RO          946    .text               wdt.o
    0x08004b38   0x08004b38   0x000001b8   Code   RO          974    .text               pwm.o
    0x08004cf0   0x08004cf0   0x00000714   Code   RO         1032    .text               rtc.o
    0x08005404   0x08005404   0x00000378   Code   RO         1139    .text               taskmanager.o
    0x0800577c   0x0800577c   0x000001a4   Code   RO         1170    .text               tasktimer.o
    0x08005920   0x08005920   0x00000198   Code   RO         1212    .text               system_stm32l1xx.o
    0x08005ab8   0x08005ab8   0x00000040   Code   RO         1264    .text               startup_stm32l152xd.o
    0x08005af8   0x08005af8   0x00000094   Code   RO         1268    .text               rtx_conf_cm.o
    0x08005b8c   0x08005b8c   0x000000dc   Code   RO         1300    .text               misc.o
    0x08005c68   0x08005c68   0x00000534   Code   RO         1334    .text               stm32l1xx_adc.o
    0x0800619c   0x0800619c   0x000001ec   Code   RO         1357    .text               stm32l1xx_gpio.o
    0x08006388   0x08006388   0x00000ae8   Code   RO         1380    .text               stm32l1xx_rtc.o
    0x08006e70   0x08006e70   0x000009da   Code   RO         1403    .text               stm32l1xx_tim.o
    0x0800784a   0x0800784a   0x00000002   PAD
    0x0800784c   0x0800784c   0x00000388   Code   RO         1426    .text               stm32l1xx_usart.o
    0x08007bd4   0x08007bd4   0x00000488   Code   RO         1449    .text               stm32l1xx_rcc.o
    0x0800805c   0x0800805c   0x0000011c   Code   RO         1471    .text               stm32l1xx_exti.o
    0x08008178   0x08008178   0x00000040   Code   RO         1494    .text               stm32l1xx_iwdg.o
    0x080081b8   0x080081b8   0x00000158   Code   RO         1517    .text               stm32l1xx_pwr.o
    0x08008310   0x08008310   0x00000628   Code   RO         1560    .text               stm32l1xx_flash.o
    0x08008938   0x08008938   0x00000268   Code   RO         1580    .text               stm32l1xx_syscfg.o
    0x08008ba0   0x08008ba0   0x00000008   Code   RO         2178    .text               c_w.l(libspace.o)
    0x08008ba8   0x08008ba8   0x00000028   Code   RO         2183    .text               c_w.l(noretval__2sprintf.o)
    0x08008bd0   0x08008bd0   0x00000068   Code   RO         2185    .text               c_w.l(__printf.o)
    0x08008c38   0x08008c38   0x00000052   Code   RO         2187    .text               c_w.l(_printf_str.o)
    0x08008c8a   0x08008c8a   0x00000002   PAD
    0x08008c8c   0x08008c8c   0x00000078   Code   RO         2189    .text               c_w.l(_printf_dec.o)
    0x08008d04   0x08008d04   0x0000000c   Code   RO         2214    .text               c_w.l(strtok.o)
    0x08008d10   0x08008d10   0x00000058   Code   RO         2217    .text               c_w.l(memcmp.o)
    0x08008d68   0x08008d68   0x00000048   Code   RO         2219    .text               c_w.l(strcpy.o)
    0x08008db0   0x08008db0   0x0000003e   Code   RO         2221    .text               c_w.l(strlen.o)
    0x08008dee   0x08008dee   0x00000064   Code   RO         2223    .text               c_w.l(rt_memcpy_w.o)
    0x08008e52   0x08008e52   0x00000044   Code   RO         2225    .text               c_w.l(rt_memclr.o)
    0x08008e96   0x08008e96   0x0000004e   Code   RO         2227    .text               c_w.l(rt_memclr_w.o)
    0x08008ee4   0x08008ee4   0x00000080   Code   RO         2229    .text               c_w.l(strcmpv7m.o)
    0x08008f64   0x08008f64   0x00000006   Code   RO         2231    .text               c_w.l(heapauxi.o)
    0x08008f6a   0x08008f6a   0x00000002   PAD
    0x08008f6c   0x08008f6c   0x00000024   Code   RO         2238    .text               c_w.l(init_aeabi.o)
    0x08008f90   0x08008f90   0x0000000a   Code   RO         2405    .text               c_w.l(rt_new_handler_addr_twolibspace.o)
    0x08008f9a   0x08008f9a   0x0000009e   Code   RO         2411    .text               c_w.l(h1_alloc_mt.o)
    0x08009038   0x08009038   0x000000b2   Code   RO         2463    .text               c_w.l(_printf_intcommon.o)
    0x080090ea   0x080090ea   0x00000002   PAD
    0x080090ec   0x080090ec   0x00000030   Code   RO         2465    .text               c_w.l(_printf_char_common.o)
    0x0800911c   0x0800911c   0x0000000a   Code   RO         2467    .text               c_w.l(_sputc.o)
    0x08009126   0x08009126   0x0000002c   Code   RO         2469    .text               c_w.l(_printf_char.o)
    0x08009152   0x08009152   0x0000000e   Code   RO         2472    .text               c_w.l(defsig_pvfn_outer.o)
    0x08009160   0x08009160   0x00000044   Code   RO         2476    .text               c_w.l(strtok_int.o)
    0x080091a4   0x080091a4   0x00000004   Code   RO         2526    .text               cpprt_w.l(arm_newhandler_noexceptions.o)
    0x080091a8   0x080091a8   0x0000000a   Code   RO         2588    .text               c_w.l(rt_heap_descriptor_twolibspace.o)
    0x080091b2   0x080091b2   0x00000004   Code   RO         2590    .text               c_w.l(hguard.o)
    0x080091b6   0x080091b6   0x0000008a   Code   RO         2592    .text               c_w.l(init_alloc.o)
    0x08009240   0x08009240   0x00000012   Code   RO         2602    .text               c_w.l(h1_init_mt.o)
    0x08009252   0x08009252   0x00000076   Code   RO         2604    .text               c_w.l(h1_free_mt.o)
    0x080092c8   0x080092c8   0x0000000a   Code   RO         2618    .text               c_w.l(defsig_exit.o)
    0x080092d2   0x080092d2   0x00000002   PAD
    0x080092d4   0x080092d4   0x00000030   Code   RO         2620    .text               c_w.l(defsig_pvfn_inner.o)
    0x08009304   0x08009304   0x00000020   Code   RO         2622    .text               c_w.l(strcspn.o)
    0x08009324   0x08009324   0x0000001c   Code   RO         2624    .text               c_w.l(strspn.o)
    0x08009340   0x08009340   0x0000001a   Code   RO         2653    .text               cpprt_w.l(arm_exceptions_terminate.o)
    0x0800935a   0x0800935a   0x00000002   PAD
    0x0800935c   0x0800935c   0x00000050   Code   RO         2656    .text               cpprt_w.l(arm_exceptions_globs.o)
    0x080093ac   0x080093ac   0x0000000c   Code   RO         2666    .text               c_w.l(sys_exit.o)
    0x080093b8   0x080093b8   0x0000004a   Code   RO         2668    .text               c_w.l(sys_stackheap_outer.o)
    0x08009402   0x08009402   0x0000000a   Code   RO         2675    .text               c_w.l(rt_eh_globals_addr_twolibspace.o)
    0x0800940c   0x0800940c   0x0000003e   Code   RO         2683    .text               c_w.l(h1_extend_mt.o)
    0x0800944a   0x0800944a   0x00000012   Code   RO         2685    .text               c_w.l(exit.o)
    0x0800945c   0x0800945c   0x00000016   Code   RO         2687    .text               c_w.l(abort.o)
    0x08009472   0x08009472   0x00000032   Code   RO         2691    .text               c_w.l(defsig_general.o)
    0x080094a4   0x080094a4   0x0000000e   Code   RO         2693    .text               c_w.l(defsig_rtmem_outer.o)
    0x080094b2   0x080094b2   0x0000003c   Code   RO         2713    .text               cpprt_w.l(arm_exceptions_mem.o)
    0x080094ee   0x080094ee   0x0000000e   Code   RO         2723    .text               c_w.l(sys_wrch.o)
    0x080094fc   0x080094fc   0x00000002   Code   RO         2725    .text               c_w.l(use_no_semi.o)
    0x080094fe   0x080094fe   0x00000000   Code   RO         2727    .text               c_w.l(indicate_semi.o)
    0x080094fe   0x080094fe   0x0000000e   Code   RO         2734    .text               c_w.l(defsig_abrt_outer.o)
    0x0800950c   0x0800950c   0x00000050   Code   RO         2738    .text               c_w.l(defsig_rtmem_inner.o)
    0x0800955c   0x0800955c   0x00000030   Code   RO         2753    .text               c_w.l(defsig_abrt_inner.o)
    0x0800958c   0x0800958c   0x00000004   Code   RO         1999    SVC_TABLE           RTX_CM3.lib(SVC_Table.o)
    0x08009590   0x08009590   0x00000006   Code   RO          578    i._ZN11struct_GPIO12struct_Input10GetAddrFunEv  gpio.o
    0x08009596   0x08009596   0x0000000a   Code   RO          572    i._ZN11struct_GPIO12struct_Input10RunAddrFunEv  gpio.o
    0x080095a0   0x080095a0   0x00000004   Code   RO          638    i._ZN11struct_GPIO12struct_Input10SetAddrFunEPFvvE  gpio.o
    0x080095a4   0x080095a4   0x00000006   Code   RO          560    i._ZN11struct_GPIO12struct_Input12GetAddrValueEv  gpio.o
    0x080095aa   0x080095aa   0x00000006   Code   RO          584    i._ZN11struct_GPIO12struct_Input12GetFeedValueEv  gpio.o
    0x080095b0   0x080095b0   0x00000004   Code   RO          632    i._ZN11struct_GPIO12struct_Input12SetAddrValueEPb  gpio.o
    0x080095b4   0x080095b4   0x00000004   Code   RO          566    i._ZN11struct_GPIO12struct_Input12SetFeedValueEb  gpio.o
    0x080095b8   0x080095b8   0x00000006   Code   RO          536    i._ZN11struct_GPIO12struct_Input6GetPinEv  gpio.o
    0x080095be   0x080095be   0x00000004   Code   RO          644    i._ZN11struct_GPIO12struct_Input6SetPinEh  gpio.o
    0x080095c2   0x080095c2   0x00000006   Code   RO          590    i._ZN11struct_GPIO12struct_Input7GetEdgeEv  gpio.o
    0x080095c8   0x080095c8   0x00000006   Code   RO          530    i._ZN11struct_GPIO12struct_Input7GetPortEv  gpio.o
    0x080095ce   0x080095ce   0x00000004   Code   RO          626    i._ZN11struct_GPIO12struct_Input7SetEdgeEh  gpio.o
    0x080095d2   0x080095d2   0x00000004   Code   RO          650    i._ZN11struct_GPIO12struct_Input7SetPortEh  gpio.o
    0x080095d6   0x080095d6   0x00000004   Code   RO          620    i._ZN11struct_GPIO12struct_Input8SetByIntEb  gpio.o
    0x080095da   0x080095da   0x00000046   Code   RO          656    i._ZN11struct_GPIO12struct_InputC1Ev  gpio.o
    0x08009620   0x08009620   0x00000008   Code   RO          542    i._ZN11struct_GPIO13GetNumOfInputEv  gpio.o
    0x08009628   0x08009628   0x00000004   Code   RO          602    i._ZN11struct_GPIO13struct_Output12SetAddrValueEPb  gpio.o
    0x0800962c   0x0800962c   0x00000004   Code   RO          596    i._ZN11struct_GPIO13struct_Output12SetFeedValueEb  gpio.o
    0x08009630   0x08009630   0x00000004   Code   RO          608    i._ZN11struct_GPIO13struct_Output6SetPinEh  gpio.o
    0x08009634   0x08009634   0x00000006   Code   RO          548    i._ZN11struct_GPIO13struct_Output7GetPortEv  gpio.o
    0x0800963a   0x0800963a   0x00000004   Code   RO          614    i._ZN11struct_GPIO13struct_Output7SetPortEh  gpio.o
    0x0800963e   0x0800963e   0x0000002e   Code   RO          662    i._ZN11struct_GPIO13struct_OutputC1Ev  gpio.o
    0x0800966c   0x0800966c   0x00000006   Code   RO          554    i._ZN11struct_GPIO14GetNumOfOutputEv  gpio.o
    0x08009672   0x08009672   0x00000006   Code   RO          336    i._ZN12RTC_DateTime11struct_Date6GetDayEv  datetype.o
    0x08009678   0x08009678   0x00000004   Code   RO          342    i._ZN12RTC_DateTime11struct_Date6SetDayEi  datetype.o
    0x0800967c   0x0800967c   0x00000006   Code   RO          348    i._ZN12RTC_DateTime11struct_Date7GetYearEv  datetype.o
    0x08009682   0x08009682   0x00000004   Code   RO          354    i._ZN12RTC_DateTime11struct_Date7SetYearEi  datetype.o
    0x08009686   0x08009686   0x00000006   Code   RO          324    i._ZN12RTC_DateTime11struct_Date8GetMonthEv  datetype.o
    0x0800968c   0x0800968c   0x00000004   Code   RO          330    i._ZN12RTC_DateTime11struct_Date8SetMonthEi  datetype.o
    0x08009690   0x08009690   0x00000006   Code   RO         1067    i._ZN12RTC_DateTime11struct_Time7GetHourEv  rtc.o
    0x08009696   0x08009696   0x00000004   Code   RO          360    i._ZN12RTC_DateTime11struct_Time7SetHourEi  datetype.o
    0x0800969a   0x0800969a   0x00000006   Code   RO         1061    i._ZN12RTC_DateTime11struct_Time9GetMinuteEv  rtc.o
    0x080096a0   0x080096a0   0x00000006   Code   RO         1055    i._ZN12RTC_DateTime11struct_Time9GetSecondEv  rtc.o
    0x080096a6   0x080096a6   0x00000004   Code   RO         1073    i._ZN12RTC_DateTime11struct_Time9SetMinuteEi  rtc.o
    0x080096aa   0x080096aa   0x00000004   Code   RO         1079    i._ZN12RTC_DateTime11struct_Time9SetSecondEi  rtc.o
    0x080096ae   0x080096ae   0x00000010   Code   RO         1052    i._ZN12RTC_DateTimeC1Ev  rtc.o
    0x080096be   0x080096be   0x00000006   Code   RO          800    i._ZN12struct_TIMER13GetNumChannelEv  timer.o
    0x080096c4   0x080096c4   0x00000010   Code   RO          854    i._ZN12struct_TIMER14struct_Channel13IncreaseCountEy  timer.o
    0x080096d4   0x080096d4   0x00000004   Code   RO          812    i._ZN12struct_TIMER14struct_Channel13SetCallPeriodEPFvvE  timer.o
    0x080096d8   0x080096d8   0x00000008   Code   RO          848    i._ZN12struct_TIMER14struct_Channel7GetDiffEv  timer.o
    0x080096e0   0x080096e0   0x00000006   Code   RO          824    i._ZN12struct_TIMER14struct_Channel7SetDiffEy  timer.o
    0x080096e6   0x080096e6   0x00000008   Code   RO          836    i._ZN12struct_TIMER14struct_Channel8GetCountEv  timer.o
    0x080096ee   0x080096ee   0x00000006   Code   RO          830    i._ZN12struct_TIMER14struct_Channel8SetCountEy  timer.o
    0x080096f4   0x080096f4   0x00000008   Code   RO          860    i._ZN12struct_TIMER14struct_Channel9GetPeriodEv  timer.o
    0x080096fc   0x080096fc   0x00000010   Code   RO          842    i._ZN12struct_TIMER14struct_Channel9ResetDiffEv  timer.o
    0x0800970c   0x0800970c   0x00000004   Code   RO          806    i._ZN12struct_TIMER14struct_Channel9SetEnableEb  timer.o
    0x08009710   0x08009710   0x00000006   Code   RO          818    i._ZN12struct_TIMER14struct_Channel9SetPeriodEy  timer.o
    0x08009716   0x08009716   0x00000042   Code   RO          866    i._ZN12struct_TIMER14struct_ChannelC1Ev  timer.o
    0x08009758   0x08009758   0x00000004   Code   RO           56    i._ZN16struct_ValueBool3SetEb  main.o
    0x0800975c   0x0800975c   0x0000000e   Code   RO           41    i._ZN16struct_ValueBool6EnableEv  main.o
    0x0800976a   0x0800976a   0x0000000e   Code   RO           35    i._ZN16struct_ValueBool7DisableEv  main.o
    0x08009778   0x08009778   0x00000006   Code   RO           47    i._ZN22UART_State_FIFO_STRUCT6rxBusyEv  main.o
    0x0800977e   0x0800977e   0x00000002   PAD
    0x08009780   0x08009780   0x0000000c   Code   RO           53    i._ZN5MediaC2Ev     main.o
    0x0800978c   0x0800978c   0x00000028   Code   RO         2241    i._Znwj             cpprt_w.l(new.o)
    0x080097b4   0x080097b4   0x00000024   Code   RO         2354    i.__aeabi_vec_ctor_nocookie_nodtor  cpprt_w.l(aeabi_vec_ctor_nocookie_nodtor.o)
    0x080097d8   0x080097d8   0x00000006   Code   RO         2245    i.__cxa_pure_virtual  cpprt_w.l(pure_virt.o)
    0x080097de   0x080097de   0x00000046   Code   RO         1966    i._init_box         RTX_CM3.lib(rt_membox.o)
    0x08009824   0x08009824   0x00000030   Code   RO         1762    i.dbg_init          RTX_CM3.lib(hal_cm3.o)
    0x08009854   0x08009854   0x00000020   Code   RO         1763    i.dbg_task_notify   RTX_CM3.lib(hal_cm3.o)
    0x08009874   0x08009874   0x00000010   Code   RO         1764    i.dbg_task_switch   RTX_CM3.lib(hal_cm3.o)
    0x08009884   0x08009884   0x00000028   Code   RO         1803    i.os_tick_init      RTX_CM3.lib(rt_system.o)
    0x080098ac   0x080098ac   0x00000002   Code   RO         1804    i.os_tick_irqack    RTX_CM3.lib(rt_system.o)
    0x080098ae   0x080098ae   0x0000001a   Code   RO         1967    i.rt_alloc_box      RTX_CM3.lib(rt_membox.o)
    0x080098c8   0x080098c8   0x00000038   Code   RO         1601    i.rt_block          RTX_CM3.lib(rt_task.o)
    0x08009900   0x08009900   0x00000074   Code   RO         1886    i.rt_dec_dly        RTX_CM3.lib(rt_list.o)
    0x08009974   0x08009974   0x00000044   Code   RO         1602    i.rt_dispatch       RTX_CM3.lib(rt_task.o)
    0x080099b8   0x080099b8   0x00000006   Code   RO         1700    i.rt_dly_wait       RTX_CM3.lib(rt_time.o)
    0x080099be   0x080099be   0x00000002   PAD
    0x080099c0   0x080099c0   0x0000004c   Code   RO         2005    i.rt_evt_psh        RTX_CM3.lib(rt_event.o)
    0x08009a0c   0x08009a0c   0x00000020   Code   RO         1968    i.rt_free_box       RTX_CM3.lib(rt_membox.o)
    0x08009a2c   0x08009a2c   0x00000028   Code   RO         1887    i.rt_get_first      RTX_CM3.lib(rt_list.o)
    0x08009a54   0x08009a54   0x00000044   Code   RO         1603    i.rt_init_context   RTX_CM3.lib(rt_task.o)
    0x08009a98   0x08009a98   0x00000050   Code   RO         1765    i.rt_init_stack     RTX_CM3.lib(hal_cm3.o)
    0x08009ae8   0x08009ae8   0x000000c0   Code   RO         2048    i.rt_mbx_psh        RTX_CM3.lib(rt_mailbox.o)
    0x08009ba8   0x08009ba8   0x00000010   Code   RO         1737    i.rt_mut_init       RTX_CM3.lib(rt_mutex.o)
    0x08009bb8   0x08009bb8   0x000000ac   Code   RO         1738    i.rt_mut_release    RTX_CM3.lib(rt_mutex.o)
    0x08009c64   0x08009c64   0x00000064   Code   RO         1739    i.rt_mut_wait       RTX_CM3.lib(rt_mutex.o)
    0x08009cc8   0x08009cc8   0x00000078   Code   RO         1805    i.rt_pop_req        RTX_CM3.lib(rt_system.o)
    0x08009d40   0x08009d40   0x00000048   Code   RO         1890    i.rt_put_dly        RTX_CM3.lib(rt_list.o)
    0x08009d88   0x08009d88   0x00000036   Code   RO         1891    i.rt_put_prio       RTX_CM3.lib(rt_list.o)
    0x08009dbe   0x08009dbe   0x00000002   PAD
    0x08009dc0   0x08009dc0   0x00000014   Code   RO         1892    i.rt_put_rdy_first  RTX_CM3.lib(rt_list.o)
    0x08009dd4   0x08009dd4   0x00000034   Code   RO         1893    i.rt_resort_prio    RTX_CM3.lib(rt_list.o)
    0x08009e08   0x08009e08   0x00000028   Code   RO         1894    i.rt_rmv_dly        RTX_CM3.lib(rt_list.o)
    0x08009e30   0x08009e30   0x00000030   Code   RO         1895    i.rt_rmv_list       RTX_CM3.lib(rt_list.o)
    0x08009e60   0x08009e60   0x00000034   Code   RO         2094    i.rt_sem_psh        RTX_CM3.lib(rt_semaphore.o)
    0x08009e94   0x08009e94   0x00000024   Code   RO         1808    i.rt_stk_check      RTX_CM3.lib(rt_system.o)
    0x08009eb8   0x08009eb8   0x00000028   Code   RO         1604    i.rt_switch_req     RTX_CM3.lib(rt_task.o)
    0x08009ee0   0x08009ee0   0x00000158   Code   RO         1605    i.rt_sys_init       RTX_CM3.lib(rt_task.o)
    0x0800a038   0x0800a038   0x0000003c   Code   RO         1810    i.rt_systick        RTX_CM3.lib(rt_system.o)
    0x0800a074   0x0800a074   0x00000040   Code   RO         2130    i.rt_tmr_tick       RTX_CM3.lib(rt_timer.o)
    0x0800a0b4   0x0800a0b4   0x00000094   Code   RO         1606    i.rt_tsk_create     RTX_CM3.lib(rt_task.o)
    0x0800a148   0x0800a148   0x000000bc   Code   RO         1607    i.rt_tsk_delete     RTX_CM3.lib(rt_task.o)
    0x0800a204   0x0800a204   0x00000010   Code   RO         1610    i.rt_tsk_self       RTX_CM3.lib(rt_task.o)
    0x0800a214   0x0800a214   0x00000010   Code   RO          431    t._ZN12class_StringILi512EE5ResetEv  tagbench.o
    0x0800a224   0x0800a224   0x0000000e   Code   RO          425    t._ZN12class_StringILi64EE5ResetEv  tagbench.o
    0x0800a232   0x0800a232   0x00000002   PAD
    0x0800a234   0x0800a234   0x00000062   Code   RO         2357    x$fpl$d2f           fz_ws.l(d2f.o)
    0x0800a296   0x0800a296   0x00000002   PAD
    0x0800a298   0x0800a298   0x00000150   Code   RO         2359    x$fpl$dadd          fz_ws.l(daddsub_clz.o)
    0x0800a3e8   0x0800a3e8   0x00000018   Code   RO         2555    x$fpl$dcmpinf       fz_ws.l(dcmpi.o)
    0x0800a400   0x0800a400   0x000002b0   Code   RO         2366    x$fpl$ddiv          fz_ws.l(ddiv.o)
    0x0800a6b0   0x0800a6b0   0x0000008a   Code   RO         2374    x$fpl$dfltull       fz_ws.l(dfltll_clz.o)
    0x0800a73a   0x0800a73a   0x00000002   PAD
    0x0800a73c   0x0800a73c   0x00000078   Code   RO         2377    x$fpl$dleqf         fz_ws.l(dleqf.o)
    0x0800a7b4   0x0800a7b4   0x00000154   Code   RO         2379    x$fpl$dmul          fz_ws.l(dmul.o)
    0x0800a908   0x0800a908   0x0000009c   Code   RO         2557    x$fpl$dnaninf       fz_ws.l(dnaninf.o)
    0x0800a9a4   0x0800a9a4   0x0000000c   Code   RO         2559    x$fpl$dretinf       fz_ws.l(dretinf.o)
    0x0800a9b0   0x0800a9b0   0x0000006c   Code   RO         2381    x$fpl$drleqf        fz_ws.l(drleqf.o)
    0x0800aa1c   0x0800aa1c   0x000001d4   Code   RO         2361    x$fpl$dsub          fz_ws.l(daddsub_clz.o)
    0x0800abf0   0x0800abf0   0x00000056   Code   RO         2383    x$fpl$f2d           fz_ws.l(f2d.o)
    0x0800ac46   0x0800ac46   0x00000002   PAD
    0x0800ac48   0x0800ac48   0x00000184   Code   RO         2386    x$fpl$fdiv          fz_ws.l(fdiv.o)
    0x0800adcc   0x0800adcc   0x00000030   Code   RO         2390    x$fpl$fflt          fz_ws.l(fflt_clz.o)
    0x0800adfc   0x0800adfc   0x00000060   Code   RO         2395    x$fpl$ffltll        fz_ws.l(ffltll_clz.o)
    0x0800ae5c   0x0800ae5c   0x00000026   Code   RO         2389    x$fpl$ffltu         fz_ws.l(fflt_clz.o)
    0x0800ae82   0x0800ae82   0x00000002   PAD
    0x0800ae84   0x0800ae84   0x00000102   Code   RO         2397    x$fpl$fmul          fz_ws.l(fmul.o)
    0x0800af86   0x0800af86   0x0000008c   Code   RO         2561    x$fpl$fnaninf       fz_ws.l(fnaninf.o)
    0x0800b012   0x0800b012   0x0000000a   Code   RO         2563    x$fpl$fretinf       fz_ws.l(fretinf.o)
    0x0800b01c   0x0800b01c   0x00000078   Code   RO         2369    x$fpl$llufromd      fz_ws.l(dfixull.o)
    0x0800b094   0x0800b094   0x00000000   Code   RO         2565    x$fpl$usenofp       fz_ws.l(usenofp.o)
    0x0800b094   0x0800b094   0x000001e0   Data   RO            6    .constdata          main.o
    0x0800b274   0x0800b274   0x00000090   Data   RO          307    .constdata          datetype.o
    0x0800b304   0x0800b304   0x00000028   Data   RO          511    .constdata          gpio.o
    0x0800b32c   0x0800b32c   0x00000028   Data   RO         1270    .constdata          rtx_conf_cm.o
    0x0800b354   0x0800b354   0x00000008   Data   RO           64    .constdata__ZTI5Media  main.o
    0x0800b35c   0x0800b35c   0x00000007   Data   RO           73    .constdata__ZTS5Media  main.o
    0x0800b363   0x0800b363   0x0000000b   Data   RO           65    .constdata__ZTSNUt0_Ut2_E  main.o
    0x0800b36e   0x0800b36e   0x0000000b   Data   RO           66    .constdata__ZTSNUt0_Ut3_E  main.o
    0x0800b379   0x0800b379   0x0000000b   Data   RO           67    .constdata__ZTSNUt0_Ut4_E  main.o
    0x0800b384   0x0800b384   0x0000000b   Data   RO           68    .constdata__ZTSNUt1_Ut2_E  main.o
    0x0800b38f   0x0800b38f   0x0000000b   Data   RO           69    .constdata__ZTSNUt1_Ut3_E  main.o
    0x0800b39a   0x0800b39a   0x0000000b   Data   RO           70    .constdata__ZTSNUt1_Ut4_E  main.o
    0x0800b3a5   0x0800b3a5   0x0000000b   Data   RO           71    .constdata__ZTSNUt1_Ut5_E  main.o
    0x0800b3b0   0x0800b3b0   0x0000000b   Data   RO           72    .constdata__ZTSNUt1_Ut6_E  main.o
    0x0800b3bb   0x0800b3bb   0x00000001   PAD
    0x0800b3bc   0x0800b3bc   0x00000024   Data   RO           63    .constdata__ZTV5Media  main.o
    0x0800b3e0   0x0800b3e0   0x00000010   Data   RO         2317    .constdata__ZTVN10__cxxabiv117__class_type_infoE  cpprt_w.l(lib_rtti_impl.o)
    0x0800b3f0   0x0800b3f0   0x00000010   Data   RO         2321    .constdata__ZTVN10__cxxabiv121__vmi_class_type_infoE  cpprt_w.l(lib_rtti_impl.o)
    0x0800b400   0x0800b400   0x00000020   Data   RO         2788    Region$$Table       anon$$obj.o
    0x0800b420   0x0800b420   0x00000004   Data   RO            8    .init_array         main.o
    0x0800b424   0x0800b420   0x00000004   Data   RO          513    .init_array         gpio.o
    0x0800b428   0x0800b420   0x00000004   Data   RO          783    .init_array         timer.o
    0x0800b42c   0x0800b420   0x00000004   Data   RO         1035    .init_array         rtc.o
    0x0800b430   0x0800b420   0x00000000   Data   RO         2236    .init_array         c_w.l(init_aeabi.o)


    Execution Region RW_IRAM1 (Exec base: 0x20000000, Load base: 0x0800b430, Size: 0x00007fe8, Max: 0x0000c000, ABSOLUTE)

    Exec Addr    Load Addr    Size         Type   Attr      Idx    E Section Name        Object

    0x20000000   0x0800b430   0x0000000f   Data   RW            7    .data               main.o
    0x2000000f   0x0800b43f   0x00000001   PAD
    0x20000010   0x0800b440   0x00000004   Data   RW          272    .data               ui.o
    0x20000014   0x0800b444   0x00000001   Data   RW          308    .data               datetype.o
    0x20000015   0x0800b445   0x00000003   PAD
    0x20000018   0x0800b448   0x00000024   Data   RW          512    .data               gpio.o
    0x2000003c   0x0800b46c   0x00000001   Data   RW          782    .data               timer.o
    0x2000003d   0x0800b46d   0x00000017   Data   RW          924    .data               uart.o
    0x20000054   0x0800b484   0x00000002   Data   RW          949    .data               wdt.o
    0x20000056   0x0800b486   0x00000002   PAD
    0x20000058   0x0800b488   0x00000008   Data   RW         1034    .data               rtc.o
    0x20000060   0x0800b490   0x00000018   Data   RW         1142    .data               taskmanager.o
    0x20000078   0x0800b4a8   0x00000001   Data   RW         1173    .data               tasktimer.o
    0x20000079   0x0800b4a9   0x00000003   PAD
    0x2000007c   0x0800b4ac   0x0000001d   Data   RW         1213    .data               system_stm32l1xx.o
    0x20000099   0x0800b4c9   0x00000003   PAD
    0x2000009c   0x0800b4cc   0x00000008   Data   RW         1271    .data               rtx_conf_cm.o
    0x200000a4   0x0800b4d4   0x00000019   Data   RW         1450    .data               stm32l1xx_rcc.o
    0x200000bd   0x0800b4ed   0x00000003   PAD
    0x200000c0   0x0800b4f0   0x00000008   Data   RW         1612    .data               RTX_CM3.lib(rt_task.o)
    0x200000c8   0x0800b4f8   0x00000004   Data   RW         1704    .data               RTX_CM3.lib(rt_time.o)
    0x200000cc   0x0800b4fc   0x00000001   Data   RW         1766    .data               RTX_CM3.lib(hal_cm3.o)
    0x200000cd   0x0800b4fd   0x00000003   PAD
    0x200000d0   0x0800b500   0x00000008   Data   RW         1813    .data               RTX_CM3.lib(rt_system.o)
    0x200000d8   0x0800b508   0x00000008   Data   RW         2131    .data               RTX_CM3.lib(rt_timer.o)
    0x200000e0   0x0800b510   0x00000004   Data   RW         2215    .data               c_w.l(strtok.o)
    0x200000e4   0x0800b514   0x00000004   PAD
    0x200000e8        -       0x00001038   Zero   RW            5    .bss                main.o
    0x20001120        -       0x00000748   Zero   RW          222    .bss                testbench.o
    0x20001868        -       0x00001000   Zero   RW          271    .bss                ui.o
    0x20002868        -       0x00000540   Zero   RW          510    .bss                gpio.o
    0x20002da8        -       0x000000d0   Zero   RW          781    .bss                timer.o
    0x20002e78        -       0x00000a64   Zero   RW          923    .bss                uart.o
    0x200038dc   0x0800b514   0x00000004   PAD
    0x200038e0        -       0x00000400   Zero   RW          948    .bss                wdt.o
    0x20003ce0        -       0x000001c0   Zero   RW         1141    .bss                taskmanager.o
    0x20003ea0        -       0x00000240   Zero   RW         1172    .bss                tasktimer.o
    0x200040e0        -       0x00000e48   Zero   RW         1269    .bss                rtx_conf_cm.o
    0x20004f28        -       0x00000030   Zero   RW         1611    .bss                RTX_CM3.lib(rt_task.o)
    0x20004f58        -       0x00000030   Zero   RW         1896    .bss                RTX_CM3.lib(rt_list.o)
    0x20004f88        -       0x00000060   Zero   RW         2179    .bss                c_w.l(libspace.o)
    0x20004fe8        -       0x00002000   Zero   RW         1262    HEAP                startup_stm32l152xd.o
    0x20006fe8        -       0x00001000   Zero   RW         1261    STACK               startup_stm32l152xd.o


==============================================================================

Image component sizes


      Code (inc. data)   RO Data    RW Data    ZI Data      Debug   Object Name

       912         16          0          0          0       2582   adc.o
         0          0          0          0          0       4508   core_cm3.o
      1034         12        144          1          0       9450   datetype.o
      3370        116         44         36       1344      25406   gpio.o
      7070        888        623         15       4152     287486   main.o
       220         22          0          0          0     188233   misc.o
       440         16          0          0          0       1063   pwm.o
      1854         14          4          8          0      12451   rtc.o
       148         26         40          8       3656      10544   rtx_conf_cm.o
        64         26        292          0      12288        776   startup_stm32l152xd.o
      1332         20          0          0          0      22858   stm32l1xx_adc.o
       284         10          0          0          0       4619   stm32l1xx_exti.o
      1576         38          0          0          0       8127   stm32l1xx_flash.o
       492         24          0          0          0       8993   stm32l1xx_gpio.o
        64          6          0          0          0       1257   stm32l1xx_iwdg.o
       344         14          0          0          0       3996   stm32l1xx_pwr.o
      1160         40          0         25          0       9151   stm32l1xx_rcc.o
      2792         36          0          0          0      21214   stm32l1xx_rtc.o
       616         10          0          0          0       2817   stm32l1xx_syscfg.o
      2522         28          0          0          0      35748   stm32l1xx_tim.o
       904         14          0          0          0      13108   stm32l1xx_usart.o
       408         24          0         29          0      14967   system_stm32l1xx.o
       318         68          0          0          0       4864   tagbench.o
       900         54          0         24        448       4939   taskmanager.o
       420         24          0          1        576       2851   tasktimer.o
       260         14          0          0       1864       4912   testbench.o
      1162         22          4          1        208      13970   timer.o
      4332        300          0         23       2660      14836   uart.o
       184         36          0          4       4096       2479   ui.o
       280         16          0          2       1024       2011   wdt.o

    ----------------------------------------------------------------------
     35468       1934       1184        192      32320     740216   Object Totals
         0          0         32          0          0          0   (incl. Generated)
         6          0          1         15          4          0   (incl. Padding)

    ----------------------------------------------------------------------

      Code (inc. data)   RO Data    RW Data    ZI Data      Debug   Library Member Name

         4          4          0          0          0        140   SVC_Table.o
       516         56          0          1          0       2477   hal_cm3.o
        76          4          0          0          0        509   rt_event.o
       442         30          0          0         48       3806   rt_list.o
       192          4          0          0          0        609   rt_mailbox.o
       128          0          0          0          0       1497   rt_membox.o
       288         12          0          0          0       1569   rt_mutex.o
        52          6          0          0          0        453   rt_semaphore.o
       258         42          0          8          0       2974   rt_system.o
       928        160          0          8         48       6664   rt_task.o
         6          0          0          4          0        504   rt_time.o
        64          8          0          8          0        583   rt_timer.o
         8          0          0          0          0         68   __main.o
       104          0          0          0          0         84   __printf.o
         0          0          0          0          0          0   __rtentry.o
        12          0          0          0          0          0   __rtentry2.o
         6          0          0          0          0          0   __rtentry4.o
        52          8          0          0          0          0   __scatter.o
        26          0          0          0          0          0   __scatter_copy.o
        28          0          0          0          0          0   __scatter_zi.o
        44          0          0          0          0        108   _printf_char.o
        48          6          0          0          0         96   _printf_char_common.o
         6          0          0          0          0          0   _printf_d.o
       120         16          0          0          0         92   _printf_dec.o
       178          0          0          0          0         88   _printf_intcommon.o
         0          0          0          0          0          0   _printf_percent.o
         4          0          0          0          0          0   _printf_percent_end.o
         6          0          0          0          0          0   _printf_s.o
        82          0          0          0          0         80   _printf_str.o
        10          0          0          0          0         68   _sputc.o
        22          0          0          0          0         80   abort.o
        48         34          0          0          0         76   defsig_abrt_inner.o
        14          0          0          0          0         80   defsig_abrt_outer.o
        10          0          0          0          0         68   defsig_exit.o
        50          0          0          0          0         88   defsig_general.o
        48         34          0          0          0         76   defsig_pvfn_inner.o
        14          0          0          0          0         80   defsig_pvfn_outer.o
        80         58          0          0          0         76   defsig_rtmem_inner.o
        14          0          0          0          0         80   defsig_rtmem_outer.o
        18          0          0          0          0         80   exit.o
       158          0          0          0          0        128   h1_alloc_mt.o
        62          0          0          0          0         80   h1_extend_mt.o
       118          0          0          0          0        108   h1_free_mt.o
        18          0          0          0          0         84   h1_init_mt.o
         6          0          0          0          0        152   heapauxi.o
         4          0          0          0          0        136   hguard.o
         0          0          0          0          0          0   indicate_semi.o
        36         10          0          0          0         80   init_aeabi.o
       138          0          0          0          0        168   init_alloc.o
         2          0          0          0          0          0   libinit.o
        14          0          0          0          0          0   libinit2.o
         2          0          0          0          0          0   libshutdown.o
         2          0          0          0          0          0   libshutdown2.o
         8          4          0          0         96         68   libspace.o
         0          0          0          0          0          0   maybetermalloc1.o
        88          0          0          0          0         76   memcmp.o
        40          6          0          0          0         84   noretval__2sprintf.o
        10          0          0          0          0         76   rt_eh_globals_addr_twolibspace.o
        10          0          0          0          0         76   rt_heap_descriptor_twolibspace.o
        68          0          0          0          0         68   rt_memclr.o
        78          0          0          0          0         80   rt_memclr_w.o
       100          0          0          0          0         80   rt_memcpy_w.o
        10          0          0          0          0         76   rt_new_handler_addr_twolibspace.o
         2          0          0          0          0          0   rtexit.o
        10          0          0          0          0          0   rtexit2.o
       128          0          0          0          0         68   strcmpv7m.o
        72          0          0          0          0         80   strcpy.o
        32          0          0          0          0         80   strcspn.o
        62          0          0          0          0         76   strlen.o
        28          0          0          0          0         80   strspn.o
        12          6          0          4          0         68   strtok.o
        68          4          0          0          0         84   strtok_int.o
        12          4          0          0          0         68   sys_exit.o
        74          0          0          0          0         80   sys_stackheap_outer.o
        14          0          0          0          0         76   sys_wrch.o
         2          0          0          0          0         68   use_no_semi.o
        36          0          0          0          0         84   aeabi_vec_ctor_nocookie_nodtor.o
        80         12          0          0          0        104   arm_exceptions_globs.o
        60          0          0          0          0        108   arm_exceptions_mem.o
        26          0          0          0          0         76   arm_exceptions_terminate.o
         4          0          0          0          0         68   arm_newhandler_noexceptions.o
         0          0         32          0          0          0   lib_rtti_impl.o
        40          6          0          0          0         76   new.o
         6          0          0          0          0         68   pure_virt.o
        98          4          0          0          0         92   d2f.o
       804         16          0          0          0        272   daddsub_clz.o
        24          0          0          0          0         68   dcmpi.o
       688        140          0          0          0        208   ddiv.o
       120          4          0          0          0        104   dfixull.o
       138          0          0          0          0         84   dfltll_clz.o
       120          4          0          0          0         92   dleqf.o
       340         12          0          0          0        104   dmul.o
       156          4          0          0          0         92   dnaninf.o
        12          0          0          0          0         68   dretinf.o
       108          0          0          0          0         80   drleqf.o
        86          4          0          0          0         84   f2d.o
       388         76          0          0          0         96   fdiv.o
        86          0          0          0          0        136   fflt_clz.o
        96          0          0          0          0         84   ffltll_clz.o
       258          4          0          0          0         84   fmul.o
       140          4          0          0          0         84   fnaninf.o
        10          0          0          0          0         68   fretinf.o
         0          0          0          0          0          0   usenofp.o

    ----------------------------------------------------------------------
      9444        806         32         36        196      28185   Library Totals
        26          0          0          3          4          0   (incl. Padding)

    ----------------------------------------------------------------------

      Code (inc. data)   RO Data    RW Data    ZI Data      Debug   Library Name

      2954        326          0         29         96      21785   RTX_CM3.lib
      2540        190          0          4         96       3916   c_w.l
       252         18         32          0          0        584   cpprt_w.l
      3672        272          0          0          0       1900   fz_ws.l

    ----------------------------------------------------------------------
      9444        806         32         36        196      28185   Library Totals

    ----------------------------------------------------------------------

==============================================================================


      Code (inc. data)   RO Data    RW Data    ZI Data      Debug   

     44912       2740       1216        228      32516     756905   Grand Totals
     44912       2740       1216        228      32516     756905   ELF Image Totals
     44912       2740       1216        228          0          0   ROM Totals

==============================================================================

    Total RO  Size (Code + RO Data)                46128 (  45.05kB)
    Total RW  Size (RW Data + ZI Data)             32744 (  31.98kB)
    Total ROM Size (Code + RO Data + RW Data)      46356 (  45.27kB)

==============================================================================

