Component: ARM Compiler 5.06 update 7 (build 960) Tool: armlink [4d3601]

==============================================================================

Section Cross References

    main.o(.text) refers to _printf_percent.o(.ARM.Collect$$_printf_percent$$00000000) for _printf_percent
    main.o(.text) refers to _printf_d.o(.ARM.Collect$$_printf_percent$$00000009) for _printf_d
    main.o(.text) refers to _printf_dec.o(.text) for _printf_int_dec
    main.o(.text) refers to _printf_s.o(.ARM.Collect$$_printf_percent$$00000014) for _printf_s
    main.o(.text) refers to _printf_str.o(.text) for _printf_str
    main.o(.text) refers to taskmanager.o(.text) for TaskManager_Delay(unsigned)
    main.o(.text) refers to stm32l1xx_rcc.o(.text) for RCC_AHBPeriphClockCmd
    main.o(.text) refers to stm32l1xx_gpio.o(.text) for GPIO_Init
    main.o(.text) refers to noretval__2sprintf.o(.text) for __2sprintf
    main.o(.text) refers to main.o(i._ZN16struct_ValueBool7DisableEv) for struct_ValueBool::Disable()
    main.o(.text) refers to main.o(i._ZN16struct_ValueBool6EnableEv) for struct_ValueBool::Enable()
    main.o(.text) refers to strcpy.o(.text) for strcpy
    main.o(.text) refers to adc.o(.text) for ADC_Read(unsigned short)
    main.o(.text) refers to fflt_clz.o(x$fpl$ffltu) for __aeabi_ui2f
    main.o(.text) refers to f2d.o(x$fpl$f2d) for __aeabi_f2d
    main.o(.text) refers to dmul.o(x$fpl$dmul) for __aeabi_dmul
    main.o(.text) refers to d2f.o(x$fpl$d2f) for __aeabi_d2f
    main.o(.text) refers to drleqf.o(x$fpl$drleqf) for __aeabi_cdrcmple
    main.o(.text) refers to daddsub_clz.o(x$fpl$dsub) for __aeabi_dsub
    main.o(.text) refers to dleqf.o(x$fpl$dleqf) for __aeabi_cdcmple
    main.o(.text) refers to uart.o(.text) for UART_Read_State_FIFO(unsigned char)
    main.o(.text) refers to rt_memcpy_w.o(.text) for __aeabi_memcpy4
    main.o(.text) refers to main.o(i._ZN22UART_State_FIFO_STRUCT6rxBusyEv) for UART_State_FIFO_STRUCT::rxBusy()
    main.o(.text) refers to rt_memclr_w.o(.text) for __aeabi_memclr4
    main.o(.text) refers to main.o(.data) for TEST_GetID_MUTEX
    main.o(.text) refers to gpio.o(.constdata) for GPIO_PORTCLOCK
    main.o(.text) refers to gpio.o(.data) for GPIO_PORTSEL
    main.o(.text) refers to main.o(.bss) for Test_56
    main.o(.text) refers to memcmp.o(.text) for memcmp
    main.o(.text) refers to rtc.o(.text) for __init_RTC()
    main.o(.text) refers to timer.o(.text) for __init_Timer()
    main.o(.text) refers to gpio.o(.text) for __init_GPIO()
    main.o(.text) refers to pwm.o(.text) for __init_PWM()
    main.o(.text) refers to tasktimer.o(.text) for __init_TaskTimer()
    main.o(.text) refers to strcmpv7m.o(.text) for strcmp
    main.o(.text) refers to testbench.o(.text) for class_TestBench::Add(unsigned char*, void(*)(unsigned char*))
    main.o(.text) refers to ui.o(.text) for class_UI::Init(Media*)
    main.o(.text) refers to testbench.o(.bss) for TestBench
    main.o(.text) refers to ui.o(.data) for UI
    main.o(.text) refers to hal_cm3.o(.emb_text) for os_set_env
    main.o(.text) refers to main.o(i._ZN5MediaC2Ev) for Media::Media__sub_object()
    main.o(.text) refers to rt_task.o(i.rt_tsk_delete) for rt_tsk_delete
    main.o(.text) refers to rt_task.o(i.rt_sys_init) for rt_sys_init
    main.o(.text) refers to main.o(.constdata) for vtable for [unnamed type (instance 2)]::[unnamed type (instance 4)]
    main.o(.ARM.exidx) refers to main.o(.text) for .text
    main.o(.constdata) refers to lib_rtti_impl.o(.constdata__ZTVN10__cxxabiv121__vmi_class_type_infoE) for vtable for __cxxabiv1::__vmi_class_type_info
    main.o(.constdata) refers to main.o(.constdata__ZTSNUt0_Ut2_E) for typeinfo name for [unnamed type (instance 2)]::[unnamed type (instance 4)]
    main.o(.constdata) refers to main.o(.constdata__ZTI5Media) for typeinfo for Media
    main.o(.constdata) refers to main.o(.constdata__ZTSNUt0_Ut3_E) for typeinfo name for [unnamed type (instance 2)]::[unnamed type (instance 5)]
    main.o(.constdata) refers to main.o(.constdata__ZTSNUt1_Ut2_E) for typeinfo name for [unnamed type (instance 3)]::[unnamed type (instance 4)]
    main.o(.constdata) refers to main.o(.constdata__ZTSNUt1_Ut3_E) for typeinfo name for [unnamed type (instance 3)]::[unnamed type (instance 5)]
    main.o(.constdata) refers to main.o(.constdata__ZTSNUt1_Ut4_E) for typeinfo name for [unnamed type (instance 3)]::[unnamed type (instance 6)]
    main.o(.constdata) refers to main.o(.constdata__ZTSNUt1_Ut5_E) for typeinfo name for [unnamed type (instance 3)]::[unnamed type (instance 7)]
    main.o(.constdata) refers to main.o(.constdata__ZTSNUt1_Ut6_E) for typeinfo name for [unnamed type (instance 3)]::[unnamed type (instance 8)]
    main.o(.constdata) refers to main.o(.text) for [unnamed type (instance 2)]::[unnamed type (instance 4)]::Open()
    main.o(.init_array) refers to main.o(.text) for __sti___8_main_cpp_Test_56
    main.o(.init_array) refers to init_aeabi.o(.text) for __cpp_initialize__aeabi_
[...]
    USART_Cmd                                0x0800767b   Thumb Code    24  stm32l1xx_usart.o(.text)
    USART_SetPrescaler                       0x08007693   Thumb Code    16  stm32l1xx_usart.o(.text)
    USART_OverSampling8Cmd                   0x080076a3   Thumb Code    22  stm32l1xx_usart.o(.text)
    USART_OneBitMethodCmd                    0x080076b9   Thumb Code    24  stm32l1xx_usart.o(.text)
    USART_SendData                           0x080076d1   Thumb Code     8  stm32l1xx_usart.o(.text)
    USART_ReceiveData                        0x080076d9   Thumb Code    10  stm32l1xx_usart.o(.text)
    USART_SetAddress                         0x080076e3   Thumb Code    18  stm32l1xx_usart.o(.text)
    USART_ReceiverWakeUpCmd                  0x080076f5   Thumb Code    24  stm32l1xx_usart.o(.text)
    USART_WakeUpConfig                       0x0800770d   Thumb Code    18  stm32l1xx_usart.o(.text)
    USART_LINBreakDetectLengthConfig         0x0800771f   Thumb Code    18  stm32l1xx_usart.o(.text)
    USART_LINCmd                             0x08007731   Thumb Code    24  stm32l1xx_usart.o(.text)
    USART_SendBreak                          0x08007749   Thumb Code    10  stm32l1xx_usart.o(.text)
    USART_HalfDuplexCmd                      0x08007753   Thumb Code    24  stm32l1xx_usart.o(.text)
    USART_SetGuardTime                       0x0800776b   Thumb Code    16  stm32l1xx_usart.o(.text)
    USART_SmartCardCmd                       0x0800777b   Thumb Code    24  stm32l1xx_usart.o(.text)
    USART_SmartCardNACKCmd                   0x08007793   Thumb Code    24  stm32l1xx_usart.o(.text)
    USART_IrDAConfig                         0x080077ab   Thumb Code    18  stm32l1xx_usart.o(.text)
    USART_IrDACmd                            0x080077bd   Thumb Code    24  stm32l1xx_usart.o(.text)
    USART_DMACmd                             0x080077d5   Thumb Code    18  stm32l1xx_usart.o(.text)
    USART_ITConfig                           0x080077e7   Thumb Code    64  stm32l1xx_usart.o(.text)
    USART_GetFlagStatus                      0x08007827   Thumb Code    18  stm32l1xx_usart.o(.text)
    USART_ClearFlag                          0x08007839   Thumb Code     6  stm32l1xx_usart.o(.text)
    USART_GetITStatus                        0x0800783f   Thumb Code    76  stm32l1xx_usart.o(.text)
    USART_ClearITPendingBit                  0x0800788b   Thumb Code    20  stm32l1xx_usart.o(.text)
    RCC_DeInit                               0x080078ad   Thumb Code    74  stm32l1xx_rcc.o(.text)
    RCC_HSEConfig                            0x080078f7   Thumb Code    14  stm32l1xx_rcc.o(.text)
    RCC_GetFlagStatus                        0x08007905   Thumb Code    48  stm32l1xx_rcc.o(.text)
    RCC_WaitForHSEStartUp                    0x08007935   Thumb Code    56  stm32l1xx_rcc.o(.text)
    RCC_AdjustMSICalibrationValue            0x0800796d   Thumb Code     8  stm32l1xx_rcc.o(.text)
    RCC_MSIRangeConfig                       0x08007975   Thumb Code    20  stm32l1xx_rcc.o(.text)
    RCC_MSICmd                               0x08007989   Thumb Code     6  stm32l1xx_rcc.o(.text)
    RCC_AdjustHSICalibrationValue            0x0800798f   Thumb Code    22  stm32l1xx_rcc.o(.text)
    RCC_HSICmd                               0x080079a5   Thumb Code     6  stm32l1xx_rcc.o(.text)
    RCC_LSEConfig                            0x080079ab   Thumb Code    14  stm32l1xx_rcc.o(.text)
    RCC_LSICmd                               0x080079b9   Thumb Code     6  stm32l1xx_rcc.o(.text)
    RCC_PLLConfig                            0x080079bf   Thumb Code    16  stm32l1xx_rcc.o(.text)
    RCC_PLLCmd                               0x080079cf   Thumb Code     6  stm32l1xx_rcc.o(.text)
    RCC_ClockSecuritySystemCmd               0x080079d5   Thumb Code     6  stm32l1xx_rcc.o(.text)
    RCC_MCOConfig                            0x080079db   Thumb Code    12  stm32l1xx_rcc.o(.text)
    RCC_SYSCLKConfig                         0x080079e7   Thumb Code    20  stm32l1xx_rcc.o(.text)
    RCC_GetSYSCLKSource                      0x080079fb   Thumb Code    12  stm32l1xx_rcc.o(.text)
    RCC_HCLKConfig                           0x08007a07   Thumb Code    20  stm32l1xx_rcc.o(.text)
    RCC_PCLK1Config                          0x08007a1b   Thumb Code    20  stm32l1xx_rcc.o(.text)
    RCC_PCLK2Config                          0x08007a2f   Thumb Code    22  stm32l1xx_rcc.o(.text)
    RCC_GetClocksFreq                        0x08007a45   Thumb Code   248  stm32l1xx_rcc.o(.text)
    RCC_RTCCLKConfig                         0x08007b3d   Thumb Code    64  stm32l1xx_rcc.o(.text)
    RCC_RTCCLKCmd                            0x08007b7d   Thumb Code     8  stm32l1xx_rcc.o(.text)
    RCC_RTCResetCmd                          0x08007b85   Thumb Code     8  stm32l1xx_rcc.o(.text)
    RCC_AHBPeriphClockCmd                    0x08007b8d   Thumb Code    34  stm32l1xx_rcc.o(.text)
    RCC_APB2PeriphClockCmd                   0x08007baf   Thumb Code    34  stm32l1xx_rcc.o(.text)
    RCC_APB1PeriphClockCmd                   0x08007bd1   Thumb Code    34  stm32l1xx_rcc.o(.text)
    RCC_AHBPeriphResetCmd                    0x08007bf3   Thumb Code    34  stm32l1xx_rcc.o(.text)
    RCC_APB2PeriphResetCmd                   0x08007c15   Thumb Code    34  stm32l1xx_rcc.o(.text)
    RCC_APB1PeriphResetCmd                   0x08007c37   Thumb Code    34  stm32l1xx_rcc.o(.text)
    RCC_AHBPeriphClockLPModeCmd              0x08007c59   Thumb Code    34  stm32l1xx_rcc.o(.text)
    RCC_APB2PeriphClockLPModeCmd             0x08007c7b   Thumb Code    66  stm32l1xx_rcc.o(.text)
    RCC_APB1PeriphClockLPModeCmd             0x08007cbd   Thumb Code    34  stm32l1xx_rcc.o(.text)
    RCC_ITConfig                             0x08007cdf   Thumb Code    34  stm32l1xx_rcc.o(.text)
    RCC_ClearFlag                            0x08007d01   Thumb Code    18  stm32l1xx_rcc.o(.text)
    RCC_GetITStatus                          0x08007d13   Thumb Code    22  stm32l1xx_rcc.o(.text)
    RCC_ClearITPendingBit                    0x08007d29   Thumb Code     8  stm32l1xx_rcc.o(.text)
    EXTI_DeInit                              0x08007d35   Thumb Code    28  stm32l1xx_exti.o(.text)
    EXTI_Init                                0x08007d51   Thumb Code   142  stm32l1xx_exti.o(.text)
    EXTI_StructInit                          0x08007ddf   Thumb Code    16  stm32l1xx_exti.o(.text)
    EXTI_GenerateSWInterrupt                 0x08007def   Thumb Code    16  stm32l1xx_exti.o(.text)
    EXTI_GetFlagStatus                       0x08007dff   Thumb Code    22  stm32l1xx_exti.o(.text)
    EXTI_ClearFlag                           0x08007e15   Thumb Code     8  stm32l1xx_exti.o(.text)
    EXTI_GetITStatus                         0x08007e1d   Thumb Code    34  stm32l1xx_exti.o(.text)
    EXTI_ClearITPendingBit                   0x08007e3f   Thumb Code     8  stm32l1xx_exti.o(.text)
    IWDG_WriteAccessCmd                      0x08007e51   Thumb Code     6  stm32l1xx_iwdg.o(.text)
    IWDG_SetPrescaler                        0x08007e57   Thumb Code     6  stm32l1xx_iwdg.o(.text)
    IWDG_SetReload                           0x08007e5d   Thumb Code     6  stm32l1xx_iwdg.o(.text)
    IWDG_ReloadCounter                       0x08007e63   Thumb Code    10  stm32l1xx_iwdg.o(.text)
    IWDG_Enable                              0x08007e6d   Thumb Code    10  stm32l1xx_iwdg.o(.text)
    IWDG_GetFlagStatus                       0x08007e77   Thumb Code    20  stm32l1xx_iwdg.o(.text)
    PWR_DeInit                               0x08007e91   Thumb Code    22  stm32l1xx_pwr.o(.text)
    PWR_RTCAccessCmd                         0x08007ea7   Thumb Code     6  stm32l1xx_pwr.o(.text)
    PWR_PVDLevelConfig                       0x08007ead   Thumb Code    18  stm32l1xx_pwr.o(.text)
    PWR_PVDCmd                               0x08007ebf   Thumb Code     6  stm32l1xx_pwr.o(.text)
    PWR_WakeUpPinCmd                         0x08007ec5   Thumb Code    20  stm32l1xx_pwr.o(.text)
    PWR_FastWakeUpCmd                        0x08007ed9   Thumb Code     6  stm32l1xx_pwr.o(.text)
    PWR_UltraLowPowerCmd                     0x08007edf   Thumb Code     6  stm32l1xx_pwr.o(.text)
    PWR_VoltageScalingConfig                 0x08007ee5   Thumb Code    24  stm32l1xx_pwr.o(.text)
    PWR_EnterLowPowerRunMode                 0x08007efd   Thumb Code    50  stm32l1xx_pwr.o(.text)
    PWR_EnterSleepMode                       0x08007f2f   Thumb Code    42  stm32l1xx_pwr.o(.text)
    PWR_EnterSTOPMode                        0x08007f59   Thumb Code    54  stm32l1xx_pwr.o(.text)
    PWR_EnterSTANDBYMode                     0x08007f8f   Thumb Code    42  stm32l1xx_pwr.o(.text)
    PWR_GetFlagStatus                        0x08007fb9   Thumb Code    20  stm32l1xx_pwr.o(.text)
    PWR_ClearFlag                            0x08007fcd   Thumb Code    14  stm32l1xx_pwr.o(.text)
    FLASH_SetLatency                         0x08007fe9   Thumb Code    18  stm32l1xx_flash.o(.text)
    FLASH_PrefetchBufferCmd                  0x08007ffb   Thumb Code    30  stm32l1xx_flash.o(.text)
    FLASH_ReadAccess64Cmd                    0x08008019   Thumb Code    30  stm32l1xx_flash.o(.text)
    FLASH_SLEEPPowerDownCmd                  0x08008037   Thumb Code    30  stm32l1xx_flash.o(.text)
    DATA_EEPROM_Unlock                       0x08008055   Thumb Code    26  stm32l1xx_flash.o(.text)
    FLASH_Unlock                             0x0800806f   Thumb Code    32  stm32l1xx_flash.o(.text)
    FLASH_Lock                               0x0800808f   Thumb Code    18  stm32l1xx_flash.o(.text)
    FLASH_GetStatus                          0x080080a1   Thumb Code    56  stm32l1xx_flash.o(.text)
    FLASH_WaitForLastOperation               0x080080d9   Thumb Code    38  stm32l1xx_flash.o(.text)
    FLASH_ErasePage                          0x080080ff   Thumb Code    86  stm32l1xx_flash.o(.text)
    FLASH_FastProgramWord                    0x08008155   Thumb Code    34  stm32l1xx_flash.o(.text)
    DATA_EEPROM_Lock                         0x08008177   Thumb Code    18  stm32l1xx_flash.o(.text)
    DATA_EEPROM_FixedTimeProgramCmd          0x08008189   Thumb Code    38  stm32l1xx_flash.o(.text)
    DATA_EEPROM_EraseWord                    0x080081af   Thumb Code    26  stm32l1xx_flash.o(.text)
    DATA_EEPROM_FastProgramWord              0x080081c9   Thumb Code    50  stm32l1xx_flash.o(.text)
    DATA_EEPROM_FastProgramByte              0x080081fb   Thumb Code   108  stm32l1xx_flash.o(.text)
    DATA_EEPROM_FastProgramHalfWord          0x08008267   Thumb Code   136  stm32l1xx_flash.o(.text)
    DATA_EEPROM_ProgramByte                  0x080082ef   Thumb Code    92  stm32l1xx_flash.o(.text)
    DATA_EEPROM_ProgramHalfWord              0x0800834b   Thumb Code   120  stm32l1xx_flash.o(.text)
    DATA_EEPROM_ProgramWord                  0x080083c3   Thumb Code    54  stm32l1xx_flash.o(.text)
    FLASH_OB_Unlock                          0x080083f9   Thumb Code    30  stm32l1xx_flash.o(.text)
    FLASH_OB_Lock                            0x08008417   Thumb Code    14  stm32l1xx_flash.o(.text)
    FLASH_OB_Launch                          0x08008425   Thumb Code    14  stm32l1xx_flash.o(.text)
    FLASH_OB_WRPConfig                       0x08008433   Thumb Code   142  stm32l1xx_flash.o(.text)
    FLASH_OB_RDPConfig                       0x080084c1   Thumb Code    48  stm32l1xx_flash.o(.text)
    FLASH_OB_UserConfig                      0x080084f1   Thumb Code    94  stm32l1xx_flash.o(.text)
    FLASH_OB_BORConfig                       0x0800854f   Thumb Code    66  stm32l1xx_flash.o(.text)
    FLASH_OB_GetUser                         0x08008591   Thumb Code    12  stm32l1xx_flash.o(.text)
    FLASH_OB_GetWRP                          0x0800859d   Thumb Code     8  stm32l1xx_flash.o(.text)
    FLASH_OB_GetRDP                          0x080085a5   Thumb Code    22  stm32l1xx_flash.o(.text)
    FLASH_OB_GetBOR                          0x080085bb   Thumb Code    12  stm32l1xx_flash.o(.text)
    FLASH_ITConfig                           0x080085c7   Thumb Code    26  stm32l1xx_flash.o(.text)
    FLASH_GetFlagStatus                      0x080085e1   Thumb Code    22  stm32l1xx_flash.o(.text)
    FLASH_ClearFlag                          0x080085f7   Thumb Code     8  stm32l1xx_flash.o(.text)
    SYSCFG_DeInit                            0x08008611   Thumb Code    20  stm32l1xx_syscfg.o(.text)
    SYSCFG_RIDeInit                          0x08008625   Thumb Code    28  stm32l1xx_syscfg.o(.text)
    SYSCFG_MemoryRemapConfig                 0x08008641   Thumb Code     6  stm32l1xx_syscfg.o(.text)
    SYSCFG_USBPuCmd                          0x08008647   Thumb Code    30  stm32l1xx_syscfg.o(.text)
    SYSCFG_EXTILineConfig                    0x08008665   Thumb Code    66  stm32l1xx_syscfg.o(.text)
    SYSCFG_RITIMSelect                       0x080086a7   Thumb Code    18  stm32l1xx_syscfg.o(.text)
    SYSCFG_RITIMInputCaptureConfig           0x080086b9   Thumb Code    86  stm32l1xx_syscfg.o(.text)
    SYSCFG_RIResistorConfig                  0x0800870f   Thumb Code    34  stm32l1xx_syscfg.o(.text)
    SYSCFG_RIIOSwitchConfig                  0x08008731   Thumb Code    80  stm32l1xx_syscfg.o(.text)
    SYSCFG_RISwitchControlModeCmd            0x08008781   Thumb Code    38  stm32l1xx_syscfg.o(.text)
    SYSCFG_RIHysteresisConfig                0x080087a7   Thumb Code   200  stm32l1xx_syscfg.o(.text)
    __user_libspace                          0x08008879   Thumb Code     8  libspace.o(.text)
    __user_perproc_libspace                  0x08008879   Thumb Code     0  libspace.o(.text)
    __2sprintf                               0x08008881   Thumb Code    34  noretval__2sprintf.o(.text)
    __printf                                 0x080088a9   Thumb Code   104  __printf.o(.text)
    _printf_str                              0x08008911   Thumb Code    82  _printf_str.o(.text)
    _printf_int_dec                          0x08008965   Thumb Code   104  _printf_dec.o(.text)
    strtok                                   0x080089dd   Thumb Code     6  strtok.o(.text)
    memcmp                                   0x080089e9   Thumb Code    88  memcmp.o(.text)
    strcpy                                   0x08008a41   Thumb Code    72  strcpy.o(.text)
    strlen                                   0x08008a89   Thumb Code    62  strlen.o(.text)
    __aeabi_memcpy4                          0x08008ac7   Thumb Code     0  rt_memcpy_w.o(.text)
    __aeabi_memcpy8                          0x08008ac7   Thumb Code     0  rt_memcpy_w.o(.text)
    __rt_memcpy_w                            0x08008ac7   Thumb Code   100  rt_memcpy_w.o(.text)
    _memcpy_lastbytes_aligned                0x08008b0f   Thumb Code     0  rt_memcpy_w.o(.text)
    __aeabi_memclr                           0x08008b2b   Thumb Code     0  rt_memclr.o(.text)
    __rt_memclr                              0x08008b2b   Thumb Code    68  rt_memclr.o(.text)
    _memset                                  0x08008b2f   Thumb Code     0  rt_memclr.o(.text)
    __aeabi_memclr4                          0x08008b6f   Thumb Code     0  rt_memclr_w.o(.text)
    __aeabi_memclr8                          0x08008b6f   Thumb Code     0  rt_memclr_w.o(.text)
    __rt_memclr_w                            0x08008b6f   Thumb Code    78  rt_memclr_w.o(.text)
    _memset_w                                0x08008b73   Thumb Code     0  rt_memclr_w.o(.text)
    strcmp                                   0x08008bbd   Thumb Code   128  strcmpv7m.o(.text)
    __use_two_region_memory                  0x08008c3d   Thumb Code     2  heapauxi.o(.text)
    __rt_heap_escrow                         0x08008c3f   Thumb Code     2  heapauxi.o(.text)
    __rt_heap_expand                         0x08008c41   Thumb Code     2  heapauxi.o(.text)
    __cpp_initialize__aeabi_                 0x08008c45   Thumb Code    26  init_aeabi.o(.text)
    __rt_new_handler_addr                    0x08008c69   Thumb Code    10  rt_new_handler_addr_twolibspace.o(.text)
    _malloc_internal                         0x08008c7b   Thumb Code   130  h1_alloc_mt.o(.text)
    malloc                                   0x08008cfd   Thumb Code    20  h1_alloc_mt.o(.text)
    _printf_int_common                       0x08008d11   Thumb Code   178  _printf_intcommon.o(.text)
    _printf_char_common                      0x08008dcf   Thumb Code    32  _printf_char_common.o(.text)
    _sputc                                   0x08008df5   Thumb Code    10  _sputc.o(.text)
    _printf_cs_common                        0x08008dff   Thumb Code    20  _printf_char.o(.text)
    _printf_char                             0x08008e13   Thumb Code    16  _printf_char.o(.text)
    _printf_string                           0x08008e23   Thumb Code     8  _printf_char.o(.text)
    __rt_SIGPVFN                             0x08008e2b   Thumb Code    14  defsig_pvfn_outer.o(.text)
    __strtok_internal                        0x08008e39   Thumb Code    64  strtok_int.o(.text)
    __default_new_handler()                  0x08008e7d   Thumb Code     4  arm_newhandler_noexceptions.o(.text)
    __rt_heap_descriptor                     0x08008e81   Thumb Code    10  rt_heap_descriptor_twolibspace.o(.text)
    __use_no_heap                            0x08008e8b   Thumb Code     2  hguard.o(.text)
    __heap$guard                             0x08008e8d   Thumb Code     2  hguard.o(.text)
    _terminate_user_alloc                    0x08008e8f   Thumb Code     2  init_alloc.o(.text)
    _init_user_alloc                         0x08008e91   Thumb Code     2  init_alloc.o(.text)
    __Heap_Full                              0x08008e93   Thumb Code    34  init_alloc.o(.text)
    __Heap_Broken                            0x08008eb5   Thumb Code     6  init_alloc.o(.text)
    _init_alloc                              0x08008ebb   Thumb Code    94  init_alloc.o(.text)
    __Heap_Initialize                        0x08008f19   Thumb Code    14  h1_init_mt.o(.text)
    __Heap_DescSize                          0x08008f27   Thumb Code     4  h1_init_mt.o(.text)
    _free_internal                           0x08008f2b   Thumb Code    98  h1_free_mt.o(.text)
    free                                     0x08008f8d   Thumb Code    20  h1_free_mt.o(.text)
    __sig_exit                               0x08008fa1   Thumb Code    10  defsig_exit.o(.text)
    __rt_SIGPVFN_inner                       0x08008fad   Thumb Code    14  defsig_pvfn_inner.o(.text)
    strcspn                                  0x08008fdd   Thumb Code    32  strcspn.o(.text)
    strspn                                   0x08008ffd   Thumb Code    28  strspn.o(.text)
    std::terminate()                         0x08009019   Thumb Code    26  arm_exceptions_terminate.o(.text)
    __cxa_get_globals                        0x0800903b   Thumb Code    62  arm_exceptions_globs.o(.text)
    _sys_exit                                0x08009085   Thumb Code     8  sys_exit.o(.text)
    __user_setup_stackheap                   0x08009091   Thumb Code    74  sys_stackheap_outer.o(.text)
    __rt_eh_globals_addr                     0x080090db   Thumb Code    10  rt_eh_globals_addr_twolibspace.o(.text)
    __Heap_ProvideMemory                     0x080090e5   Thumb Code    62  h1_extend_mt.o(.text)
    exit                                     0x08009123   Thumb Code    18  exit.o(.text)
    abort                                    0x08009135   Thumb Code    22  abort.o(.text)
    __default_signal_display                 0x0800914b   Thumb Code    50  defsig_general.o(.text)
    __rt_SIGRTMEM                            0x0800917d   Thumb Code    14  defsig_rtmem_outer.o(.text)
    __ARM_exceptions_buffer_init             0x0800918b   Thumb Code    18  arm_exceptions_mem.o(.text)
    __ARM_exceptions_buffer_allocate         0x0800919d   Thumb Code    22  arm_exceptions_mem.o(.text)
    __ARM_exceptions_buffer_free             0x080091b3   Thumb Code    20  arm_exceptions_mem.o(.text)
    _ttywrch                                 0x080091c7   Thumb Code    14  sys_wrch.o(.text)
    __I$use$semihosting                      0x080091d5   Thumb Code     0  use_no_semi.o(.text)
    __use_no_semihosting_swi                 0x080091d5   Thumb Code     2  use_no_semi.o(.text)
    __rt_SIGABRT                             0x080091d7   Thumb Code    14  defsig_abrt_outer.o(.text)
    __semihosting_library_function           0x080091d7   Thumb Code     0  indicate_semi.o(.text)
    __rt_SIGRTMEM_inner                      0x080091e5   Thumb Code    22  defsig_rtmem_inner.o(.text)
    __rt_SIGABRT_inner                       0x08009235   Thumb Code    14  defsig_abrt_inner.o(.text)
    SVC_Count                                0x08009264   Data           4  SVC_Table.o(SVC_TABLE)
    SVC_Table                                0x08009268   Data           0  SVC_Table.o(SVC_TABLE)
    struct_GPIO::struct_Input::GetAddrFun()  0x08009269   Thumb Code     6  gpio.o(i._ZN11struct_GPIO12struct_Input10GetAddrFunEv)
    struct_GPIO::struct_Input::RunAddrFun()  0x0800926f   Thumb Code    10  gpio.o(i._ZN11struct_GPIO12struct_Input10RunAddrFunEv)
    struct_GPIO::struct_Input::SetAddrFun(void(*)()) 0x08009279   Thumb Code     4  gpio.o(i._ZN11struct_GPIO12struct_Input10SetAddrFunEPFvvE)
    struct_GPIO::struct_Input::GetAddrValue() 0x0800927d   Thumb Code     6  gpio.o(i._ZN11struct_GPIO12struct_Input12GetAddrValueEv)
    struct_GPIO::struct_Input::GetFeedValue() 0x08009283   Thumb Code     6  gpio.o(i._ZN11struct_GPIO12struct_Input12GetFeedValueEv)
    struct_GPIO::struct_Input::SetAddrValue(bool*) 0x08009289   Thumb Code     4  gpio.o(i._ZN11struct_GPIO12struct_Input12SetAddrValueEPb)
    struct_GPIO::struct_Input::SetFeedValue(bool) 0x0800928d   Thumb Code     4  gpio.o(i._ZN11struct_GPIO12struct_Input12SetFeedValueEb)
    struct_GPIO::struct_Input::GetPin()      0x08009291   Thumb Code     6  gpio.o(i._ZN11struct_GPIO12struct_Input6GetPinEv)
    struct_GPIO::struct_Input::SetPin(unsigned char) 0x08009297   Thumb Code     4  gpio.o(i._ZN11struct_GPIO12struct_Input6SetPinEh)
    struct_GPIO::struct_Input::GetEdge()     0x0800929b   Thumb Code     6  gpio.o(i._ZN11struct_GPIO12struct_Input7GetEdgeEv)
    struct_GPIO::struct_Input::GetPort()     0x080092a1   Thumb Code     6  gpio.o(i._ZN11struct_GPIO12struct_Input7GetPortEv)
    struct_GPIO::struct_Input::SetEdge(unsigned char) 0x080092a7   Thumb Code     4  gpio.o(i._ZN11struct_GPIO12struct_Input7SetEdgeEh)
    struct_GPIO::struct_Input::SetPort(unsigned char) 0x080092ab   Thumb Code     4  gpio.o(i._ZN11struct_GPIO12struct_Input7SetPortEh)
    struct_GPIO::struct_Input::SetByInt(bool) 0x080092af   Thumb Code     4  gpio.o(i._ZN11struct_GPIO12struct_Input8SetByIntEb)
    struct_GPIO::struct_Input::struct_Input() 0x080092b3   Thumb Code    70  gpio.o(i._ZN11struct_GPIO12struct_InputC1Ev)
    struct_GPIO::struct_Input::struct_Input__sub_object() 0x080092b3   Thumb Code     0  gpio.o(i._ZN11struct_GPIO12struct_InputC1Ev)
    struct_GPIO::GetNumOfInput()             0x080092f9   Thumb Code     8  gpio.o(i._ZN11struct_GPIO13GetNumOfInputEv)
    struct_GPIO::struct_Output::SetAddrValue(bool*) 0x08009301   Thumb Code     4  gpio.o(i._ZN11struct_GPIO13struct_Output12SetAddrValueEPb)
    struct_GPIO::struct_Output::SetFeedValue(bool) 0x08009305   Thumb Code     4  gpio.o(i._ZN11struct_GPIO13struct_Output12SetFeedValueEb)
    struct_GPIO::struct_Output::SetPin(unsigned char) 0x08009309   Thumb Code     4  gpio.o(i._ZN11struct_GPIO13struct_Output6SetPinEh)
    struct_GPIO::struct_Output::GetPort()    0x0800930d   Thumb Code     6  gpio.o(i._ZN11struct_GPIO13struct_Output7GetPortEv)
    struct_GPIO::struct_Output::SetPort(unsigned char) 0x08009313   Thumb Code     4  gpio.o(i._ZN11struct_GPIO13struct_Output7SetPortEh)
    struct_GPIO::struct_Output::struct_Output() 0x08009317   Thumb Code    46  gpio.o(i._ZN11struct_GPIO13struct_OutputC1Ev)
    struct_GPIO::struct_Output::struct_Output__sub_object() 0x08009317   Thumb Code     0  gpio.o(i._ZN11struct_GPIO13struct_OutputC1Ev)
    struct_GPIO::GetNumOfOutput()            0x08009345   Thumb Code     6  gpio.o(i._ZN11struct_GPIO14GetNumOfOutputEv)
    RTC_DateTime::struct_Date::GetDay()      0x0800934b   Thumb Code     6  datetype.o(i._ZN12RTC_DateTime11struct_Date6GetDayEv)
    RTC_DateTime::struct_Date::SetDay(int)   0x08009351   Thumb Code     4  datetype.o(i._ZN12RTC_DateTime11struct_Date6SetDayEi)
    RTC_DateTime::struct_Date::GetYear()     0x08009355   Thumb Code     6  datetype.o(i._ZN12RTC_DateTime11struct_Date7GetYearEv)
    RTC_DateTime::struct_Date::SetYear(int)  0x0800935b   Thumb Code     4  datetype.o(i._ZN12RTC_DateTime11struct_Date7SetYearEi)
    RTC_DateTime::struct_Date::GetMonth()    0x0800935f   Thumb Code     6  datetype.o(i._ZN12RTC_DateTime11struct_Date8GetMonthEv)
    RTC_DateTime::struct_Date::SetMonth(int) 0x08009365   Thumb Code     4  datetype.o(i._ZN12RTC_DateTime11struct_Date8SetMonthEi)
    RTC_DateTime::struct_Time::GetHour()     0x08009369   Thumb Code     6  rtc.o(i._ZN12RTC_DateTime11struct_Time7GetHourEv)
    RTC_DateTime::struct_Time::SetHour(int)  0x0800936f   Thumb Code     4  datetype.o(i._ZN12RTC_DateTime11struct_Time7SetHourEi)
    RTC_DateTime::struct_Time::GetMinute()   0x08009373   Thumb Code     6  rtc.o(i._ZN12RTC_DateTime11struct_Time9GetMinuteEv)
    RTC_DateTime::struct_Time::GetSecond()   0x08009379   Thumb Code     6  rtc.o(i._ZN12RTC_DateTime11struct_Time9GetSecondEv)
    RTC_DateTime::struct_Time::SetMinute(int) 0x0800937f   Thumb Code     4  rtc.o(i._ZN12RTC_DateTime11struct_Time9SetMinuteEi)
    RTC_DateTime::struct_Time::SetSecond(int) 0x08009383   Thumb Code     4  rtc.o(i._ZN12RTC_DateTime11struct_Time9SetSecondEi)
    RTC_DateTime::RTC_DateTime()             0x08009387   Thumb Code    16  rtc.o(i._ZN12RTC_DateTimeC1Ev)
    RTC_DateTime::RTC_DateTime__sub_object() 0x08009387   Thumb Code     0  rtc.o(i._ZN12RTC_DateTimeC1Ev)
    struct_TIMER::GetNumChannel()            0x08009397   Thumb Code     6  timer.o(i._ZN12struct_TIMER13GetNumChannelEv)
    struct_TIMER::struct_Channel::IncreaseCount(unsigned long long) 0x0800939d   Thumb Code    16  timer.o(i._ZN12struct_TIMER14struct_Channel13IncreaseCountEy)
    struct_TIMER::struct_Channel::SetCallPeriod(void(*)()) 0x080093ad   Thumb Code     4  timer.o(i._ZN12struct_TIMER14struct_Channel13SetCallPeriodEPFvvE)
    struct_TIMER::struct_Channel::GetDiff()  0x080093b1   Thumb Code     8  timer.o(i._ZN12struct_TIMER14struct_Channel7GetDiffEv)
    struct_TIMER::struct_Channel::SetDiff(unsigned long long) 0x080093b9   Thumb Code     6  timer.o(i._ZN12struct_TIMER14struct_Channel7SetDiffEy)
    struct_TIMER::struct_Channel::GetCount() 0x080093bf   Thumb Code     8  timer.o(i._ZN12struct_TIMER14struct_Channel8GetCountEv)
    struct_TIMER::struct_Channel::SetCount(unsigned long long) 0x080093c7   Thumb Code     6  timer.o(i._ZN12struct_TIMER14struct_Channel8SetCountEy)
    struct_TIMER::struct_Channel::GetPeriod() 0x080093cd   Thumb Code     8  timer.o(i._ZN12struct_TIMER14struct_Channel9GetPeriodEv)
    struct_TIMER::struct_Channel::ResetDiff() 0x080093d5   Thumb Code    16  timer.o(i._ZN12struct_TIMER14struct_Channel9ResetDiffEv)
    struct_TIMER::struct_Channel::SetEnable(bool) 0x080093e5   Thumb Code     4  timer.o(i._ZN12struct_TIMER14struct_Channel9SetEnableEb)
    struct_TIMER::struct_Channel::SetPeriod(unsigned long long) 0x080093e9   Thumb Code     6  timer.o(i._ZN12struct_TIMER14struct_Channel9SetPeriodEy)
    struct_TIMER::struct_Channel::struct_Channel() 0x080093ef   Thumb Code    66  timer.o(i._ZN12struct_TIMER14struct_ChannelC1Ev)
    struct_TIMER::struct_Channel::struct_Channel__sub_object() 0x080093ef   Thumb Code     0  timer.o(i._ZN12struct_TIMER14struct_ChannelC1Ev)
    struct_ValueBool::Set(bool)              0x08009431   Thumb Code     4  main.o(i._ZN16struct_ValueBool3SetEb)
    struct_ValueBool::Enable()               0x08009435   Thumb Code    14  main.o(i._ZN16struct_ValueBool6EnableEv)
    struct_ValueBool::Disable()              0x08009443   Thumb Code    14  main.o(i._ZN16struct_ValueBool7DisableEv)
    UART_State_FIFO_STRUCT::rxBusy()         0x08009451   Thumb Code     6  main.o(i._ZN22UART_State_FIFO_STRUCT6rxBusyEv)
    Media::Media__sub_object()               0x08009459   Thumb Code     6  main.o(i._ZN5MediaC2Ev)
    operator new(unsigned)                   0x08009465   Thumb Code    34  new.o(i._Znwj)
    __aeabi_vec_ctor_nocookie_nodtor         0x0800948d   Thumb Code    36  aeabi_vec_ctor_nocookie_nodtor.o(i.__aeabi_vec_ctor_nocookie_nodtor)
    __cxa_pure_virtual                       0x080094b1   Thumb Code     6  pure_virt.o(i.__cxa_pure_virtual)
    _init_box                                0x080094b7   Thumb Code    70  rt_membox.o(i._init_box)
    dbg_init                                 0x080094fd   Thumb Code    34  hal_cm3.o(i.dbg_init)
    dbg_task_notify                          0x0800952d   Thumb Code    32  hal_cm3.o(i.dbg_task_notify)
    dbg_task_switch                          0x0800954d   Thumb Code    16  hal_cm3.o(i.dbg_task_switch)
    os_tick_init                             0x0800955d   Thumb Code    32  rt_system.o(i.os_tick_init)
    os_tick_irqack                           0x08009585   Thumb Code     2  rt_system.o(i.os_tick_irqack)
    rt_alloc_box                             0x08009587   Thumb Code    26  rt_membox.o(i.rt_alloc_box)
    rt_block                                 0x080095a1   Thumb Code    48  rt_task.o(i.rt_block)
    rt_dec_dly                               0x080095d9   Thumb Code   106  rt_list.o(i.rt_dec_dly)
    rt_dispatch                              0x0800964d   Thumb Code    60  rt_task.o(i.rt_dispatch)
    rt_dly_wait                              0x08009691   Thumb Code     6  rt_time.o(i.rt_dly_wait)
    rt_evt_psh                               0x08009699   Thumb Code    72  rt_event.o(i.rt_evt_psh)
    rt_free_box                              0x080096e5   Thumb Code    32  rt_membox.o(i.rt_free_box)
    rt_get_first                             0x08009705   Thumb Code    40  rt_list.o(i.rt_get_first)
    rt_init_stack                            0x08009771   Thumb Code    70  hal_cm3.o(i.rt_init_stack)
    rt_mbx_psh                               0x080097c1   Thumb Code   188  rt_mailbox.o(i.rt_mbx_psh)
    rt_mut_init                              0x08009881   Thumb Code    16  rt_mutex.o(i.rt_mut_init)
    rt_mut_release                           0x08009891   Thumb Code   164  rt_mutex.o(i.rt_mut_release)
    rt_mut_wait                              0x0800993d   Thumb Code    96  rt_mutex.o(i.rt_mut_wait)
    rt_pop_req                               0x080099a1   Thumb Code   106  rt_system.o(i.rt_pop_req)
    rt_put_dly                               0x08009a19   Thumb Code    68  rt_list.o(i.rt_put_dly)
    rt_put_prio                              0x08009a61   Thumb Code    54  rt_list.o(i.rt_put_prio)
    rt_put_rdy_first                         0x08009a99   Thumb Code    14  rt_list.o(i.rt_put_rdy_first)
    rt_resort_prio                           0x08009aad   Thumb Code    46  rt_list.o(i.rt_resort_prio)
    rt_rmv_dly                               0x08009ae1   Thumb Code    40  rt_list.o(i.rt_rmv_dly)
    rt_rmv_list                              0x08009b09   Thumb Code    44  rt_list.o(i.rt_rmv_list)
    rt_sem_psh                               0x08009b39   Thumb Code    46  rt_semaphore.o(i.rt_sem_psh)
    rt_stk_check                             0x08009b6d   Thumb Code    28  rt_system.o(i.rt_stk_check)
    rt_switch_req                            0x08009b91   Thumb Code    30  rt_task.o(i.rt_switch_req)
    rt_sys_init                              0x08009bb9   Thumb Code   266  rt_task.o(i.rt_sys_init)
    rt_systick                               0x08009d11   Thumb Code    48  rt_system.o(i.rt_systick)
    rt_tmr_tick                              0x08009d4d   Thumb Code    56  rt_timer.o(i.rt_tmr_tick)
    rt_tsk_create                            0x08009d8d   Thumb Code   126  rt_task.o(i.rt_tsk_create)
    rt_tsk_delete                            0x08009e21   Thumb Code   162  rt_task.o(i.rt_tsk_delete)
    rt_tsk_self                              0x08009edd   Thumb Code    12  rt_task.o(i.rt_tsk_self)
    class_String<(int)512>::Reset()          0x08009eed   Thumb Code    16  tagbench.o(t._ZN12class_StringILi512EE5ResetEv)
    class_String<(int)64>::Reset()           0x08009efd   Thumb Code    14  tagbench.o(t._ZN12class_StringILi64EE5ResetEv)
    __aeabi_d2f                              0x08009f0d   Thumb Code     0  d2f.o(x$fpl$d2f)
    _d2f                                     0x08009f0d   Thumb Code    98  d2f.o(x$fpl$d2f)
    __aeabi_dadd                             0x08009f71   Thumb Code     0  daddsub_clz.o(x$fpl$dadd)
    _dadd                                    0x08009f71   Thumb Code   332  daddsub_clz.o(x$fpl$dadd)
    __fpl_dcmp_Inf                           0x0800a0c1   Thumb Code    24  dcmpi.o(x$fpl$dcmpinf)
    __aeabi_ddiv                             0x0800a0d9   Thumb Code     0  ddiv.o(x$fpl$ddiv)
    _ddiv                                    0x0800a0d9   Thumb Code   552  ddiv.o(x$fpl$ddiv)
    __aeabi_ul2d                             0x0800a389   Thumb Code     0  dfltll_clz.o(x$fpl$dfltull)
    _ll_uto_d                                0x0800a389   Thumb Code   138  dfltll_clz.o(x$fpl$dfltull)
    __aeabi_cdcmple                          0x0800a415   Thumb Code     0  dleqf.o(x$fpl$dleqf)
    _dcmple                                  0x0800a415   Thumb Code   120  dleqf.o(x$fpl$dleqf)
    __fpl_dcmple_InfNaN                      0x0800a477   Thumb Code     0  dleqf.o(x$fpl$dleqf)
    __aeabi_dmul                             0x0800a48d   Thumb Code     0  dmul.o(x$fpl$dmul)
    _dmul                                    0x0800a48d   Thumb Code   332  dmul.o(x$fpl$dmul)
    __fpl_dnaninf                            0x0800a5e1   Thumb Code   156  dnaninf.o(x$fpl$dnaninf)
    __fpl_dretinf                            0x0800a67d   Thumb Code    12  dretinf.o(x$fpl$dretinf)
    __aeabi_cdrcmple                         0x0800a689   Thumb Code     0  drleqf.o(x$fpl$drleqf)
    _drcmple                                 0x0800a689   Thumb Code   108  drleqf.o(x$fpl$drleqf)
    __aeabi_dsub                             0x0800a6f5   Thumb Code     0  daddsub_clz.o(x$fpl$dsub)
    _dsub                                    0x0800a6f5   Thumb Code   464  daddsub_clz.o(x$fpl$dsub)
    __aeabi_f2d                              0x0800a8c9   Thumb Code     0  f2d.o(x$fpl$f2d)
    _f2d                                     0x0800a8c9   Thumb Code    86  f2d.o(x$fpl$f2d)
    __aeabi_fdiv                             0x0800a921   Thumb Code     0  fdiv.o(x$fpl$fdiv)
    _fdiv                                    0x0800a921   Thumb Code   384  fdiv.o(x$fpl$fdiv)
    __aeabi_i2f                              0x0800aaa5   Thumb Code     0  fflt_clz.o(x$fpl$fflt)
    _fflt                                    0x0800aaa5   Thumb Code    48  fflt_clz.o(x$fpl$fflt)
    __aeabi_ul2f                             0x0800aad5   Thumb Code     0  ffltll_clz.o(x$fpl$ffltll)
    _ll_uto_f                                0x0800aad5   Thumb Code     6  ffltll_clz.o(x$fpl$ffltll)
    __aeabi_l2f                              0x0800aadb   Thumb Code     0  ffltll_clz.o(x$fpl$ffltll)
    _ll_sto_f                                0x0800aadb   Thumb Code    90  ffltll_clz.o(x$fpl$ffltll)
    __aeabi_ui2f                             0x0800ab35   Thumb Code     0  fflt_clz.o(x$fpl$ffltu)
    _ffltu                                   0x0800ab35   Thumb Code    38  fflt_clz.o(x$fpl$ffltu)
    __aeabi_fmul                             0x0800ab5d   Thumb Code     0  fmul.o(x$fpl$fmul)
    _fmul                                    0x0800ab5d   Thumb Code   258  fmul.o(x$fpl$fmul)
    __fpl_fnaninf                            0x0800ac5f   Thumb Code   140  fnaninf.o(x$fpl$fnaninf)
    __fpl_fretinf                            0x0800aceb   Thumb Code    10  fretinf.o(x$fpl$fretinf)
    __aeabi_d2ulz                            0x0800acf5   Thumb Code     0  dfixull.o(x$fpl$llufromd)
    _ll_ufrom_d                              0x0800acf5   Thumb Code   120  dfixull.o(x$fpl$llufromd)
    __I$use$fp                               0x0800ad6c   Number         0  usenofp.o(x$fpl$usenofp)
    GPIO_PORTCLOCK                           0x0800afa0   Data          32  gpio.o(.constdata)
    os_maxtaskrun                            0x0800afc8   Data           2  rtx_conf_cm.o(.constdata)
    os_stackinfo                             0x0800afcc   Data           4  rtx_conf_cm.o(.constdata)
    os_rrobin                                0x0800afd0   Data           4  rtx_conf_cm.o(.constdata)
    os_trv                                   0x0800afd4   Data           4  rtx_conf_cm.o(.constdata)
    os_flags                                 0x0800afd8   Data           1  rtx_conf_cm.o(.constdata)
    os_clockrate                             0x0800afdc   Data           4  rtx_conf_cm.o(.constdata)
    os_timernum                              0x0800afe0   Data           4  rtx_conf_cm.o(.constdata)
    mp_tcb_size                              0x0800afe4   Data           2  rtx_conf_cm.o(.constdata)
    mp_stk_size                              0x0800afe8   Data           4  rtx_conf_cm.o(.constdata)
    os_fifo_size                             0x0800afec   Data           1  rtx_conf_cm.o(.constdata)
    mp_tmr_size                              0x0800afee   Data           2  rtx_conf_cm.o(.constdata)
    typeinfo for Media                       0x0800aff0   Data           8  main.o(.constdata__ZTI5Media)
    typeinfo name for Media                  0x0800aff8   Data           7  main.o(.constdata__ZTS5Media)
    typeinfo name for [unnamed type (instance 2)]::[unnamed type (instance 4)] 0x0800afff   Data          11  main.o(.constdata__ZTSNUt0_Ut2_E)
    typeinfo name for [unnamed type (instance 2)]::[unnamed type (instance 5)] 0x0800b00a   Data          11  main.o(.constdata__ZTSNUt0_Ut3_E)
    typeinfo name for [unnamed type (instance 3)]::[unnamed type (instance 4)] 0x0800b015   Data          11  main.o(.constdata__ZTSNUt1_Ut2_E)
    typeinfo name for [unnamed type (instance 3)]::[unnamed type (instance 5)] 0x0800b020   Data          11  main.o(.constdata__ZTSNUt1_Ut3_E)
    typeinfo name for [unnamed type (instance 3)]::[unnamed type (instance 6)] 0x0800b02b   Data          11  main.o(.constdata__ZTSNUt1_Ut4_E)
    typeinfo name for [unnamed type (instance 3)]::[unnamed type (instance 7)] 0x0800b036   Data          11  main.o(.constdata__ZTSNUt1_Ut5_E)
    typeinfo name for [unnamed type (instance 3)]::[unnamed type (instance 8)] 0x0800b041   Data          11  main.o(.constdata__ZTSNUt1_Ut6_E)
    vtable for Media                         0x0800b04c   Data          36  main.o(.constdata__ZTV5Media)
    vtable for __cxxabiv1::__class_type_info 0x0800b070   Data          16  lib_rtti_impl.o(.constdata__ZTVN10__cxxabiv117__class_type_infoE)
    vtable for __cxxabiv1::__vmi_class_type_info 0x0800b080   Data          16  lib_rtti_impl.o(.constdata__ZTVN10__cxxabiv121__vmi_class_type_infoE)
    Region$$Table$$Base                      0x0800b090   Number         0  anon$$obj.o(Region$$Table)
    Region$$Table$$Limit                     0x0800b0b0   Number         0  anon$$obj.o(Region$$Table)
    SHT$$INIT_ARRAY$$Base                    0x0800b0b0   Number         0  main.o(.init_array)
    SHT$$INIT_ARRAY$$Limit                   0x0800b0c0   Number         0  init_aeabi.o(.init_array)
    General                                  0x20000000   Data           2  main.o(.data)
    TEST_GetID_MUTEX                         0x20000002   Data           1  main.o(.data)
    UI                                       0x20000008   Data           4  ui.o(.data)
    GPIO_PORTSEL                             0x20000014   Data          32  gpio.o(.data)
    UART1_WordLength_7b                      0x20000036   Data           1  uart.o(.data)
    UART2_WordLength_7b                      0x20000037   Data           1  uart.o(.data)
    UART3_WordLength_7b                      0x20000038   Data           1  uart.o(.data)
    UART4_WordLength_7b                      0x20000039   Data           1  uart.o(.data)
    UART5_WordLength_7b                      0x2000003a   Data           1  uart.o(.data)
    UART_TimerChannel                        0x2000003b   Data           1  uart.o(.data)
    UART_MutexHandleSendingChar              0x2000003c   Data           2  uart.o(.data)
    UART_MutexHandleSendingString            0x2000003e   Data           2  uart.o(.data)
    UART_MutexHandleReceiveChar              0x20000040   Data           2  uart.o(.data)
    UART_MutexHandleReceiveString            0x20000042   Data           2  uart.o(.data)
    UART_MutexHandleUpdateSetting            0x20000044   Data           2  uart.o(.data)
    UART_MutexHandleResetFIFO                0x20000046   Data           2  uart.o(.data)
    UART_MutexHandleReadStateFIFO            0x20000048   Data           2  uart.o(.data)
    UART_MutexHandleReceiveStringFIFO        0x2000004a   Data           2  uart.o(.data)
    WDT_BUZZER                               0x2000004c   Data           1  wdt.o(.data)
    WDT_LED                                  0x2000004d   Data           1  wdt.o(.data)
    RTC_Event                                0x20000050   Data           8  rtc.o(.data)
    Time_Refresh                             0x20000058   Data           8  taskmanager.o(.data)
    All_Proccess                             0x20000060   Data           8  taskmanager.o(.data)
    Task_Manager_Added                       0x20000068   Data           1  taskmanager.o(.data)
    Task_ID_running                          0x2000006c   Data           4  taskmanager.o(.data)
    Flag_Up_TaskTimer                        0x20000070   Data           1  tasktimer.o(.data)
    SystemCoreClock                          0x20000074   Data           4  system_stm32l1xx.o(.data)
    PLLMulTable                              0x20000078   Data           9  system_stm32l1xx.o(.data)
    AHBPrescTable                            0x20000081   Data          16  system_stm32l1xx.o(.data)
    m_tmr                                    0x20000094   Data           4  rtx_conf_cm.o(.data)
    os_tsk                                   0x200000b8   Data           8  rt_task.o(.data)
    os_time                                  0x200000c0   Data           4  rt_time.o(.data)
    dbg_msg                                  0x200000c4   Data           1  hal_cm3.o(.data)
    os_tick_irqn                             0x200000cc   Data           4  rt_system.o(.data)
    os_tmr                                   0x200000d0   Data           8  rt_timer.o(.data)
    Test_56                                  0x200000e0   Data          12  main.o(.bss)
    Test_55                                  0x200000ec   Data          32  main.o(.bss)
    TestBench                                0x20001110   Data        1864  testbench.o(.bss)
    GPIO                                     0x20002858   Data         320  gpio.o(.bss)
    Timer                                    0x20002d98   Data         208  timer.o(.bss)
    UART1_InitStructure                      0x20002e68   Data          16  uart.o(.bss)
    UART1_RING_BUFFER                        0x20002e78   Data         516  uart.o(.bss)
    UART2_InitStructure                      0x2000307c   Data          16  uart.o(.bss)
    UART2_RING_BUFFER                        0x2000308c   Data         516  uart.o(.bss)
    UART3_InitStructure                      0x20003290   Data          16  uart.o(.bss)
    UART3_RING_BUFFER                        0x200032a0   Data         516  uart.o(.bss)
    UART4_InitStructure                      0x200034a4   Data          16  uart.o(.bss)
    UART4_RING_BUFFER                        0x200034b4   Data         516  uart.o(.bss)
    UART5_InitStructure                      0x200036b8   Data          16  uart.o(.bss)
    UART5_RING_BUFFER                        0x200036c8   Data         516  uart.o(.bss)
    Task_Manager                             0x20003cd0   Data         448  taskmanager.o(.bss)
    TaskTimer                                0x20003e90   Data          64  tasktimer.o(.bss)
    mp_tcb                                   0x200040d0   Data         852  rtx_conf_cm.o(.bss)
    mp_stk                                   0x20004428   Data        1040  rtx_conf_cm.o(.bss)
    os_fifo                                  0x20004838   Data         132  rtx_conf_cm.o(.bss)
    os_active_TCB                            0x200048bc   Data          60  rtx_conf_cm.o(.bss)
    os_idle_TCB                              0x20004f18   Data          48  rt_task.o(.bss)
    os_rdy                                   0x20004f48   Data          24  rt_list.o(.bss)
    os_dly                                   0x20004f60   Data          24  rt_list.o(.bss)
    __libspace_start                         0x20004f78   Data          96  libspace.o(.bss)
    __temporary_stack_top$libspace           0x20004fd8   Data           0  libspace.o(.bss)



==============================================================================

Memory Map of the image

  Image Entry point : 0x08000125

  Load Region LR_IROM1 (Base: 0x08000000, Size: 0x0000b19c, Max: 0x00060000, ABSOLUTE)

    Execution Region ER_IROM1 (Exec base: 0x08000000, Load base: 0x08000000, Size: 0x0000b0c0, Max: 0x00060000, ABSOLUTE)

    Exec Addr    Load Addr    Size         Type   Attr      Idx    E Section Name        Object

    0x08000000   0x08000000   0x00000124   Data   RO         1261    RESET               startup_stm32l152xd.o
    0x08000124   0x08000124   0x00000008   Code   RO         2231  * !!!main             c_w.l(__main.o)
    0x0800012c   0x0800012c   0x00000034   Code   RO         2788    !!!scatter          c_w.l(__scatter.o)
    0x08000160   0x08000160   0x0000001a   Code   RO         2790    !!handler_copy      c_w.l(__scatter_copy.o)
    0x0800017a   0x0800017a   0x00000002   PAD
    0x0800017c   0x0800017c   0x0000001c   Code   RO         2792    !!handler_zi        c_w.l(__scatter_zi.o)
    0x08000198   0x08000198   0x00000000   Code   RO         2211    .ARM.Collect$$_printf_percent$$00000000  c_w.l(_printf_percent.o)
    0x08000198   0x08000198   0x00000006   Code   RO         2210    .ARM.Collect$$_printf_percent$$00000009  c_w.l(_printf_d.o)
    0x0800019e   0x0800019e   0x00000006   Code   RO         2209    .ARM.Collect$$_printf_percent$$00000014  c_w.l(_printf_s.o)
    0x080001a4   0x080001a4   0x00000004   Code   RO         2469    .ARM.Collect$$_printf_percent$$00000017  c_w.l(_printf_percent_end.o)
    0x080001a8   0x080001a8   0x00000002   Code   RO         2707    .ARM.Collect$$libinit$$00000000  c_w.l(libinit.o)
    0x080001aa   0x080001aa   0x00000000   Code   RO         2477    .ARM.Collect$$libinit$$00000002  c_w.l(libinit2.o)
    0x080001aa   0x080001aa   0x00000000   Code   RO         2479    .ARM.Collect$$libinit$$00000004  c_w.l(libinit2.o)
    0x080001aa   0x080001aa   0x00000008   Code   RO         2480    .ARM.Collect$$libinit$$00000005  c_w.l(libinit2.o)
    0x080001b2   0x080001b2   0x00000000   Code   RO         2482    .ARM.Collect$$libinit$$0000000A  c_w.l(libinit2.o)
    0x080001b2   0x080001b2   0x00000000   Code   RO         2484    .ARM.Collect$$libinit$$0000000C  c_w.l(libinit2.o)
    0x080001b2   0x080001b2   0x00000000   Code   RO         2486    .ARM.Collect$$libinit$$0000000E  c_w.l(libinit2.o)
    0x080001b2   0x080001b2   0x00000000   Code   RO         2489    .ARM.Collect$$libinit$$00000011  c_w.l(libinit2.o)
    0x080001b2   0x080001b2   0x00000000   Code   RO         2491    .ARM.Collect$$libinit$$00000013  c_w.l(libinit2.o)
    0x080001b2   0x080001b2   0x00000000   Code   RO         2493    .ARM.Collect$$libinit$$00000015  c_w.l(libinit2.o)
    0x080001b2   0x080001b2   0x00000000   Code   RO         2495    .ARM.Collect$$libinit$$00000017  c_w.l(libinit2.o)
    0x080001b2   0x080001b2   0x00000000   Code   RO         2497    .ARM.Collect$$libinit$$00000019  c_w.l(libinit2.o)
    0x080001b2   0x080001b2   0x00000000   Code   RO         2499    .ARM.Collect$$libinit$$0000001B  c_w.l(libinit2.o)
    0x080001b2   0x080001b2   0x00000000   Code   RO         2501    .ARM.Collect$$libinit$$0000001D  c_w.l(libinit2.o)
    0x080001b2   0x080001b2   0x00000000   Code   RO         2503    .ARM.Collect$$libinit$$0000001F  c_w.l(libinit2.o)
    0x080001b2   0x080001b2   0x00000000   Code   RO         2505    .ARM.Collect$$libinit$$00000021  c_w.l(libinit2.o)
    0x080001b2   0x080001b2   0x00000000   Code   RO         2507    .ARM.Collect$$libinit$$00000023  c_w.l(libinit2.o)
    0x080001b2   0x080001b2   0x00000000   Code   RO         2509    .ARM.Collect$$libinit$$00000025  c_w.l(libinit2.o)
    0x080001b2   0x080001b2   0x00000000   Code   RO         2513    .ARM.Collect$$libinit$$0000002C  c_w.l(libinit2.o)
    0x080001b2   0x080001b2   0x00000000   Code   RO         2515    .ARM.Collect$$libinit$$0000002E  c_w.l(libinit2.o)
    0x080001b2   0x080001b2   0x00000000   Code   RO         2517    .ARM.Collect$$libinit$$00000030  c_w.l(libinit2.o)
    0x080001b2   0x080001b2   0x00000004   Code   RO         2518    .ARM.Collect$$libinit$$00000031  c_w.l(libinit2.o)
    0x080001b6   0x080001b6   0x00000000   Code   RO         2519    .ARM.Collect$$libinit$$00000032  c_w.l(libinit2.o)
    0x080001b6   0x080001b6   0x00000002   Code   RO         2520    .ARM.Collect$$libinit$$00000033  c_w.l(libinit2.o)
    0x080001b8   0x080001b8   0x00000002   Code   RO         2785    .ARM.Collect$$libshutdown$$00000000  c_w.l(libshutdown.o)
    0x080001ba   0x080001ba   0x00000000   Code   RO         2766    .ARM.Collect$$libshutdown$$00000002  c_w.l(libshutdown2.o)
    0x080001ba   0x080001ba   0x00000000   Code   RO         2768    .ARM.Collect$$libshutdown$$00000004  c_w.l(libshutdown2.o)
    0x080001ba   0x080001ba   0x00000000   Code   RO         2770    .ARM.Collect$$libshutdown$$00000006  c_w.l(libshutdown2.o)
    0x080001ba   0x080001ba   0x00000000   Code   RO         2773    .ARM.Collect$$libshutdown$$00000009  c_w.l(libshutdown2.o)
    0x080001ba   0x080001ba   0x00000000   Code   RO         2776    .ARM.Collect$$libshutdown$$0000000C  c_w.l(libshutdown2.o)
    0x080001ba   0x080001ba   0x00000000   Code   RO         2778    .ARM.Collect$$libshutdown$$0000000E  c_w.l(libshutdown2.o)
    0x080001ba   0x080001ba   0x00000000   Code   RO         2781    .ARM.Collect$$libshutdown$$00000011  c_w.l(libshutdown2.o)
    0x080001ba   0x080001ba   0x00000002   Code   RO         2782    .ARM.Collect$$libshutdown$$00000012  c_w.l(libshutdown2.o)
    0x080001bc   0x080001bc   0x00000000   Code   RO         2397    .ARM.Collect$$rtentry$$00000000  c_w.l(__rtentry.o)
    0x080001bc   0x080001bc   0x00000000   Code   RO         2565    .ARM.Collect$$rtentry$$00000002  c_w.l(__rtentry2.o)
    0x080001bc   0x080001bc   0x00000006   Code   RO         2577    .ARM.Collect$$rtentry$$00000004  c_w.l(__rtentry4.o)
    0x080001c2   0x080001c2   0x00000000   Code   RO         2567    .ARM.Collect$$rtentry$$00000009  c_w.l(__rtentry2.o)
    0x080001c2   0x080001c2   0x00000004   Code   RO         2568    .ARM.Collect$$rtentry$$0000000A  c_w.l(__rtentry2.o)
    0x080001c6   0x080001c6   0x00000000   Code   RO         2570    .ARM.Collect$$rtentry$$0000000C  c_w.l(__rtentry2.o)
    0x080001c6   0x080001c6   0x00000008   Code   RO         2571    .ARM.Collect$$rtentry$$0000000D  c_w.l(__rtentry2.o)
    0x080001ce   0x080001ce   0x00000002   Code   RO         2726    .ARM.Collect$$rtexit$$00000000  c_w.l(rtexit.o)
    0x080001d0   0x080001d0   0x00000000   Code   RO         2741    .ARM.Collect$$rtexit$$00000002  c_w.l(rtexit2.o)
    0x080001d0   0x080001d0   0x00000004   Code   RO         2742    .ARM.Collect$$rtexit$$00000003  c_w.l(rtexit2.o)
    0x080001d4   0x080001d4   0x00000006   Code   RO         2743    .ARM.Collect$$rtexit$$00000004  c_w.l(rtexit2.o)
    0x080001da   0x080001da   0x00000002   PAD
    0x080001dc   0x080001dc   0x0000000c   Code   RO         1136    .emb_text           taskmanager.o
    0x080001e8   0x080001e8   0x00000154   Code   RO         1759    .emb_text           RTX_CM3.lib(hal_cm3.o)
    0x0800033c   0x0800033c   0x00000000   Code   RO         2677    .emb_text           c_w.l(maybetermalloc1.o)
    0x0800033c   0x0800033c   0x00001844   Code   RO            3    .text               main.o
    0x08001b80   0x08001b80   0x00000104   Code   RO          218    .text               testbench.o
    0x08001c84   0x08001c84   0x000000b8   Code   RO          267    .text               ui.o
    0x08001d3c   0x08001d3c   0x000003e8   Code   RO          303    .text               datetype.o
    0x08002124   0x08002124   0x00000120   Code   RO          408    .text               tagbench.o
    0x08002244   0x08002244   0x00000390   Code   RO          465    .text               adc.o
    0x080025d4   0x080025d4   0x00000c48   Code   RO          506    .text               gpio.o
    0x0800321c   0x0800321c   0x000003f0   Code   RO          777    .text               timer.o
    0x0800360c   0x0800360c   0x000010ec   Code   RO          919    .text               uart.o
    0x080046f8   0x080046f8   0x00000118   Code   RO          944    .text               wdt.o
    0x08004810   0x08004810   0x000001b8   Code   RO          972    .text               pwm.o
    0x080049c8   0x080049c8   0x00000714   Code   RO         1030    .text               rtc.o
    0x080050dc   0x080050dc   0x00000378   Code   RO         1137    .text               taskmanager.o
    0x08005454   0x08005454   0x000001a4   Code   RO         1168    .text               tasktimer.o
    0x080055f8   0x080055f8   0x00000198   Code   RO         1210    .text               system_stm32l1xx.o
    0x08005790   0x08005790   0x00000040   Code   RO         1262    .text               startup_stm32l152xd.o
    0x080057d0   0x080057d0   0x00000094   Code   RO         1266    .text               rtx_conf_cm.o
    0x08005864   0x08005864   0x000000dc   Code   RO         1298    .text               misc.o
    0x08005940   0x08005940   0x00000534   Code   RO         1332    .text               stm32l1xx_adc.o
    0x08005e74   0x08005e74   0x000001ec   Code   RO         1355    .text               stm32l1xx_gpio.o
    0x08006060   0x08006060   0x00000ae8   Code   RO         1378    .text               stm32l1xx_rtc.o
    0x08006b48   0x08006b48   0x000009da   Code   RO         1401    .text               stm32l1xx_tim.o
    0x08007522   0x08007522   0x00000002   PAD
    0x08007524   0x08007524   0x00000388   Code   RO         1424    .text               stm32l1xx_usart.o
    0x080078ac   0x080078ac   0x00000488   Code   RO         1447    .text               stm32l1xx_rcc.o
    0x08007d34   0x08007d34   0x0000011c   Code   RO         1469    .text               stm32l1xx_exti.o
    0x08007e50   0x08007e50   0x00000040   Code   RO         1492    .text               stm32l1xx_iwdg.o
    0x08007e90   0x08007e90   0x00000158   Code   RO         1515    .text               stm32l1xx_pwr.o
    0x08007fe8   0x08007fe8   0x00000628   Code   RO         1558    .text               stm32l1xx_flash.o
    0x08008610   0x08008610   0x00000268   Code   RO         1578    .text               stm32l1xx_syscfg.o
    0x08008878   0x08008878   0x00000008   Code   RO         2176    .text               c_w.l(libspace.o)
    0x08008880   0x08008880   0x00000028   Code   RO         2181    .text               c_w.l(noretval__2sprintf.o)
    0x080088a8   0x080088a8   0x00000068   Code   RO         2183    .text               c_w.l(__printf.o)
    0x08008910   0x08008910   0x00000052   Code   RO         2185    .text               c_w.l(_printf_str.o)
    0x08008962   0x08008962   0x00000002   PAD
    0x08008964   0x08008964   0x00000078   Code   RO         2187    .text               c_w.l(_printf_dec.o)
    0x080089dc   0x080089dc   0x0000000c   Code   RO         2212    .text               c_w.l(strtok.o)
    0x080089e8   0x080089e8   0x00000058   Code   RO         2215    .text               c_w.l(memcmp.o)
    0x08008a40   0x08008a40   0x00000048   Code   RO         2217    .text               c_w.l(strcpy.o)
    0x08008a88   0x08008a88   0x0000003e   Code   RO         2219    .text               c_w.l(strlen.o)
    0x08008ac6   0x08008ac6   0x00000064   Code   RO         2221    .text               c_w.l(rt_memcpy_w.o)
    0x08008b2a   0x08008b2a   0x00000044   Code   RO         2223    .text               c_w.l(rt_memclr.o)
    0x08008b6e   0x08008b6e   0x0000004e   Code   RO         2225    .text               c_w.l(rt_memclr_w.o)
    0x08008bbc   0x08008bbc   0x00000080   Code   RO         2227    .text               c_w.l(strcmpv7m.o)
    0x08008c3c   0x08008c3c   0x00000006   Code   RO         2229    .text               c_w.l(heapauxi.o)
    0x08008c42   0x08008c42   0x00000002   PAD
    0x08008c44   0x08008c44   0x00000024   Code   RO         2236    .text               c_w.l(init_aeabi.o)
    0x08008c68   0x08008c68   0x0000000a   Code   RO         2403    .text               c_w.l(rt_new_handler_addr_twolibspace.o)
    0x08008c72   0x08008c72   0x0000009e   Code   RO         2409    .text               c_w.l(h1_alloc_mt.o)
    0x08008d10   0x08008d10   0x000000b2   Code   RO         2461    .text               c_w.l(_printf_intcommon.o)
    0x08008dc2   0x08008dc2   0x00000002   PAD
    0x08008dc4   0x08008dc4   0x00000030   Code   RO         2463    .text               c_w.l(_printf_char_common.o)
    0x08008df4   0x08008df4   0x0000000a   Code   RO         2465    .text               c_w.l(_sputc.o)
    0x08008dfe   0x08008dfe   0x0000002c   Code   RO         2467    .text               c_w.l(_printf_char.o)
    0x08008e2a   0x08008e2a   0x0000000e   Code   RO         2470    .text               c_w.l(defsig_pvfn_outer.o)
    0x08008e38   0x08008e38   0x00000044   Code   RO         2474    .text               c_w.l(strtok_int.o)
    0x08008e7c   0x08008e7c   0x00000004   Code   RO         2524    .text               cpprt_w.l(arm_newhandler_noexceptions.o)
    0x08008e80   0x08008e80   0x0000000a   Code   RO         2586    .text               c_w.l(rt_heap_descriptor_twolibspace.o)
    0x08008e8a   0x08008e8a   0x00000004   Code   RO         2588    .text               c_w.l(hguard.o)
    0x08008e8e   0x08008e8e   0x0000008a   Code   RO         2590    .text               c_w.l(init_alloc.o)
    0x08008f18   0x08008f18   0x00000012   Code   RO         2600    .text               c_w.l(h1_init_mt.o)
    0x08008f2a   0x08008f2a   0x00000076   Code   RO         2602    .text               c_w.l(h1_free_mt.o)
    0x08008fa0   0x08008fa0   0x0000000a   Code   RO         2616    .text               c_w.l(defsig_exit.o)
    0x08008faa   0x08008faa   0x00000002   PAD
    0x08008fac   0x08008fac   0x00000030   Code   RO         2618    .text               c_w.l(defsig_pvfn_inner.o)
    0x08008fdc   0x08008fdc   0x00000020   Code   RO         2620    .text               c_w.l(strcspn.o)
    0x08008ffc   0x08008ffc   0x0000001c   Code   RO         2622    .text               c_w.l(strspn.o)
    0x08009018   0x08009018   0x0000001a   Code   RO         2651    .text               cpprt_w.l(arm_exceptions_terminate.o)
    0x08009032   0x08009032   0x00000002   PAD
    0x08009034   0x08009034   0x00000050   Code   RO         2654    .text               cpprt_w.l(arm_exceptions_globs.o)
    0x08009084   0x08009084   0x0000000c   Code   RO         2664    .text               c_w.l(sys_exit.o)
    0x08009090   0x08009090   0x0000004a   Code   RO         2666    .text               c_w.l(sys_stackheap_outer.o)
    0x080090da   0x080090da   0x0000000a   Code   RO         2673    .text               c_w.l(rt_eh_globals_addr_twolibspace.o)
    0x080090e4   0x080090e4   0x0000003e   Code   RO         2681    .text               c_w.l(h1_extend_mt.o)
    0x08009122   0x08009122   0x00000012   Code   RO         2683    .text               c_w.l(exit.o)
    0x08009134   0x08009134   0x00000016   Code   RO         2685    .text               c_w.l(abort.o)
    0x0800914a   0x0800914a   0x00000032   Code   RO         2689    .text               c_w.l(defsig_general.o)
    0x0800917c   0x0800917c   0x0000000e   Code   RO         2691    .text               c_w.l(defsig_rtmem_outer.o)
    0x0800918a   0x0800918a   0x0000003c   Code   RO         2711    .text               cpprt_w.l(arm_exceptions_mem.o)
    0x080091c6   0x080091c6   0x0000000e   Code   RO         2721    .text               c_w.l(sys_wrch.o)
    0x080091d4   0x080091d4   0x00000002   Code   RO         2723    .text               c_w.l(use_no_semi.o)
    0x080091d6   0x080091d6   0x00000000   Code   RO         2725    .text               c_w.l(indicate_semi.o)
    0x080091d6   0x080091d6   0x0000000e   Code   RO         2732    .text               c_w.l(defsig_abrt_outer.o)
    0x080091e4   0x080091e4   0x00000050   Code   RO         2736    .text               c_w.l(defsig_rtmem_inner.o)
    0x08009234   0x08009234   0x00000030   Code   RO         2751    .text               c_w.l(defsig_abrt_inner.o)
    0x08009264   0x08009264   0x00000004   Code   RO         1997    SVC_TABLE           RTX_CM3.lib(SVC_Table.o)
    0x08009268   0x08009268   0x00000006   Code   RO          576    i._ZN11struct_GPIO12struct_Input10GetAddrFunEv  gpio.o
    0x0800926e   0x0800926e   0x0000000a   Code   RO          570    i._ZN11struct_GPIO12struct_Input10RunAddrFunEv  gpio.o
    0x08009278   0x08009278   0x00000004   Code   RO          636    i._ZN11struct_GPIO12struct_Input10SetAddrFunEPFvvE  gpio.o
    0x0800927c   0x0800927c   0x00000006   Code   RO          558    i._ZN11struct_GPIO12struct_Input12GetAddrValueEv  gpio.o
    0x08009282   0x08009282   0x00000006   Code   RO          582    i._ZN11struct_GPIO12struct_Input12GetFeedValueEv  gpio.o
    0x08009288   0x08009288   0x00000004   Code   RO          630    i._ZN11struct_GPIO12struct_Input12SetAddrValueEPb  gpio.o
    0x0800928c   0x0800928c   0x00000004   Code   RO          564    i._ZN11struct_GPIO12struct_Input12SetFeedValueEb  gpio.o
    0x08009290   0x08009290   0x00000006   Code   RO          534    i._ZN11struct_GPIO12struct_Input6GetPinEv  gpio.o
    0x08009296   0x08009296   0x00000004   Code   RO          642    i._ZN11struct_GPIO12struct_Input6SetPinEh  gpio.o
    0x0800929a   0x0800929a   0x00000006   Code   RO          588    i._ZN11struct_GPIO12struct_Input7GetEdgeEv  gpio.o
    0x080092a0   0x080092a0   0x00000006   Code   RO          528    i._ZN11struct_GPIO12struct_Input7GetPortEv  gpio.o
    0x080092a6   0x080092a6   0x00000004   Code   RO          624    i._ZN11struct_GPIO12struct_Input7SetEdgeEh  gpio.o
    0x080092aa   0x080092aa   0x00000004   Code   RO          648    i._ZN11struct_GPIO12struct_Input7SetPortEh  gpio.o
    0x080092ae   0x080092ae   0x00000004   Code   RO          618    i._ZN11struct_GPIO12struct_Input8SetByIntEb  gpio.o
    0x080092b2   0x080092b2   0x00000046   Code   RO          654    i._ZN11struct_GPIO12struct_InputC1Ev  gpio.o
    0x080092f8   0x080092f8   0x00000008   Code   RO          540    i._ZN11struct_GPIO13GetNumOfInputEv  gpio.o
    0x08009300   0x08009300   0x00000004   Code   RO          600    i._ZN11struct_GPIO13struct_Output12SetAddrValueEPb  gpio.o
    0x08009304   0x08009304   0x00000004   Code   RO          594    i._ZN11struct_GPIO13struct_Output12SetFeedValueEb  gpio.o
    0x08009308   0x08009308   0x00000004   Code   RO          606    i._ZN11struct_GPIO13struct_Output6SetPinEh  gpio.o
    0x0800930c   0x0800930c   0x00000006   Code   RO          546    i._ZN11struct_GPIO13struct_Output7GetPortEv  gpio.o
    0x08009312   0x08009312   0x00000004   Code   RO          612    i._ZN11struct_GPIO13struct_Output7SetPortEh  gpio.o
    0x08009316   0x08009316   0x0000002e   Code   RO          660    i._ZN11struct_GPIO13struct_OutputC1Ev  gpio.o
    0x08009344   0x08009344   0x00000006   Code   RO          552    i._ZN11struct_GPIO14GetNumOfOutputEv  gpio.o
    0x0800934a   0x0800934a   0x00000006   Code   RO          334    i._ZN12RTC_DateTime11struct_Date6GetDayEv  datetype.o
    0x08009350   0x08009350   0x00000004   Code   RO          340    i._ZN12RTC_DateTime11struct_Date6SetDayEi  datetype.o
    0x08009354   0x08009354   0x00000006   Code   RO          346    i._ZN12RTC_DateTime11struct_Date7GetYearEv  datetype.o
    0x0800935a   0x0800935a   0x00000004   Code   RO          352    i._ZN12RTC_DateTime11struct_Date7SetYearEi  datetype.o
    0x0800935e   0x0800935e   0x00000006   Code   RO          322    i._ZN12RTC_DateTime11struct_Date8GetMonthEv  datetype.o
    0x08009364   0x08009364   0x00000004   Code   RO          328    i._ZN12RTC_DateTime11struct_Date8SetMonthEi  datetype.o
    0x08009368   0x08009368   0x00000006   Code   RO         1065    i._ZN12RTC_DateTime11struct_Time7GetHourEv  rtc.o
    0x0800936e   0x0800936e   0x00000004   Code   RO          358    i._ZN12RTC_DateTime11struct_Time7SetHourEi  datetype.o
    0x08009372   0x08009372   0x00000006   Code   RO         1059    i._ZN12RTC_DateTime11struct_Time9GetMinuteEv  rtc.o
    0x08009378   0x08009378   0x00000006   Code   RO         1053    i._ZN12RTC_DateTime11struct_Time9GetSecondEv  rtc.o
    0x0800937e   0x0800937e   0x00000004   Code   RO         1071    i._ZN12RTC_DateTime11struct_Time9SetMinuteEi  rtc.o
    0x08009382   0x08009382   0x00000004   Code   RO         1077    i._ZN12RTC_DateTime11struct_Time9SetSecondEi  rtc.o
    0x08009386   0x08009386   0x00000010   Code   RO         1050    i._ZN12RTC_DateTimeC1Ev  rtc.o
    0x08009396   0x08009396   0x00000006   Code   RO          798    i._ZN12struct_TIMER13GetNumChannelEv  timer.o
    0x0800939c   0x0800939c   0x00000010   Code   RO          852    i._ZN12struct_TIMER14struct_Channel13IncreaseCountEy  timer.o
    0x080093ac   0x080093ac   0x00000004   Code   RO          810    i._ZN12struct_TIMER14struct_Channel13SetCallPeriodEPFvvE  timer.o
    0x080093b0   0x080093b0   0x00000008   Code   RO          846    i._ZN12struct_TIMER14struct_Channel7GetDiffEv  timer.o
    0x080093b8   0x080093b8   0x00000006   Code   RO          822    i._ZN12struct_TIMER14struct_Channel7SetDiffEy  timer.o
    0x080093be   0x080093be   0x00000008   Code   RO          834    i._ZN12struct_TIMER14struct_Channel8GetCountEv  timer.o
    0x080093c6   0x080093c6   0x00000006   Code   RO          828    i._ZN12struct_TIMER14struct_Channel8SetCountEy  timer.o
    0x080093cc   0x080093cc   0x00000008   Code   RO          858    i._ZN12struct_TIMER14struct_Channel9GetPeriodEv  timer.o
    0x080093d4   0x080093d4   0x00000010   Code   RO          840    i._ZN12struct_TIMER14struct_Channel9ResetDiffEv  timer.o
    0x080093e4   0x080093e4   0x00000004   Code   RO          804    i._ZN12struct_TIMER14struct_Channel9SetEnableEb  timer.o
    0x080093e8   0x080093e8   0x00000006   Code   RO          816    i._ZN12struct_TIMER14struct_Channel9SetPeriodEy  timer.o
    0x080093ee   0x080093ee   0x00000042   Code   RO          864    i._ZN12struct_TIMER14struct_ChannelC1Ev  timer.o
    0x08009430   0x08009430   0x00000004   Code   RO           55    i._ZN16struct_ValueBool3SetEb  main.o
    0x08009434   0x08009434   0x0000000e   Code   RO           40    i._ZN16struct_ValueBool6EnableEv  main.o
    0x08009442   0x08009442   0x0000000e   Code   RO           34    i._ZN16struct_ValueBool7DisableEv  main.o
    0x08009450   0x08009450   0x00000006   Code   RO           46    i._ZN22UART_State_FIFO_STRUCT6rxBusyEv  main.o
    0x08009456   0x08009456   0x00000002   PAD
    0x08009458   0x08009458   0x0000000c   Code   RO           52    i._ZN5MediaC2Ev     main.o
    0x08009464   0x08009464   0x00000028   Code   RO         2239    i._Znwj             cpprt_w.l(new.o)
    0x0800948c   0x0800948c   0x00000024   Code   RO         2352    i.__aeabi_vec_ctor_nocookie_nodtor  cpprt_w.l(aeabi_vec_ctor_nocookie_nodtor.o)
    0x080094b0   0x080094b0   0x00000006   Code   RO         2243    i.__cxa_pure_virtual  cpprt_w.l(pure_virt.o)
    0x080094b6   0x080094b6   0x00000046   Code   RO         1964    i._init_box         RTX_CM3.lib(rt_membox.o)
    0x080094fc   0x080094fc   0x00000030   Code   RO         1760    i.dbg_init          RTX_CM3.lib(hal_cm3.o)
    0x0800952c   0x0800952c   0x00000020   Code   RO         1761    i.dbg_task_notify   RTX_CM3.lib(hal_cm3.o)
    0x0800954c   0x0800954c   0x00000010   Code   RO         1762    i.dbg_task_switch   RTX_CM3.lib(hal_cm3.o)
    0x0800955c   0x0800955c   0x00000028   Code   RO         1801    i.os_tick_init      RTX_CM3.lib(rt_system.o)
    0x08009584   0x08009584   0x00000002   Code   RO         1802    i.os_tick_irqack    RTX_CM3.lib(rt_system.o)
    0x08009586   0x08009586   0x0000001a   Code   RO         1965    i.rt_alloc_box      RTX_CM3.lib(rt_membox.o)
    0x080095a0   0x080095a0   0x00000038   Code   RO         1599    i.rt_block          RTX_CM3.lib(rt_task.o)
    0x080095d8   0x080095d8   0x00000074   Code   RO         1884    i.rt_dec_dly        RTX_CM3.lib(rt_list.o)
    0x0800964c   0x0800964c   0x00000044   Code   RO         1600    i.rt_dispatch       RTX_CM3.lib(rt_task.o)
    0x08009690   0x08009690   0x00000006   Code   RO         1698    i.rt_dly_wait       RTX_CM3.lib(rt_time.o)
    0x08009696   0x08009696   0x00000002   PAD
    0x08009698   0x08009698   0x0000004c   Code   RO         2003    i.rt_evt_psh        RTX_CM3.lib(rt_event.o)
    0x080096e4   0x080096e4   0x00000020   Code   RO         1966    i.rt_free_box       RTX_CM3.lib(rt_membox.o)
    0x08009704   0x08009704   0x00000028   Code   RO         1885    i.rt_get_first      RTX_CM3.lib(rt_list.o)
    0x0800972c   0x0800972c   0x00000044   Code   RO         1601    i.rt_init_context   RTX_CM3.lib(rt_task.o)
    0x08009770   0x08009770   0x00000050   Code   RO         1763    i.rt_init_stack     RTX_CM3.lib(hal_cm3.o)
    0x080097c0   0x080097c0   0x000000c0   Code   RO         2046    i.rt_mbx_psh        RTX_CM3.lib(rt_mailbox.o)
    0x08009880   0x08009880   0x00000010   Code   RO         1735    i.rt_mut_init       RTX_CM3.lib(rt_mutex.o)
    0x08009890   0x08009890   0x000000ac   Code   RO         1736    i.rt_mut_release    RTX_CM3.lib(rt_mutex.o)
    0x0800993c   0x0800993c   0x00000064   Code   RO         1737    i.rt_mut_wait       RTX_CM3.lib(rt_mutex.o)
    0x080099a0   0x080099a0   0x00000078   Code   RO         1803    i.rt_pop_req        RTX_CM3.lib(rt_system.o)
    0x08009a18   0x08009a18   0x00000048   Code   RO         1888    i.rt_put_dly        RTX_CM3.lib(rt_list.o)
    0x08009a60   0x08009a60   0x00000036   Code   RO         1889    i.rt_put_prio       RTX_CM3.lib(rt_list.o)
    0x08009a96   0x08009a96   0x00000002   PAD
    0x08009a98   0x08009a98   0x00000014   Code   RO         1890    i.rt_put_rdy_first  RTX_CM3.lib(rt_list.o)
    0x08009aac   0x08009aac   0x00000034   Code   RO         1891    i.rt_resort_prio    RTX_CM3.lib(rt_list.o)
    0x08009ae0   0x08009ae0   0x00000028   Code   RO         1892    i.rt_rmv_dly        RTX_CM3.lib(rt_list.o)
    0x08009b08   0x08009b08   0x00000030   Code   RO         1893    i.rt_rmv_list       RTX_CM3.lib(rt_list.o)
    0x08009b38   0x08009b38   0x00000034   Code   RO         2092    i.rt_sem_psh        RTX_CM3.lib(rt_semaphore.o)
    0x08009b6c   0x08009b6c   0x00000024   Code   RO         1806    i.rt_stk_check      RTX_CM3.lib(rt_system.o)
    0x08009b90   0x08009b90   0x00000028   Code   RO         1602    i.rt_switch_req     RTX_CM3.lib(rt_task.o)
    0x08009bb8   0x08009bb8   0x00000158   Code   RO         1603    i.rt_sys_init       RTX_CM3.lib(rt_task.o)
    0x08009d10   0x08009d10   0x0000003c   Code   RO         1808    i.rt_systick        RTX_CM3.lib(rt_system.o)
    0x08009d4c   0x08009d4c   0x00000040   Code   RO         2128    i.rt_tmr_tick       RTX_CM3.lib(rt_timer.o)
    0x08009d8c   0x08009d8c   0x00000094   Code   RO         1604    i.rt_tsk_create     RTX_CM3.lib(rt_task.o)
    0x08009e20   0x08009e20   0x000000bc   Code   RO         1605    i.rt_tsk_delete     RTX_CM3.lib(rt_task.o)
    0x08009edc   0x08009edc   0x00000010   Code   RO         1608    i.rt_tsk_self       RTX_CM3.lib(rt_task.o)
    0x08009eec   0x08009eec   0x00000010   Code   RO          429    t._ZN12class_StringILi512EE5ResetEv  tagbench.o
    0x08009efc   0x08009efc   0x0000000e   Code   RO          423    t._ZN12class_StringILi64EE5ResetEv  tagbench.o
    0x08009f0a   0x08009f0a   0x00000002   PAD
    0x08009f0c   0x08009f0c   0x00000062   Code   RO         2355    x$fpl$d2f           fz_ws.l(d2f.o)
    0x08009f6e   0x08009f6e   0x00000002   PAD
    0x08009f70   0x08009f70   0x00000150   Code   RO         2357    x$fpl$dadd          fz_ws.l(daddsub_clz.o)
    0x0800a0c0   0x0800a0c0   0x00000018   Code   RO         2553    x$fpl$dcmpinf       fz_ws.l(dcmpi.o)
    0x0800a0d8   0x0800a0d8   0x000002b0   Code   RO         2364    x$fpl$ddiv          fz_ws.l(ddiv.o)
    0x0800a388   0x0800a388   0x0000008a   Code   RO         2372    x$fpl$dfltull       fz_ws.l(dfltll_clz.o)
    0x0800a412   0x0800a412   0x00000002   PAD
    0x0800a414   0x0800a414   0x00000078   Code   RO         2375    x$fpl$dleqf         fz_ws.l(dleqf.o)
    0x0800a48c   0x0800a48c   0x00000154   Code   RO         2377    x$fpl$dmul          fz_ws.l(dmul.o)
    0x0800a5e0   0x0800a5e0   0x0000009c   Code   RO         2555    x$fpl$dnaninf       fz_ws.l(dnaninf.o)
    0x0800a67c   0x0800a67c   0x0000000c   Code   RO         2557    x$fpl$dretinf       fz_ws.l(dretinf.o)
    0x0800a688   0x0800a688   0x0000006c   Code   RO         2379    x$fpl$drleqf        fz_ws.l(drleqf.o)
    0x0800a6f4   0x0800a6f4   0x000001d4   Code   RO         2359    x$fpl$dsub          fz_ws.l(daddsub_clz.o)
    0x0800a8c8   0x0800a8c8   0x00000056   Code   RO         2381    x$fpl$f2d           fz_ws.l(f2d.o)
    0x0800a91e   0x0800a91e   0x00000002   PAD
    0x0800a920   0x0800a920   0x00000184   Code   RO         2384    x$fpl$fdiv          fz_ws.l(fdiv.o)
    0x0800aaa4   0x0800aaa4   0x00000030   Code   RO         2388    x$fpl$fflt          fz_ws.l(fflt_clz.o)
    0x0800aad4   0x0800aad4   0x00000060   Code   RO         2393    x$fpl$ffltll        fz_ws.l(ffltll_clz.o)
    0x0800ab34   0x0800ab34   0x00000026   Code   RO         2387    x$fpl$ffltu         fz_ws.l(fflt_clz.o)
    0x0800ab5a   0x0800ab5a   0x00000002   PAD
    0x0800ab5c   0x0800ab5c   0x00000102   Code   RO         2395    x$fpl$fmul          fz_ws.l(fmul.o)
    0x0800ac5e   0x0800ac5e   0x0000008c   Code   RO         2559    x$fpl$fnaninf       fz_ws.l(fnaninf.o)
    0x0800acea   0x0800acea   0x0000000a   Code   RO         2561    x$fpl$fretinf       fz_ws.l(fretinf.o)
    0x0800acf4   0x0800acf4   0x00000078   Code   RO         2367    x$fpl$llufromd      fz_ws.l(dfixull.o)
    0x0800ad6c   0x0800ad6c   0x00000000   Code   RO         2563    x$fpl$usenofp       fz_ws.l(usenofp.o)
    0x0800ad6c   0x0800ad6c   0x000001a4   Data   RO            6    .constdata          main.o
    0x0800af10   0x0800af10   0x00000090   Data   RO          305    .constdata          datetype.o
    0x0800afa0   0x0800afa0   0x00000028   Data   RO          509    .constdata          gpio.o
    0x0800afc8   0x0800afc8   0x00000028   Data   RO         1268    .constdata          rtx_conf_cm.o
    0x0800aff0   0x0800aff0   0x00000008   Data   RO           63    .constdata__ZTI5Media  main.o
    0x0800aff8   0x0800aff8   0x00000007   Data   RO           71    .constdata__ZTS5Media  main.o
    0x0800afff   0x0800afff   0x0000000b   Data   RO           64    .constdata__ZTSNUt0_Ut2_E  main.o
    0x0800b00a   0x0800b00a   0x0000000b   Data   RO           65    .constdata__ZTSNUt0_Ut3_E  main.o
    0x0800b015   0x0800b015   0x0000000b   Data   RO           66    .constdata__ZTSNUt1_Ut2_E  main.o
    0x0800b020   0x0800b020   0x0000000b   Data   RO           67    .constdata__ZTSNUt1_Ut3_E  main.o
    0x0800b02b   0x0800b02b   0x0000000b   Data   RO           68    .constdata__ZTSNUt1_Ut4_E  main.o
    0x0800b036   0x0800b036   0x0000000b   Data   RO           69    .constdata__ZTSNUt1_Ut5_E  main.o
    0x0800b041   0x0800b041   0x0000000b   Data   RO           70    .constdata__ZTSNUt1_Ut6_E  main.o
    0x0800b04c   0x0800b04c   0x00000024   Data   RO           62    .constdata__ZTV5Media  main.o
    0x0800b070   0x0800b070   0x00000010   Data   RO         2315    .constdata__ZTVN10__cxxabiv117__class_type_infoE  cpprt_w.l(lib_rtti_impl.o)
    0x0800b080   0x0800b080   0x00000010   Data   RO         2319    .constdata__ZTVN10__cxxabiv121__vmi_class_type_infoE  cpprt_w.l(lib_rtti_impl.o)
    0x0800b090   0x0800b090   0x00000020   Data   RO         2786    Region$$Table       anon$$obj.o
    0x0800b0b0   0x0800b0b0   0x00000004   Data   RO            8    .init_array         main.o
    0x0800b0b4   0x0800b0b0   0x00000004   Data   RO          511    .init_array         gpio.o
    0x0800b0b8   0x0800b0b0   0x00000004   Data   RO          781    .init_array         timer.o
    0x0800b0bc   0x0800b0b0   0x00000004   Data   RO         1033    .init_array         rtc.o
    0x0800b0c0   0x0800b0b0   0x00000000   Data   RO         2234    .init_array         c_w.l(init_aeabi.o)


    Execution Region RW_IRAM1 (Exec base: 0x20000000, Load base: 0x0800b0c0, Size: 0x00007fd8, Max: 0x0000c000, ABSOLUTE)

    Exec Addr    Load Addr    Size         Type   Attr      Idx    E Section Name        Object

    0x20000000   0x0800b0c0   0x00000006   Data   RW            7    .data               main.o
    0x20000006   0x0800b0c6   0x00000002   PAD
    0x20000008   0x0800b0c8   0x00000004   Data   RW          270    .data               ui.o
    0x2000000c   0x0800b0cc   0x00000001   Data   RW          306    .data               datetype.o
    0x2000000d   0x0800b0cd   0x00000003   PAD
    0x20000010   0x0800b0d0   0x00000024   Data   RW          510    .data               gpio.o
    0x20000034   0x0800b0f4   0x00000001   Data   RW          780    .data               timer.o
    0x20000035   0x0800b0f5   0x00000017   Data   RW          922    .data               uart.o
    0x2000004c   0x0800b10c   0x00000002   Data   RW          947    .data               wdt.o
    0x2000004e   0x0800b10e   0x00000002   PAD
    0x20000050   0x0800b110   0x00000008   Data   RW         1032    .data               rtc.o
    0x20000058   0x0800b118   0x00000018   Data   RW         1140    .data               taskmanager.o
    0x20000070   0x0800b130   0x00000001   Data   RW         1171    .data               tasktimer.o
    0x20000071   0x0800b131   0x00000003   PAD
    0x20000074   0x0800b134   0x0000001d   Data   RW         1211    .data               system_stm32l1xx.o
    0x20000091   0x0800b151   0x00000003   PAD
    0x20000094   0x0800b154   0x00000008   Data   RW         1269    .data               rtx_conf_cm.o
    0x2000009c   0x0800b15c   0x00000019   Data   RW         1448    .data               stm32l1xx_rcc.o
    0x200000b5   0x0800b175   0x00000003   PAD
    0x200000b8   0x0800b178   0x00000008   Data   RW         1610    .data               RTX_CM3.lib(rt_task.o)
    0x200000c0   0x0800b180   0x00000004   Data   RW         1702    .data               RTX_CM3.lib(rt_time.o)
    0x200000c4   0x0800b184   0x00000001   Data   RW         1764    .data               RTX_CM3.lib(hal_cm3.o)
    0x200000c5   0x0800b185   0x00000003   PAD
    0x200000c8   0x0800b188   0x00000008   Data   RW         1811    .data               RTX_CM3.lib(rt_system.o)
    0x200000d0   0x0800b190   0x00000008   Data   RW         2129    .data               RTX_CM3.lib(rt_timer.o)
    0x200000d8   0x0800b198   0x00000004   Data   RW         2213    .data               c_w.l(strtok.o)
    0x200000dc   0x0800b19c   0x00000004   PAD
    0x200000e0        -       0x00001030   Zero   RW            5    .bss                main.o
    0x20001110        -       0x00000748   Zero   RW          220    .bss                testbench.o
    0x20001858        -       0x00001000   Zero   RW          269    .bss                ui.o
    0x20002858        -       0x00000540   Zero   RW          508    .bss                gpio.o
    0x20002d98        -       0x000000d0   Zero   RW          779    .bss                timer.o
    0x20002e68        -       0x00000a64   Zero   RW          921    .bss                uart.o
    0x200038cc   0x0800b19c   0x00000004   PAD
    0x200038d0        -       0x00000400   Zero   RW          946    .bss                wdt.o
    0x20003cd0        -       0x000001c0   Zero   RW         1139    .bss                taskmanager.o
    0x20003e90        -       0x00000240   Zero   RW         1170    .bss                tasktimer.o
    0x200040d0        -       0x00000e48   Zero   RW         1267    .bss                rtx_conf_cm.o
    0x20004f18        -       0x00000030   Zero   RW         1609    .bss                RTX_CM3.lib(rt_task.o)
    0x20004f48        -       0x00000030   Zero   RW         1894    .bss                RTX_CM3.lib(rt_list.o)
    0x20004f78        -       0x00000060   Zero   RW         2177    .bss                c_w.l(libspace.o)
    0x20004fd8        -       0x00002000   Zero   RW         1260    HEAP                startup_stm32l152xd.o
    0x20006fd8        -       0x00001000   Zero   RW         1259    STACK               startup_stm32l152xd.o


==============================================================================

Image component sizes


      Code (inc. data)   RO Data    RW Data    ZI Data      Debug   Object Name

       912         16          0          0          0       2582   adc.o
         0          0          0          0          0       4508   core_cm3.o
      1034         12        144          1          0       9450   datetype.o
      3370        116         44         36       1344      25406   gpio.o
      6262        796        552          6       4144     283973   main.o
       220         22          0          0          0     188233   misc.o
       440         16          0          0          0       1063   pwm.o
      1854         14          4          8          0      12451   rtc.o
       148         26         40          8       3656      10544   rtx_conf_cm.o
        64         26        292          0      12288        776   startup_stm32l152xd.o
      1332         20          0          0          0      22858   stm32l1xx_adc.o
       284         10          0          0          0       4619   stm32l1xx_exti.o
      1576         38          0          0          0       8127   stm32l1xx_flash.o
       492         24          0          0          0       8993   stm32l1xx_gpio.o
        64          6          0          0          0       1257   stm32l1xx_iwdg.o
       344         14          0          0          0       3996   stm32l1xx_pwr.o
      1160         40          0         25          0       9151   stm32l1xx_rcc.o
      2792         36          0          0          0      21214   stm32l1xx_rtc.o
       616         10          0          0          0       2817   stm32l1xx_syscfg.o
      2522         28          0          0          0      35748   stm32l1xx_tim.o
       904         14          0          0          0      13108   stm32l1xx_usart.o
       408         24          0         29          0      14967   system_stm32l1xx.o
       318         68          0          0          0       4864   tagbench.o
       900         54          0         24        448       4939   taskmanager.o
       420         24          0          1        576       2851   tasktimer.o
       260         14          0          0       1864       4912   testbench.o
      1162         22          4          1        208      13970   timer.o
      4332        300          0         23       2660      14836   uart.o
       184         36          0          4       4096       2479   ui.o
       280         16          0          2       1024       2011   wdt.o

    ----------------------------------------------------------------------
     34660       1842       1112        184      32312     736703   Object Totals
         0          0         32          0          0          0   (incl. Generated)
         6          0          0         16          4          0   (incl. Padding)

    ----------------------------------------------------------------------

      Code (inc. data)   RO Data    RW Data    ZI Data      Debug   Library Member Name

         4          4          0          0          0        140   SVC_Table.o
       516         56          0          1          0       2477   hal_cm3.o
        76          4          0          0          0        509   rt_event.o
       442         30          0          0         48       3806   rt_list.o
       192          4          0          0          0        609   rt_mailbox.o
       128          0          0          0          0       1497   rt_membox.o
       288         12          0          0          0       1569   rt_mutex.o
        52          6          0          0          0        453   rt_semaphore.o
       258         42          0          8          0       2974   rt_system.o
       928        160          0          8         48       6664   rt_task.o
         6          0          0          4          0        504   rt_time.o
        64          8          0          8          0        583   rt_timer.o
         8          0          0          0          0         68   __main.o
       104          0          0          0          0         84   __printf.o
         0          0          0          0          0          0   __rtentry.o
        12          0          0          0          0          0   __rtentry2.o
         6          0          0          0          0          0   __rtentry4.o
        52          8          0          0          0          0   __scatter.o
        26          0          0          0          0          0   __scatter_copy.o
        28          0          0          0          0          0   __scatter_zi.o
        44          0          0          0          0        108   _printf_char.o
        48          6          0          0          0         96   _printf_char_common.o
         6          0          0          0          0          0   _printf_d.o
       120         16          0          0          0         92   _printf_dec.o
       178          0          0          0          0         88   _printf_intcommon.o
         0          0          0          0          0          0   _printf_percent.o
         4          0          0          0          0          0   _printf_percent_end.o
         6          0          0          0          0          0   _printf_s.o
        82          0          0          0          0         80   _printf_str.o
        10          0          0          0          0         68   _sputc.o
        22          0          0          0          0         80   abort.o
        48         34          0          0          0         76   defsig_abrt_inner.o
        14          0          0          0          0         80   defsig_abrt_outer.o
        10          0          0          0          0         68   defsig_exit.o
        50          0          0          0          0         88   defsig_general.o
        48         34          0          0          0         76   defsig_pvfn_inner.o
        14          0          0          0          0         80   defsig_pvfn_outer.o
        80         58          0          0          0         76   defsig_rtmem_inner.o
        14          0          0          0          0         80   defsig_rtmem_outer.o
        18          0          0          0          0         80   exit.o
       158          0          0          0          0        128   h1_alloc_mt.o
        62          0          0          0          0         80   h1_extend_mt.o
       118          0          0          0          0        108   h1_free_mt.o
        18          0          0          0          0         84   h1_init_mt.o
         6          0          0          0          0        152   heapauxi.o
         4          0          0          0          0        136   hguard.o
         0          0          0          0          0          0   indicate_semi.o
        36         10          0          0          0         80   init_aeabi.o
       138          0          0          0          0        168   init_alloc.o
         2          0          0          0          0          0   libinit.o
        14          0          0          0          0          0   libinit2.o
         2          0          0          0          0          0   libshutdown.o
         2          0          0          0          0          0   libshutdown2.o
         8          4          0          0         96         68   libspace.o
         0          0          0          0          0          0   maybetermalloc1.o
        88          0          0          0          0         76   memcmp.o
        40          6          0          0          0         84   noretval__2sprintf.o
        10          0          0          0          0         76   rt_eh_globals_addr_twolibspace.o
        10          0          0          0          0         76   rt_heap_descriptor_twolibspace.o
        68          0          0          0          0         68   rt_memclr.o
        78          0          0          0          0         80   rt_memclr_w.o
       100          0          0          0          0         80   rt_memcpy_w.o
        10          0          0          0          0         76   rt_new_handler_addr_twolibspace.o
         2          0          0          0          0          0   rtexit.o
        10          0          0          0          0          0   rtexit2.o
       128          0          0          0          0         68   strcmpv7m.o
        72          0          0          0          0         80   strcpy.o
        32          0          0          0          0         80   strcspn.o
        62          0          0          0          0         76   strlen.o
        28          0          0          0          0         80   strspn.o
        12          6          0          4          0         68   strtok.o
        68          4          0          0          0         84   strtok_int.o
        12          4          0          0          0         68   sys_exit.o
        74          0          0          0          0         80   sys_stackheap_outer.o
        14          0          0          0          0         76   sys_wrch.o
         2          0          0          0          0         68   use_no_semi.o
        36          0          0          0          0         84   aeabi_vec_ctor_nocookie_nodtor.o
        80         12          0          0          0        104   arm_exceptions_globs.o
        60          0          0          0          0        108   arm_exceptions_mem.o
        26          0          0          0          0         76   arm_exceptions_terminate.o
         4          0          0          0          0         68   arm_newhandler_noexceptions.o
         0          0         32          0          0          0   lib_rtti_impl.o
        40          6          0          0          0         76   new.o
         6          0          0          0          0         68   pure_virt.o
        98          4          0          0          0         92   d2f.o
       804         16          0          0          0        272   daddsub_clz.o
        24          0          0          0          0         68   dcmpi.o
       688        140          0          0          0        208   ddiv.o
       120          4          0          0          0        104   dfixull.o
       138          0          0          0          0         84   dfltll_clz.o
       120          4          0          0          0         92   dleqf.o
       340         12          0          0          0        104   dmul.o
       156          4          0          0          0         92   dnaninf.o
        12          0          0          0          0         68   dretinf.o
       108          0          0          0          0         80   drleqf.o
        86          4          0          0          0         84   f2d.o
       388         76          0          0          0         96   fdiv.o
        86          0          0          0          0        136   fflt_clz.o
        96          0          0          0          0         84   ffltll_clz.o
       258          4          0          0          0         84   fmul.o
       140          4          0          0          0         84   fnaninf.o
        10          0          0          0          0         68   fretinf.o
         0          0          0          0          0          0   usenofp.o

    ----------------------------------------------------------------------
      9444        806         32         36        196      28185   Library Totals
        26          0          0          3          4          0   (incl. Padding)

    ----------------------------------------------------------------------

      Code (inc. data)   RO Data    RW Data    ZI Data      Debug   Library Name

      2954        326          0         29         96      21785   RTX_CM3.lib
      2540        190          0          4         96       3916   c_w.l
       252         18         32          0          0        584   cpprt_w.l
      3672        272          0          0          0       1900   fz_ws.l

    ----------------------------------------------------------------------
      9444        806         32         36        196      28185   Library Totals

    ----------------------------------------------------------------------

==============================================================================


      Code (inc. data)   RO Data    RW Data    ZI Data      Debug   

     44104       2648       1144        220      32508     753444   Grand Totals
     44104       2648       1144        220      32508     753444   ELF Image Totals
     44104       2648       1144        220          0          0   ROM Totals

==============================================================================

    Total RO  Size (Code + RO Data)                45248 (  44.19kB)
    Total RW  Size (RW Data + ZI Data)             32728 (  31.96kB)
    Total ROM Size (Code + RO Data + RW Data)      45468 (  44.40kB)

==============================================================================

